..................................................................................................................................................................................................................................usage: python3 -m unittest [-h] --proyecto RUTA [--hechos] [--html RUTA]
                           [--confiar-escalares]
python3 -m unittest: error: the following arguments are required: --proyecto
..................................................BIBLIOTECA INVÁLIDA — id inválido: 'SinPunto'. Va como `publicador.nombre`, en minúsculas ASCII
..................................................................................................................................................................................................................error del arnés durante descubrimiento: SystemExit: 0
error del arnés durante descubrimiento: RuntimeError: previsto
....error del arnés: falló la importación durante el descubrimiento
....
----------------------------------------------------------------------
Ran 1 test in 0.000s

OK
.
----------------------------------------------------------------------
Ran 1 test in 0.000s

OK
........
----------------------------------------------------------------------
Ran 1 test in 0.000s

OK
....................................................................................................................................................................................................................................................................................................................................................................................................................................................................................................................................................................................................................................................................................................................................................................................................................................................................................................................................................................................................................................................................................................................................................................................................................................................................................................................................Sensor incompleto: revisar configuración y artefactos; no se autoriza reintento automático.
.........................................................................................................................................................................................................................................................................................................................................................................................................................................................................................................................................................................................................................................................................................................................................................................................
----------------------------------------------------------------------
Ran 2545 tests in 102.805s

OK
cifras vencidas en README.md; ejecutá `python tools/cifras.py --actualizar`
README.md actualizado
CIFRAS OK
ruido: 0 mutantes sobrevivientes para «meta.sintaxis_cubre_algebra» — no se generó ningún caso (ya está fijada)
*** RONDA PARCIAL DE MUTACIÓN (filtro: --lineas 9999-9999) ***
objetivos: nucleo/aislamiento/escalares.py

objetivos: nucleo/aislamiento/escalares.py

2 respuestas; 2 pendientes de revisión humana
2 respuestas; 2 pendientes de revisión humana
2 respuestas; 2 pendientes de revisión humana
1 medidas preparadas; sin red
