objetivos: tools/tareas_consulta.py

     ·  tools/tareas_consulta.py:19:26:comparador            comparador: Lt → LtE
     ·  tools/tareas_consulta.py:20:26:comparador            comparador: LtE → Lt
     ·  tools/tareas_consulta.py:21:26:comparador            comparador: Gt → GtE
     ·  tools/tareas_consulta.py:22:26:comparador            comparador: GtE → Gt
     ·  tools/tareas_consulta.py:23:26:comparador            comparador: Eq → NotEq
     ·  tools/tareas_consulta.py:24:29:comparador            comparador: NotEq → Eq
     ·  tools/tareas_consulta.py:41:8:retorno                retorno: return <algo> → return None
     ·  tools/tareas_consulta.py:53:8:constante              constante: 0 → 1
     ·  tools/tareas_consulta.py:55:10:comparador            comparador: Lt → LtE
     ·  tools/tareas_consulta.py:58:17:constante             constante: 1 → 2
     ·  tools/tareas_consulta.py:60:11:comparador            comparador: In → NotIn
     ·  tools/tareas_consulta.py:62:17:constante             constante: 1 → 2
     ·  tools/tareas_consulta.py:65:14:booleano              booleano: and ↔ or
     ·  tools/tareas_consulta.py:65:14:comparador            comparador: Lt → LtE
     ·  tools/tareas_consulta.py:65:24:negacion              negacion: se borra el `not`
     ·  tools/tareas_consulta.py:65:52:comparador            comparador: NotIn → In
     ·  tools/tareas_consulta.py:66:17:constante             constante: 1 → 2
     ·  tools/tareas_consulta.py:68:4:retorno                retorno: return <algo> → return None
     ·  tools/tareas_consulta.py:92:8:retorno                retorno: return <algo> → return None
     ·  tools/tareas_consulta.py:92:15:constante             constante: True → False
     ·  tools/tareas_consulta.py:95:8:retorno                retorno: return <algo> → return None
     ·  tools/tareas_consulta.py:104:8:retorno               retorno: return <algo> → return None
     ·  tools/tareas_consulta.py:104:15:comparador           comparador: Gt → GtE
     ·  tools/tareas_consulta.py:104:38:constante            constante: 0 → 1
     ·  tools/tareas_consulta.py:107:8:retorno               retorno: return <algo> → return None
     ·  tools/tareas_consulta.py:120:8:retorno               retorno: return <algo> → return None
     ·  tools/tareas_consulta.py:120:19:comparador           comparador: Eq → NotEq
     ·  tools/tareas_consulta.py:123:8:retorno               retorno: return <algo> → return None
     ·  tools/tareas_consulta.py:133:8:retorno               retorno: return <algo> → return None
     ·  tools/tareas_consulta.py:133:15:comparador           comparador: Eq → NotEq
     ·  tools/tareas_consulta.py:136:8:retorno               retorno: return <algo> → return None
     ·  tools/tareas_consulta.py:145:8:retorno               retorno: return <algo> → return None
     ·  tools/tareas_consulta.py:148:8:retorno               retorno: return <algo> → return None
     ·  tools/tareas_consulta.py:158:8:retorno               retorno: return <algo> → return None
     ·  tools/tareas_consulta.py:161:8:retorno               retorno: return <algo> → return None
     ·  tools/tareas_consulta.py:171:8:retorno               retorno: return <algo> → return None
     ·  tools/tareas_consulta.py:171:15:negacion             negacion: se borra el `not`
     ·  tools/tareas_consulta.py:174:8:retorno               retorno: return <algo> → return None
     ·  tools/tareas_consulta.py:186:8:retorno               retorno: return <algo> → return None
     ·  tools/tareas_consulta.py:189:8:retorno               retorno: return <algo> → return None
     ·  tools/tareas_consulta.py:200:8:retorno               retorno: return <algo> → return None
     ·  tools/tareas_consulta.py:200:15:booleano             booleano: and ↔ or
     ·  tools/tareas_consulta.py:203:8:retorno               retorno: return <algo> → return None
     ·  tools/tareas_consulta.py:214:8:retorno               retorno: return <algo> → return None
     ·  tools/tareas_consulta.py:214:15:booleano             booleano: and ↔ or
     ·  tools/tareas_consulta.py:217:8:retorno               retorno: return <algo> → return None
     ·  tools/tareas_consulta.py:226:19:constante            constante: 0 → 1
     ·  tools/tareas_consulta.py:229:11:comparador           comparador: Lt → LtE
     ·  tools/tareas_consulta.py:230:12:retorno              retorno: return <algo> → return None
     ·  tools/tareas_consulta.py:235:20:constante            constante: 1 → 2
     ·  tools/tareas_consulta.py:236:8:retorno               retorno: return <algo> → return None
     ·  tools/tareas_consulta.py:239:11:negacion             negacion: se borra el `not`
     ·  tools/tareas_consulta.py:244:12:retorno              retorno: return <algo> → return None
     ·  tools/tareas_consulta.py:246:11:comparador           comparador: Lt → LtE
     ·  tools/tareas_consulta.py:253:11:comparador           comparador: NotEq → Eq
     ·  tools/tareas_consulta.py:259:8:retorno               retorno: return <algo> → return None
     ·  tools/tareas_consulta.py:263:14:constante            constante: True → False
     ·  tools/tareas_consulta.py:265:15:booleano             booleano: and ↔ or
     ·  tools/tareas_consulta.py:265:23:comparador           comparador: Eq → NotEq
     ·  tools/tareas_consulta.py:267:19:comparador           comparador: NotEq → Eq
     ·  tools/tareas_consulta.py:274:19:comparador           comparador: NotEq → Eq
     ·  tools/tareas_consulta.py:283:8:retorno               retorno: return <algo> → return None
     ·  tools/tareas_consulta.py:287:14:constante            constante: True → False
     ·  tools/tareas_consulta.py:289:15:booleano             booleano: and ↔ or
     ·  tools/tareas_consulta.py:289:23:comparador           comparador: Eq → NotEq
     ·  tools/tareas_consulta.py:291:19:comparador           comparador: NotEq → Eq
     ·  tools/tareas_consulta.py:298:19:comparador           comparador: NotEq → Eq
     ·  tools/tareas_consulta.py:307:8:retorno               retorno: return <algo> → return None
     ·  tools/tareas_consulta.py:311:14:constante            constante: True → False
     ·  tools/tareas_consulta.py:313:15:booleano             booleano: and ↔ or
     ·  tools/tareas_consulta.py:313:23:comparador           comparador: In → NotIn
     ·  tools/tareas_consulta.py:315:19:comparador           comparador: NotEq → Eq
     ·  tools/tareas_consulta.py:322:19:comparador           comparador: NotEq → Eq
     ·  tools/tareas_consulta.py:333:8:retorno               retorno: return <algo> → return None
     ·  tools/tareas_consulta.py:337:11:comparador           comparador: Is → IsNot
     ·  tools/tareas_consulta.py:344:11:comparador           comparador: Eq → NotEq
     ·  tools/tareas_consulta.py:347:15:comparador           comparador: NotEq → Eq
     ·  tools/tareas_consulta.py:353:12:retorno              retorno: return <algo> → return None
     ·  tools/tareas_consulta.py:355:11:comparador           comparador: Eq → NotEq
     ·  tools/tareas_consulta.py:359:15:booleano             booleano: and ↔ or
     ·  tools/tareas_consulta.py:359:15:comparador           comparador: Is → IsNot
     ·  tools/tareas_consulta.py:359:37:comparador           comparador: NotEq → Eq
     ·  tools/tareas_consulta.py:366:12:retorno              retorno: return <algo> → return None
     ·  tools/tareas_consulta.py:368:11:comparador           comparador: Eq → NotEq
     ·  tools/tareas_consulta.py:377:33:constante            constante: 1 → 2
     ·  tools/tareas_consulta.py:378:15:negacion             negacion: se borra el `not`
     ·  tools/tareas_consulta.py:384:12:retorno              retorno: return <algo> → return None
     ·  tools/tareas_consulta.py:386:11:comparador           comparador: Eq → NotEq
     ·  tools/tareas_consulta.py:388:12:retorno              retorno: return <algo> → return None
     ·  tools/tareas_consulta.py:390:11:comparador           comparador: Eq → NotEq
     ·  tools/tareas_consulta.py:392:12:retorno              retorno: return <algo> → return None
     ·  tools/tareas_consulta.py:394:11:comparador           comparador: Eq → NotEq
     ·  tools/tareas_consulta.py:396:12:retorno              retorno: return <algo> → return None
     ·  tools/tareas_consulta.py:400:12:retorno              retorno: return <algo> → return None
     ·  tools/tareas_consulta.py:404:12:retorno              retorno: return <algo> → return None
     ·  tools/tareas_consulta.py:421:8:retorno               retorno: return <algo> → return None
     ·  tools/tareas_consulta.py:425:11:negacion             negacion: se borra el `not`
     ·  tools/tareas_consulta.py:432:8:retorno               retorno: return <algo> → return None
     ·  tools/tareas_consulta.py:440:4:retorno               retorno: return <algo> → return None

mutantes: 99 · murieron 99 · sobrevivieron 0 · timeout 0 · errores de arnés 0 · equivalentes declarados: 0
  ✓ proceso.codigo_con_mutante_que_lo_mata       valor 0 (<= 0)
  ✓ proceso.ronda_mutacion_concluyente           valor 0 (<= 0)
  ✗ proceso.test_con_mutante_que_lo_mata         valor 0 (<= 0)
  ✓ proceso.arnes_con_bytecode_frio              valor 0 (<= 0)

Todos los mutantes murieron: los tests fijan el código del núcleo.
