objetivos: oracle_metalenguaje/motor.py

     ·  oracle_metalenguaje/motor.py:45:7:comparador         comparador: Is → IsNot
     ·  oracle_metalenguaje/motor.py:51:4:retorno            retorno: return <algo> → return None
     ·  oracle_metalenguaje/motor.py:55:7:comparador         comparador: Is → IsNot
     ·  oracle_metalenguaje/motor.py:58:8:retorno            retorno: return <algo> → return None
     ·  oracle_metalenguaje/motor.py:59:7:negacion           negacion: se borra el `not`
     ·  oracle_metalenguaje/motor.py:61:4:retorno            retorno: return <algo> → return None
     ·  oracle_metalenguaje/motor.py:65:7:comparador         comparador: Is → IsNot
     ·  oracle_metalenguaje/motor.py:66:8:retorno            retorno: return <algo> → return None
     ·  oracle_metalenguaje/motor.py:67:7:negacion           negacion: se borra el `not`
     ·  oracle_metalenguaje/motor.py:69:4:retorno            retorno: return <algo> → return None
     ·  oracle_metalenguaje/motor.py:94:15:negacion          negacion: se borra el `not`
     ·  oracle_metalenguaje/motor.py:98:50:comparador        comparador: Gt → GtE
     ·  oracle_metalenguaje/motor.py:98:67:constante         constante: 1 → 2
     ·  oracle_metalenguaje/motor.py:111:8:retorno           retorno: return <algo> → return None
     ·  oracle_metalenguaje/motor.py:118:8:retorno           retorno: return <algo> → return None
     ·  oracle_metalenguaje/motor.py:135:8:retorno           retorno: return <algo> → return None
     ·  oracle_metalenguaje/motor.py:138:63:constante        constante: False → True
     ·  oracle_metalenguaje/motor.py:142:11:negacion         negacion: se borra el `not`
     ·  oracle_metalenguaje/motor.py:165:8:retorno           retorno: return <algo> → return None
     ·  oracle_metalenguaje/motor.py:171:8:retorno           retorno: return <algo> → return None
     ·  oracle_metalenguaje/motor.py:176:8:retorno           retorno: return <algo> → return None
     ·  oracle_metalenguaje/motor.py:180:11:negacion         negacion: se borra el `not`
     ·  oracle_metalenguaje/motor.py:183:8:retorno           retorno: return <algo> → return None

mutantes: 23 · murieron 23 · sobrevivieron 0 · timeout 0 · errores de arnés 0 · equivalentes declarados: 0
  ✓ proceso.codigo_con_mutante_que_lo_mata       valor 0 (<= 0)
  ✓ proceso.ronda_mutacion_concluyente           valor 0 (<= 0)
  ✓ proceso.arnes_con_bytecode_frio              valor 0 (<= 0)

  1 medida(s) NO pudieron juzgar esta evidencia — la relación estaba, los campos no:
    · proceso.test_con_mutante_que_lo_mata: «==» sobre un valor ausente: ['==', ['campo', 'm', 'detecciones_conductuales'], 0] en `2.2.1.1`

Todos los mutantes murieron: los tests fijan el código del núcleo.
