SIN diferencial/:
PROYECTO INVÁLIDO — falta `diferencial/`

VEREDICTO: ROJO (estructura de proyecto inválida)

CON diferencial/:
UNITARIOS: salteados (sólo aplican al propio Oracle)

CORPUS OK · 2 casos · esquema, evidencia L0 y trazabilidad en regla

SINTAXIS OK · 1 medidas · 0 macros · 2 casos · 0 relaciones

catálogo: 1 medidas · corpus: 2 casos

  ROJO  001-vencida-sin-nadie                  tareas.vencida_sin_dueno  (valor 1)
  verde 002-vencida-con-dueno                  tareas.vencida_sin_dueno  (valor 0)

defectos que se pusieron rojos: 1 · verdes correctos: 1 · sin evidencia esperada: 0 · huecos declarados: 0

nivel meta — el marco medido con sus propias medidas:

ACEPTACIÓN ✓ — 1 defectos en rojo, 0 sin evidencia esperada, 1 verdes correctos, 0 huecos declarados sin tapar

DIFERENCIAL: salteado (el proyecto no tiene fixtures en diferencial/ todavía)

mutantes de medida (medida × mutador): 14 · murieron 14 · sobrevivieron 0
  con 30 mutadores: 6 de quien escribió el lenguaje y 24 de otro autor (ver https://github.com/Segtem/oracle/blob/main/docs/decisiones/DECISION-011-LOS-MUTADORES-TIENEN-AUTOR.md)
  de los muertos: 14 por conducta (invirtió el veredicto, cambió testigos o cambió el valor) · 0 rechazados por el álgebra sin evaluar
  respaldo real: 0 de 14 muertos los mata al menos un caso observado; 14 sólo los sostiene evidencia construida, generada, sin procedencia o diferencial
detecciones evaluadas (mutante × caso): 28

sin políticas meta activas — se informa sólo el resultado operativo

MUTACIÓN DE CÓDIGO: salteada (sólo aplica al propio Oracle)

ALCANCE: verificación de medidas contra casos guardados del corpus.
PRODUCTO: sin nueva medición; la aceptación no reejecuta los comandos de origen ni el producto. El resultado no certifica su estado actual.
VEREDICTO: VERDE (todas las verificaciones aplicables en regla)
