objetivos: nucleo/marco.py

     ·  nucleo/marco.py:89:7:negacion                        negacion: se borra el `not`
     ·  nucleo/marco.py:93:8:retorno                         retorno: return <algo> → return None
     ·  nucleo/marco.py:94:4:retorno                         retorno: return <algo> → return None
     ·  nucleo/marco.py:97:31:comparador                     comparador: In → NotIn
     ·  nucleo/marco.py:98:29:comparador                     comparador: In → NotIn
     ·  nucleo/marco.py:119:7:negacion                       negacion: se borra el `not`
     ·  nucleo/marco.py:123:8:retorno                        retorno: return <algo> → return None
     ·  nucleo/marco.py:124:4:retorno                        retorno: return <algo> → return None
     ·  nucleo/marco.py:125:58:comparador                    comparador: In → NotIn
     ·  nucleo/marco.py:140:7:negacion                       negacion: se borra el `not`
     ·  nucleo/marco.py:141:8:retorno                        retorno: return <algo> → return None
     ·  nucleo/marco.py:142:4:retorno                        retorno: return <algo> → return None
     ·  nucleo/marco.py:144:33:comparador                    comparador: In → NotIn
     ·  nucleo/marco.py:162:7:negacion                       negacion: se borra el `not`
     ·  nucleo/marco.py:163:8:retorno                        retorno: return <algo> → return None
     ·  nucleo/marco.py:165:4:retorno                        retorno: return <algo> → return None
     ·  nucleo/marco.py:168:25:comparador                    comparador: In → NotIn
     ·  nucleo/marco.py:181:4:retorno                        retorno: return <algo> → return None
     ·  nucleo/marco.py:181:11:booleano                      booleano: and ↔ or
     ·  nucleo/marco.py:181:11:negacion                      negacion: se borra el `not`
     ·  nucleo/marco.py:187:7:booleano                       booleano: and ↔ or
     ·  nucleo/marco.py:187:34:negacion                      negacion: se borra el `not`
     ·  nucleo/marco.py:188:8:retorno                        retorno: return <algo> → return None
     ·  nucleo/marco.py:188:16:constante                     constante: 1 → 2
     ·  nucleo/marco.py:189:4:retorno                        retorno: return <algo> → return None
     ·  nucleo/marco.py:206:10:booleano                      booleano: and ↔ or
     ·  nucleo/marco.py:207:14:booleano                      booleano: and ↔ or
     ·  nucleo/marco.py:214:20:constante                     constante: 1 → 2
     ·  nucleo/marco.py:223:61:constante                     constante: False → True
     ·  nucleo/marco.py:224:22:comparador                    comparador: In → NotIn
     ·  nucleo/marco.py:240:28:comparador                    comparador: GtE → Gt
     ·  nucleo/marco.py:240:44:constante                     constante: 0 → 1
     ·  nucleo/marco.py:248:30:booleano                      booleano: and ↔ or
     ·  nucleo/marco.py:248:30:comparador                    comparador: GtE → Gt
     ·  nucleo/marco.py:248:46:constante                     constante: 0 → 1
     ·  nucleo/marco.py:248:52:comparador                    comparador: Gt → GtE
     ·  nucleo/marco.py:250:4:retorno                        retorno: return <algo> → return None
     ·  nucleo/marco.py:263:7:negacion                       negacion: se borra el `not`
     ·  nucleo/marco.py:264:8:retorno                        retorno: return <algo> → return None
     ·  nucleo/marco.py:264:15:constante                     constante: False → True
     ·  nucleo/marco.py:269:4:retorno                        retorno: return <algo> → return None
     ·  nucleo/marco.py:269:15:booleano                      booleano: and ↔ or
     ·  nucleo/marco.py:276:14:booleano                      booleano: and ↔ or
     ·  nucleo/marco.py:277:17:booleano                      booleano: and ↔ or
     ·  nucleo/marco.py:277:31:comparador                    comparador: In → NotIn
     ·  nucleo/marco.py:278:19:comparador                    comparador: Eq → NotEq
  VIVO  nucleo/marco.py:286:22:negacion                      negacion: se borra el `not`
     ·  nucleo/marco.py:300:32:comparador                    comparador: Eq → NotEq
     ·  nucleo/marco.py:302:53:constante                     constante: False → True
     ·  nucleo/marco.py:305:4:retorno                        retorno: return <algo> → return None
     ·  nucleo/marco.py:325:23:booleano                      booleano: and ↔ or
     ·  nucleo/marco.py:326:16:booleano                      booleano: and ↔ or
     ·  nucleo/marco.py:331:38:constante                     constante: 0 → 1
     ·  nucleo/marco.py:333:14:booleano                      booleano: and ↔ or
     ·  nucleo/marco.py:334:11:comparador                    comparador: In → NotIn
     ·  nucleo/marco.py:335:30:constante                     constante: 1 → 2
     ·  nucleo/marco.py:336:42:comparador                    comparador: In → NotIn
     ·  nucleo/marco.py:336:37:constante                     constante: 1 → 2
     ·  nucleo/marco.py:336:71:constante                     constante: 0 → 1
     ·  nucleo/marco.py:338:34:constante                     constante: 0 → 1
     ·  nucleo/marco.py:339:34:constante                     constante: 0 → 1
     ·  nucleo/marco.py:340:26:booleano                      booleano: and ↔ or
     ·  nucleo/marco.py:341:11:negacion                      negacion: se borra el `not`
     ·  nucleo/marco.py:344:11:booleano                      booleano: and ↔ or
     ·  nucleo/marco.py:344:11:negacion                      negacion: se borra el `not`
     ·  nucleo/marco.py:344:39:comparador                    comparador: NotIn → In
     ·  nucleo/marco.py:347:15:booleano                      booleano: and ↔ or
     ·  nucleo/marco.py:347:15:comparador                    comparador: IsNot → Is
     ·  nucleo/marco.py:347:37:comparador                    comparador: Lt → LtE
     ·  nucleo/marco.py:347:41:constante                     constante: 0 → 1
     ·  nucleo/marco.py:351:22:constante                     constante: 1 → 2
     ·  nucleo/marco.py:354:11:negacion                      negacion: se borra el `not`
     ·  nucleo/marco.py:355:26:constante                     constante: 1 → 2
     ·  nucleo/marco.py:361:4:retorno                        retorno: return <algo> → return None
     ·  nucleo/marco.py:363:54:comparador                    comparador: In → NotIn
     ·  nucleo/marco.py:364:32:booleano                      booleano: and ↔ or
     ·  nucleo/marco.py:364:32:comparador                    comparador: NotIn → In
     ·  nucleo/marco.py:364:57:comparador                    comparador: Gt → GtE
     ·  nucleo/marco.py:364:74:constante                     constante: 0 → 1

mutantes: 79 · murieron 78 · sobrevivieron 1 · timeout 0 · errores de arnés 0 · equivalentes declarados: 0
  ✗ proceso.codigo_con_mutante_que_lo_mata       valor 1 (<= 0)
  ✓ proceso.ronda_mutacion_concluyente           valor 0 (<= 0)
  ✗ proceso.test_con_mutante_que_lo_mata         valor 0 (<= 0)
  ✓ proceso.arnes_con_bytecode_frio              valor 0 (<= 0)

CÓDIGO QUE NINGÚN TEST FIJA:
  · nucleo/marco.py:286:22:negacion
      negacion: se borra el `not`

Cada uno es un test que falta, o un mutante equivalente que hay que DECLARAR en
equivalentes.json con su razón escrita. Declararlo sin razón es una excusa.
