objetivos: nucleo/campo_leido.py

     ·  nucleo/campo_leido.py:32:55:constante                constante: 1 → 2
     ·  nucleo/campo_leido.py:34:11:negacion                 negacion: se borra el `not`
     ·  nucleo/campo_leido.py:35:30:constante                constante: 2 → 3
     ·  nucleo/campo_leido.py:35:44:constante                constante: 1 → 2
     ·  nucleo/campo_leido.py:36:4:retorno                   retorno: return <algo> → return None
     ·  nucleo/campo_leido.py:41:7:booleano                  booleano: and ↔ or
     ·  nucleo/campo_leido.py:41:7:negacion                  negacion: se borra el `not`
     ·  nucleo/campo_leido.py:41:37:negacion                 negacion: se borra el `not`
     ·  nucleo/campo_leido.py:43:7:booleano                  booleano: and ↔ or
     ·  nucleo/campo_leido.py:43:7:comparador                comparador: Eq → NotEq
     ·  nucleo/campo_leido.py:43:20:constante                constante: 3 → 4
     ·  nucleo/campo_leido.py:43:26:comparador               comparador: Eq → NotEq
     ·  nucleo/campo_leido.py:43:31:constante                constante: 0 → 1
     ·  nucleo/campo_leido.py:44:19:constante                constante: 1 → 2
     ·  nucleo/campo_leido.py:44:28:constante                constante: 2 → 3
     ·  nucleo/campo_leido.py:67:11:negacion                 negacion: se borra el `not`
     ·  nucleo/campo_leido.py:72:15:comparador               comparador: Is → IsNot
     ·  nucleo/campo_leido.py:75:25:constante                constante: False → True
     ·  nucleo/campo_leido.py:76:17:comparador               comparador: In → NotIn
     ·  nucleo/campo_leido.py:81:26:comparador               comparador: In → NotIn
     ·  nucleo/campo_leido.py:82:17:comparador               comparador: In → NotIn
     ·  nucleo/campo_leido.py:85:26:comparador               comparador: In → NotIn
     ·  nucleo/campo_leido.py:89:25:constante                constante: False → True
     ·  nucleo/campo_leido.py:99:4:retorno                   retorno: return <algo> → return None

mutantes: 24 · murieron 24 · sobrevivieron 0 · timeout 0 · errores de arnés 0 · equivalentes declarados: 0
  ✓ proceso.codigo_con_mutante_que_lo_mata       valor 0 (<= 0)
  ✓ proceso.ronda_mutacion_concluyente           valor 0 (<= 0)
  ✗ proceso.test_con_mutante_que_lo_mata         valor 0 (<= 0)
  ✓ proceso.arnes_con_bytecode_frio              valor 0 (<= 0)

Todos los mutantes murieron: los tests fijan el código del núcleo.
