INSTALACIÓN: se reutiliza oracle 0.38.0 aislado que instaló agy2; no se repite la descarga.
$ oracle init batalla-naval | código 0
Proyecto Oracle inicializado en /tmp/oracle-cierre-novato/recorrido-html-final/batalla-naval:
  · catalogos/
  · corpus/
  · diferencial/
  · relaciones/
  · oracle.json

Próximos pasos:
  1. Creá un caso:     oracle caso <grupo/id>
  2. Creá una medida:  oracle nueva <dominio.nombre>
  3. Verificá todo:    oracle test

$ oracle test | código 0
UNITARIOS: salteados (sólo aplican al propio Oracle)

CORPUS: sin casos guardados para verificar
SINTAXIS: salteado (sin medidas ni casos todavía)
ACEPTACIÓN: salteado (sin medidas ni casos todavía)
DIFERENCIAL: salteado (el proyecto no tiene fixtures en diferencial/ todavía)
MUTACIÓN: salteada (sin medidas todavía)

MUTACIÓN DE CÓDIGO: salteada (sólo aplica al propio Oracle)

PRODUCTO: sin nueva medición; no se ejecutó el producto.
VEREDICTO: SIN MEDICIÓN (advertencia: proyecto vacío: 0 medidas propias, 0 casos, 0 fixtures diferenciales)

$ oracle test | código 1
UNITARIOS: salteados (sólo aplican al propio Oracle)

CORPUS OK · 1 casos · esquema, evidencia L0 y trazabilidad en regla

SINTAXIS OK · 0 medidas · 0 macros · 1 casos · 0 relaciones

catálogo: 0 medidas · corpus: 1 casos


defectos que se pusieron rojos: 0 · verdes correctos: 0 · sin evidencia esperada: 0 · huecos declarados: 0

nivel meta — el marco medido con sus propias medidas:

ACEPTACIÓN ✗ — 1 problema(s)
  · 005-barco-fila-desbordada: reclama la medida «naval.barcos_dentro_del_tablero» y no está en el catálogo

DIFERENCIAL: salteado (el proyecto no tiene fixtures en diferencial/ todavía)

MUTACIÓN: salteada (sin medidas todavía)

MUTACIÓN DE CÓDIGO: salteada (sólo aplica al propio Oracle)

ALCANCE: verificación de medidas contra casos guardados del corpus.
PRODUCTO: sin nueva medición; la aceptación no reejecuta los comandos de origen ni el producto. El resultado no certifica su estado actual.
VEREDICTO: ROJO (falló: aceptación)

$ oracle formatear . --escribir | código 0
catalogos/naval/naval.barcos_dentro_del_tablero.oracle: ya tiene forma única
corpus/naval/005-barco-fila-desbordada.caso: ya tiene forma única

$ oracle test | código 1
UNITARIOS: salteados (sólo aplican al propio Oracle)

CORPUS OK · 1 casos · esquema, evidencia L0 y trazabilidad en regla

SINTAXIS OK · 1 medidas · 0 macros · 1 casos · 0 relaciones

catálogo: 1 medidas · corpus: 1 casos

  ROJO  005-barco-fila-desbordada              naval.barcos_dentro_del_tablero  (valor 1)

defectos que se pusieron rojos: 1 · verdes correctos: 0 · sin evidencia esperada: 0 · huecos declarados: 0

nivel meta — el marco medido con sus propias medidas:

ACEPTACIÓN ✓ — 1 defectos en rojo, 0 sin evidencia esperada, 0 verdes correctos, 0 huecos declarados sin tapar

DIFERENCIAL: salteado (el proyecto no tiene fixtures en diferencial/ todavía)

mutantes de medida (medida × mutador): 18 · murieron 10 · sobrevivieron 8
  con 30 mutadores: 6 de quien escribió el lenguaje y 24 de otro autor (ver https://github.com/Segtem/oracle/blob/main/docs/decisiones/DECISION-011-LOS-MUTADORES-TIENEN-AUTOR.md)
  de los muertos: 10 por conducta (invirtió el veredicto, cambió testigos o cambió el valor) · 0 rechazados por el álgebra sin evaluar
  respaldo real: 0 de 10 muertos los mata al menos un caso observado; 10 sólo los sostiene evidencia construida, generada, sin procedencia o diferencial
detecciones evaluadas (mutante × caso): 18

sin políticas meta activas — se informa sólo el resultado operativo

lo que el corpus NO fija — ningún caso detecta estas mutaciones:
  · mutar «quitar_filtro» en naval.barcos_dentro_del_tablero pasa inadvertido
  · mutar «alejar_limite_de_defecto» en naval.barcos_dentro_del_tablero pasa inadvertido
  · mutar «expresion:comparador@2.2.1.1:<→>=» en naval.barcos_dentro_del_tablero pasa inadvertido
  · mutar «expresion:comparador@2.2.1.3:<→>=» en naval.barcos_dentro_del_tablero pasa inadvertido
  · mutar «expresion:comparador@2.2.1.4:>→<=» en naval.barcos_dentro_del_tablero pasa inadvertido
  · mutar «campo:2.2.1.1.1.2:fila→columna» en naval.barcos_dentro_del_tablero pasa inadvertido
  · mutar «campo:2.2.1.3.1.2:columna→fila» en naval.barcos_dentro_del_tablero pasa inadvertido
  · mutar «campo:2.2.1.4.1.2:columna→fila» en naval.barcos_dentro_del_tablero pasa inadvertido

Se tapa agregando un caso que SÍ lo note o declarando una equivalencia individual
demostrable; nunca debilitando el mutador. La polaridad y el borde también importan:
`quitar_filtro` suele pedir un verde; `aflojar_umbral`, un rojo junto al límite.

MUTACIÓN DE CÓDIGO: salteada (sólo aplica al propio Oracle)

ALCANCE: verificación de medidas contra casos guardados del corpus.
PRODUCTO: sin nueva medición; la aceptación no reejecuta los comandos de origen ni el producto. El resultado no certifica su estado actual.
VEREDICTO: ROJO (falló: mutación)

$ oracle test | código 1
UNITARIOS: salteados (sólo aplican al propio Oracle)

CORPUS OK · 2 casos · esquema, evidencia L0 y trazabilidad en regla

SINTAXIS OK · 1 medidas · 0 macros · 2 casos · 0 relaciones

catálogo: 1 medidas · corpus: 2 casos

  ROJO  005-barco-fila-desbordada              naval.barcos_dentro_del_tablero  (valor 1)
  verde 006-barco-en-borde                     naval.barcos_dentro_del_tablero  (valor 0)

defectos que se pusieron rojos: 1 · verdes correctos: 1 · sin evidencia esperada: 0 · huecos declarados: 0

nivel meta — el marco medido con sus propias medidas:

ACEPTACIÓN ✓ — 1 defectos en rojo, 0 sin evidencia esperada, 1 verdes correctos, 0 huecos declarados sin tapar

DIFERENCIAL: salteado (el proyecto no tiene fixtures en diferencial/ todavía)

mutantes de medida (medida × mutador): 18 · murieron 14 · sobrevivieron 4
  con 30 mutadores: 6 de quien escribió el lenguaje y 24 de otro autor (ver https://github.com/Segtem/oracle/blob/main/docs/decisiones/DECISION-011-LOS-MUTADORES-TIENEN-AUTOR.md)
  de los muertos: 14 por conducta (invirtió el veredicto, cambió testigos o cambió el valor) · 0 rechazados por el álgebra sin evaluar
  respaldo real: 0 de 14 muertos los mata al menos un caso observado; 14 sólo los sostiene evidencia construida, generada, sin procedencia o diferencial
detecciones evaluadas (mutante × caso): 36

sin políticas meta activas — se informa sólo el resultado operativo

lo que el corpus NO fija — ningún caso detecta estas mutaciones:
  · mutar «alejar_limite_de_defecto» en naval.barcos_dentro_del_tablero pasa inadvertido
  · mutar «campo:2.2.1.1.1.2:fila→columna» en naval.barcos_dentro_del_tablero pasa inadvertido
  · mutar «campo:2.2.1.3.1.2:columna→fila» en naval.barcos_dentro_del_tablero pasa inadvertido
  · mutar «campo:2.2.1.4.1.2:columna→fila» en naval.barcos_dentro_del_tablero pasa inadvertido

Se tapa agregando un caso que SÍ lo note o declarando una equivalencia individual
demostrable; nunca debilitando el mutador. La polaridad y el borde también importan:
`quitar_filtro` suele pedir un verde; `aflojar_umbral`, un rojo junto al límite.

MUTACIÓN DE CÓDIGO: salteada (sólo aplica al propio Oracle)

ALCANCE: verificación de medidas contra casos guardados del corpus.
PRODUCTO: sin nueva medición; la aceptación no reejecuta los comandos de origen ni el producto. El resultado no certifica su estado actual.
VEREDICTO: ROJO (falló: mutación)

$ oracle test | código 0
UNITARIOS: salteados (sólo aplican al propio Oracle)

CORPUS OK · 5 casos · esquema, evidencia L0 y trazabilidad en regla

SINTAXIS OK · 1 medidas · 0 macros · 5 casos · 0 relaciones

catálogo: 1 medidas · corpus: 5 casos

  ROJO  005-barco-fila-desbordada              naval.barcos_dentro_del_tablero  (valor 1)
  verde 006-barco-en-borde                     naval.barcos_dentro_del_tablero  (valor 0)
  ROJO  026-barco-columna-desbordada           naval.barcos_dentro_del_tablero  (valor 1)
  ROJO  027-barco-fila-negativa                naval.barcos_dentro_del_tablero  (valor 1)
  ROJO  028-barco-columna-negativa             naval.barcos_dentro_del_tablero  (valor 1)

defectos que se pusieron rojos: 4 · verdes correctos: 1 · sin evidencia esperada: 0 · huecos declarados: 0

nivel meta — el marco medido con sus propias medidas:

ACEPTACIÓN ✓ — 4 defectos en rojo, 0 sin evidencia esperada, 1 verdes correctos, 0 huecos declarados sin tapar

DIFERENCIAL: salteado (el proyecto no tiene fixtures en diferencial/ todavía)

mutantes de medida (medida × mutador): 18 · murieron 18 · sobrevivieron 0
  con 30 mutadores: 6 de quien escribió el lenguaje y 24 de otro autor (ver https://github.com/Segtem/oracle/blob/main/docs/decisiones/DECISION-011-LOS-MUTADORES-TIENEN-AUTOR.md)
  de los muertos: 18 por conducta (invirtió el veredicto, cambió testigos o cambió el valor) · 0 rechazados por el álgebra sin evaluar
  respaldo real: 0 de 18 muertos los mata al menos un caso observado; 18 sólo los sostiene evidencia construida, generada, sin procedencia o diferencial
detecciones evaluadas (mutante × caso): 90

sin políticas meta activas — se informa sólo el resultado operativo

MUTACIÓN DE CÓDIGO: salteada (sólo aplica al propio Oracle)

ALCANCE: verificación de medidas contra casos guardados del corpus.
PRODUCTO: sin nueva medición; la aceptación no reejecuta los comandos de origen ni el producto. El resultado no certifica su estado actual.
VEREDICTO: VERDE (todas las verificaciones aplicables en regla)

$ oracle test | código 1
UNITARIOS: salteados (sólo aplican al propio Oracle)

CORPUS OK · 7 casos · esquema, evidencia L0 y trazabilidad en regla

MEDIDAS SIN CASOS ✗ — 9 medida(s) propias sin ejercitar:
  · naval.alternancia_turnos: escribí un caso rojo y uno verde que ejerzan esta medida
  · naval.barcos_sin_solapamiento: escribí un caso rojo y uno verde que ejerzan esta medida
  · naval.fin_de_juego_sin_tiros_posteriores: escribí un caso rojo y uno verde que ejerzan esta medida
  · naval.flota_reglamentaria: escribí un caso rojo y uno verde que ejerzan esta medida
  · naval.ganador_legitimo: escribí un caso rojo y uno verde que ejerzan esta medida
  · naval.tiros_sin_repeticion: escribí un caso rojo y uno verde que ejerzan esta medida
  · naval.turnos_sin_huecos: escribí un caso rojo y uno verde que ejerzan esta medida
  · naval.veracidad_impacto_negativo: escribí un caso rojo y uno verde que ejerzan esta medida
  · naval.veracidad_impacto_positivo: escribí un caso rojo y uno verde que ejerzan esta medida

SINTAXIS OK · 11 medidas · 0 macros · 7 casos · 0 relaciones

catálogo: 11 medidas · corpus: 7 casos

  ROJO  001-tiro-fuera-de-tablero              naval.tiros_dentro_del_tablero  (valor 1)
  verde 002-tiro-valido                        naval.tiros_dentro_del_tablero  (valor 0)
  ROJO  005-barco-fila-desbordada              naval.barcos_dentro_del_tablero  (valor 1)
  verde 006-barco-en-borde                     naval.barcos_dentro_del_tablero  (valor 0)
  ROJO  026-barco-columna-desbordada           naval.barcos_dentro_del_tablero  (valor 1)
  ROJO  027-barco-fila-negativa                naval.barcos_dentro_del_tablero  (valor 1)
  ROJO  028-barco-columna-negativa             naval.barcos_dentro_del_tablero  (valor 1)

defectos que se pusieron rojos: 5 · verdes correctos: 2 · sin evidencia esperada: 0 · huecos declarados: 0

nivel meta — el marco medido con sus propias medidas:

ACEPTACIÓN ✓ — 5 defectos en rojo, 0 sin evidencia esperada, 2 verdes correctos, 0 huecos declarados sin tapar

DIFERENCIAL: salteado (el proyecto no tiene fixtures en diferencial/ todavía)

mutantes de medida (medida × mutador): 36 · murieron 32 · sobrevivieron 4
  con 30 mutadores: 6 de quien escribió el lenguaje y 24 de otro autor (ver https://github.com/Segtem/oracle/blob/main/docs/decisiones/DECISION-011-LOS-MUTADORES-TIENEN-AUTOR.md)
  de los muertos: 32 por conducta (invirtió el veredicto, cambió testigos o cambió el valor) · 0 rechazados por el álgebra sin evaluar
  respaldo real: 0 de 32 muertos los mata al menos un caso observado; 32 sólo los sostiene evidencia construida, generada, sin procedencia o diferencial
detecciones evaluadas (mutante × caso): 126

medidas que no se pudieron mutar por falta de casos:
  · naval.alternancia_turnos: escribí un caso rojo y uno verde que ejerzan esta medida
  · naval.barcos_sin_solapamiento: escribí un caso rojo y uno verde que ejerzan esta medida
  · naval.fin_de_juego_sin_tiros_posteriores: escribí un caso rojo y uno verde que ejerzan esta medida
  · naval.flota_reglamentaria: escribí un caso rojo y uno verde que ejerzan esta medida
  · naval.ganador_legitimo: escribí un caso rojo y uno verde que ejerzan esta medida
  · naval.tiros_sin_repeticion: escribí un caso rojo y uno verde que ejerzan esta medida
  · naval.turnos_sin_huecos: escribí un caso rojo y uno verde que ejerzan esta medida
  · naval.veracidad_impacto_negativo: escribí un caso rojo y uno verde que ejerzan esta medida
  · naval.veracidad_impacto_positivo: escribí un caso rojo y uno verde que ejerzan esta medida
sin políticas meta activas — se informa sólo el resultado operativo

lo que el corpus NO fija — ningún caso detecta estas mutaciones:
  · mutar «alejar_limite_de_defecto» en naval.tiros_dentro_del_tablero pasa inadvertido
  · mutar «campo:2.2.1.1.1.2:fila→columna» en naval.tiros_dentro_del_tablero pasa inadvertido
  · mutar «campo:2.2.1.3.1.2:columna→fila» en naval.tiros_dentro_del_tablero pasa inadvertido
  · mutar «campo:2.2.1.4.1.2:columna→fila» en naval.tiros_dentro_del_tablero pasa inadvertido

Se tapa agregando un caso que SÍ lo note o declarando una equivalencia individual
demostrable; nunca debilitando el mutador. La polaridad y el borde también importan:
`quitar_filtro` suele pedir un verde; `aflojar_umbral`, un rojo junto al límite.

MUTACIÓN DE CÓDIGO: salteada (sólo aplica al propio Oracle)

ALCANCE: verificación de medidas contra casos guardados del corpus.
PRODUCTO: sin nueva medición; la aceptación no reejecuta los comandos de origen ni el producto. El resultado no certifica su estado actual.
VEREDICTO: ROJO (falló: medidas sin casos, mutación)

$ oracle test | código 0
UNITARIOS: salteados (sólo aplican al propio Oracle)

CORPUS OK · 33 casos · esquema, evidencia L0 y trazabilidad en regla

SINTAXIS OK · 11 medidas · 0 macros · 33 casos · 0 relaciones

catálogo: 11 medidas · corpus: 33 casos

  ROJO  001-tiro-fuera-de-tablero              naval.tiros_dentro_del_tablero  (valor 1)
  verde 002-tiro-valido                        naval.tiros_dentro_del_tablero  (valor 0)
  ROJO  003-mismo-tirador-seguido              naval.alternancia_turnos  (valor 1)
  verde 004-tiradores-alternos                 naval.alternancia_turnos  (valor 0)
  ROJO  005-barco-fila-desbordada              naval.barcos_dentro_del_tablero  (valor 1)
  verde 006-barco-en-borde                     naval.barcos_dentro_del_tablero  (valor 0)
  ROJO  007-barcos-superpuestos                naval.barcos_sin_solapamiento  (valor 1)
  verde 008-barcos-separados                   naval.barcos_sin_solapamiento  (valor 0)
  ROJO  009-tiro-despues-del-final             naval.fin_de_juego_sin_tiros_posteriores  (valor 1)
  verde 010-tiro-en-turno-final                naval.fin_de_juego_sin_tiros_posteriores  (valor 0)
  ROJO  011-flota-de-dieciseis                 naval.flota_reglamentaria  (valor 1)
  verde 012-flota-de-diecisiete                naval.flota_reglamentaria  (valor 0)
  ROJO  013-ganador-con-dieciseis-impactos     naval.ganador_legitimo  (valor 1)
  verde 014-ganador-con-diecisiete-impactos    naval.ganador_legitimo  (valor 0)
  ROJO  015-tiro-repetido                      naval.tiros_sin_repeticion  (valor 1)
  verde 016-tiros-distintos                    naval.tiros_sin_repeticion  (valor 0)
  ROJO  017-turno-saltado                      naval.turnos_sin_huecos  (valor 1)
  verde 018-turnos-contiguos                   naval.turnos_sin_huecos  (valor 0)
  ROJO  019-barco-reportado-como-agua          naval.veracidad_impacto_negativo  (valor 1)
  verde 020-agua-reportada-como-agua           naval.veracidad_impacto_negativo  (valor 0)
  ROJO  021-impacto-fantasma                   naval.veracidad_impacto_positivo  (valor 1)
  verde 022-impacto-real                       naval.veracidad_impacto_positivo  (valor 0)
  ROJO  023-columna-desbordada                 naval.tiros_dentro_del_tablero  (valor 1)
  ROJO  024-fila-negativa                      naval.tiros_dentro_del_tablero  (valor 1)
  ROJO  025-columna-negativa                   naval.tiros_dentro_del_tablero  (valor 1)
  ROJO  026-barco-columna-desbordada           naval.barcos_dentro_del_tablero  (valor 1)
  ROJO  027-barco-fila-negativa                naval.barcos_dentro_del_tablero  (valor 1)
  ROJO  028-barco-columna-negativa             naval.barcos_dentro_del_tablero  (valor 1)
  SIN EVIDENCIA 029-flota-sin-celdas          naval.flota_reglamentaria  («celda_barco» vacía)
  SIN EVIDENCIA 030-sin-tiros-registrados     naval.turnos_sin_huecos  («tiro» vacía)
  verde 031-distinta-fila-igual-turno-ajeno    naval.tiros_sin_repeticion  (valor 0)
  verde 032-agua-declarada-agua                naval.veracidad_impacto_positivo  (valor 0)
  verde 033-fila-confundida-con-turno          naval.tiros_sin_repeticion  (valor 0)

defectos que se pusieron rojos: 17 · verdes correctos: 14 · sin evidencia esperada: 2 · huecos declarados: 0

nivel meta — el marco medido con sus propias medidas:

ACEPTACIÓN ✓ — 17 defectos en rojo, 2 sin evidencia esperada, 14 verdes correctos, 0 huecos declarados sin tapar

DIFERENCIAL: salteado (el proyecto no tiene fixtures en diferencial/ todavía)

mutantes de medida (medida × mutador): 209 · murieron 209 · sobrevivieron 0
  con 30 mutadores: 6 de quien escribió el lenguaje y 24 de otro autor (ver https://github.com/Segtem/oracle/blob/main/docs/decisiones/DECISION-011-LOS-MUTADORES-TIENEN-AUTOR.md)
  de los muertos: 158 por conducta (invirtió el veredicto, cambió testigos o cambió el valor) · 51 rechazados por el álgebra sin evaluar
  respaldo real: 0 de 209 muertos los mata al menos un caso observado; 209 sólo los sostiene evidencia construida, generada, sin procedencia o diferencial
detecciones evaluadas (mutante × caso): 634

sin políticas meta activas — se informa sólo el resultado operativo

MUTACIÓN DE CÓDIGO: salteada (sólo aplica al propio Oracle)

ALCANCE: verificación de medidas contra casos guardados del corpus.
PRODUCTO: sin nueva medición; la aceptación no reejecuta los comandos de origen ni el producto. El resultado no certifica su estado actual.
VEREDICTO: VERDE (todas las verificaciones aplicables en regla)

$ oracle juzgar --con hechos_partida.json | código 0
✓ naval.alternancia_turnos                            0 (<= 0)
✓ naval.barcos_dentro_del_tablero                     0 (<= 0)
✓ naval.barcos_sin_solapamiento                       0 (<= 0)
✓ naval.fin_de_juego_sin_tiros_posteriores            0 (<= 0)
✓ naval.flota_reglamentaria                           0 (<= 0)
✓ naval.ganador_legitimo                              0 (<= 0)
✓ naval.tiros_dentro_del_tablero                      0 (<= 0)
✓ naval.tiros_sin_repeticion                          0 (<= 0)
✓ naval.turnos_sin_huecos                             0 (<= 0)
✓ naval.veracidad_impacto_negativo                    0 (<= 0)
✓ naval.veracidad_impacto_positivo                    0 (<= 0)

VEREDICTO: verde en 11 medidas. SIN MIRAR:
  · naval.alternancia_turnos: compara el tirador del turno k con el tirador del turno k+1. No valida la ausencia de saltos si falta un turno completo.
  · naval.barcos_dentro_del_tablero: revisa los límites de cada celda de barco reportada. No verifica solapamientos ni continuidad.
  · naval.barcos_sin_solapamiento: detecta pares de celdas distintas del mismo jugador con id1 < id2 que colisionan en la misma coordenada. No comprueba barcos de jugadores opuestos.
  · naval.fin_de_juego_sin_tiros_posteriores: compara el turno de cada tiro contra el turno final registrado en el estado de la partida. No valida si la partida debió terminar antes.
  · naval.flota_reglamentaria: agrupa las casillas de barco por jugador y exige exactamente 17 casillas por flota. No comprueba la orientación lineal de los barcos.
  · naval.ganador_legitimo: comprueba que los impactos acumulados por el ganador sean exactamente 17. No valida si los tiros fueron asignados al tirador correcto.
  · naval.tiros_dentro_del_tablero: comprueba que las coordenadas de cada disparo estén en el rango [0, 9]. No comprueba si el casillero ya fue disparado previamente ni la validez del turno.
  · naval.tiros_sin_repeticion: detecta disparos repetidos del mismo jugador a la misma celda con diferente número de turno. No evalúa si el tiro fue agua o impacto.
  · naval.turnos_sin_huecos: compara la cantidad total de tiros registrados contra el turno máximo reportado más uno. No valida la alternancia de tiradores.
  · naval.veracidad_impacto_negativo: cruza cada disparo contra las celdas de la flota rival y detecta impactos omitidos registrados falsamente como agua. No verifica la secuencia de turnos.
  · naval.veracidad_impacto_positivo: detecta disparos registrados como impacto que no corresponden a ninguna celda ocupada por la flota del receptor. No verifica si el barco ya estaba completamente hundido.

$ oracle cobertura | código 0
· naval.barcos_rectos   SIN MEDIR: todavía no hay una medida para comprobar la forma de cada barco
✓ naval.disparos   naval.tiros_dentro_del_tablero, naval.tiros_sin_repeticion
✓ naval.final   naval.fin_de_juego_sin_tiros_posteriores, naval.ganador_legitimo
◐ naval.flota   naval.barcos_dentro_del_tablero, naval.barcos_sin_solapamiento, naval.flota_reglamentaria · SIN MEDIR: la forma recta y continua de cada barco
✓ naval.impactos   naval.veracidad_impacto_negativo, naval.veracidad_impacto_positivo
✓ naval.turnos   naval.alternancia_turnos, naval.turnos_sin_huecos

6 requisitos: 4 medidos · 1 en parte · 1 sin medir · 0 con medidas inexistentes

$ oracle cobertura --con hechos_partida.json | código 0
· naval.barcos_rectos   sin medir · SIN MEDIR: todavía no hay una medida para comprobar la forma de cada barco
✓ naval.disparos   cumple · naval.tiros_dentro_del_tablero cumple, naval.tiros_sin_repeticion cumple
✓ naval.final   cumple · naval.fin_de_juego_sin_tiros_posteriores cumple, naval.ganador_legitimo cumple
◐ naval.flota   cumple · naval.barcos_dentro_del_tablero cumple, naval.barcos_sin_solapamiento cumple, naval.flota_reglamentaria cumple · SIN MEDIR: la forma recta y continua de cada barco
✓ naval.impactos   cumple · naval.veracidad_impacto_negativo cumple, naval.veracidad_impacto_positivo cumple
✓ naval.turnos   cumple · naval.alternancia_turnos cumple, naval.turnos_sin_huecos cumple

6 requisitos: 5 se cumplen (1 sólo en lo medido) · 0 no se cumplen · 0 sin juicio · 1 sin medir · 0 con medidas inexistentes

$ oracle juzgar --con sin-tiros.json | código 1
✓ naval.barcos_dentro_del_tablero                     0 (<= 0)
✓ naval.barcos_sin_solapamiento                       0 (<= 0)
✓ naval.flota_reglamentaria                           0 (<= 0)
✓ naval.ganador_legitimo                              0 (<= 0)

NO SE APLICARON (7) — su relación no vino en la evidencia:
  · naval.alternancia_turnos: falta tiro
  · naval.fin_de_juego_sin_tiros_posteriores: falta tiro
  · naval.tiros_dentro_del_tablero: falta tiro
  · naval.tiros_sin_repeticion: falta tiro
  · naval.turnos_sin_huecos: falta tiro
  · naval.veracidad_impacto_negativo: falta tiro
  · naval.veracidad_impacto_positivo: falta tiro

VEREDICTO: 7 medidas propias sin aplicar (usá --parcial para una corrida deliberadamente parcial)

$ git init | código 0
Initialized empty Git repository in /tmp/oracle-cierre-novato/recorrido-html-final/batalla-naval/.git/

$ git add . | código 0

$ git commit -m base | código 0
[main (root-commit) b9b29c4] base
 59 files changed, 5416 insertions(+)
 create mode 100644 catalogos/naval/naval.alternancia_turnos.oracle
 create mode 100644 catalogos/naval/naval.barcos_dentro_del_tablero.oracle
 create mode 100644 catalogos/naval/naval.barcos_sin_solapamiento.oracle
 create mode 100644 catalogos/naval/naval.fin_de_juego_sin_tiros_posteriores.oracle
 create mode 100644 catalogos/naval/naval.flota_reglamentaria.oracle
 create mode 100644 catalogos/naval/naval.ganador_legitimo.oracle
 create mode 100644 catalogos/naval/naval.tiros_dentro_del_tablero.oracle
 create mode 100644 catalogos/naval/naval.tiros_sin_repeticion.oracle
 create mode 100644 catalogos/naval/naval.turnos_sin_huecos.oracle
 create mode 100644 catalogos/naval/naval.veracidad_impacto_negativo.oracle
 create mode 100644 catalogos/naval/naval.veracidad_impacto_positivo.oracle
 create mode 100644 corpus/naval/001-tiro-fuera-de-tablero.caso
 create mode 100644 corpus/naval/002-tiro-valido.caso
 create mode 100644 corpus/naval/003-mismo-tirador-seguido.caso
 create mode 100644 corpus/naval/004-tiradores-alternos.caso
 create mode 100644 corpus/naval/005-barco-fila-desbordada.caso
 create mode 100644 corpus/naval/006-barco-en-borde.caso
 create mode 100644 corpus/naval/007-barcos-superpuestos.caso
 create mode 100644 corpus/naval/008-barcos-separados.caso
 create mode 100644 corpus/naval/009-tiro-despues-del-final.caso
 create mode 100644 corpus/naval/010-tiro-en-turno-final.caso
 create mode 100644 corpus/naval/011-flota-de-dieciseis.caso
 create mode 100644 corpus/naval/012-flota-de-diecisiete.caso
 create mode 100644 corpus/naval/013-ganador-con-dieciseis-impactos.caso
 create mode 100644 corpus/naval/014-ganador-con-diecisiete-impactos.caso
 create mode 100644 corpus/naval/015-tiro-repetido.caso
 create mode 100644 corpus/naval/016-tiros-distintos.caso
 create mode 100644 corpus/naval/017-turno-saltado.caso
 create mode 100644 corpus/naval/018-turnos-contiguos.caso
 create mode 100644 corpus/naval/019-barco-reportado-como-agua.caso
 create mode 100644 corpus/naval/020-agua-reportada-como-agua.caso
 create mode 100644 corpus/naval/021-impacto-fantasma.caso
 create mode 100644 corpus/naval/022-impacto-real.caso
 create mode 100644 corpus/naval/023-columna-desbordada.caso
 create mode 100644 corpus/naval/024-fila-negativa.caso
 create mode 100644 corpus/naval/025-columna-negativa.caso
 create mode 100644 corpus/naval/026-barco-columna-desbordada.caso
 create mode 100644 corpus/naval/027-barco-fila-negativa.caso
 create mode 100644 corpus/naval/028-barco-columna-negativa.caso
 create mode 100644 corpus/naval/029-flota-sin-celdas.caso
 create mode 100644 corpus/naval/030-sin-tiros-registrados.caso
 create mode 100644 corpus/naval/031-distinta-fila-igual-turno-ajeno.caso
 create mode 100644 corpus/naval/032-agua-declarada-agua.caso
 create mode 100644 corpus/naval/033-fila-confundida-con-turno.caso
 create mode 100644 css/style.css
 create mode 100644 hechos_partida.json
 create mode 100644 index.html
 create mode 100644 js/audio.js
 create mode 100644 js/engine.js
 create mode 100644 js/trace.js
 create mode 100644 js/ui.js
 create mode 100644 oracle.json
 create mode 100644 requisitos/naval.barcos_rectos.requisito
 create mode 100644 requisitos/naval.disparos.requisito
 create mode 100644 requisitos/naval.final.requisito
 create mode 100644 requisitos/naval.flota.requisito
 create mode 100644 requisitos/naval.impactos.requisito
 create mode 100644 requisitos/naval.turnos.requisito
 create mode 100644 sin-tiros.json

$ oracle cambios | código 1
cambios desde HEAD:
✗ umbral aflojado sin nueva defensa  naval.tiros_sin_repeticion  <= 0 → <= 1  (el `porque` no cambió)

1 errores · 0 avisos

$ oracle cambios | código 0
cambios desde HEAD:
  nada se aflojó

0 errores · 0 avisos

$ python3 verificar_oraculo.py | código 0
======================================================================
DEMOSTRACIÓN DE VERIFICACIÓN FORMAL DE BATALLA NAVAL
Herramienta: Oracle Metalenguaje (oracle juzgar)
======================================================================

[1/3] Leyendo partida real guardada...
 -> Leída de hechos_partida.json
    - Celdas de barco: 34
    - Tiros jugados: 130
    - Ganador: cpu

[2/3] Juzgando la partida legítima contra el catálogo de Oracle...
✓ naval.alternancia_turnos                            0 (<= 0)
✓ naval.barcos_dentro_del_tablero                     0 (<= 0)
✓ naval.barcos_sin_solapamiento                       0 (<= 0)
✓ naval.fin_de_juego_sin_tiros_posteriores            0 (<= 0)
✓ naval.flota_reglamentaria                           0 (<= 0)
✓ naval.ganador_legitimo                              0 (<= 0)
✓ naval.tiros_dentro_del_tablero                      0 (<= 0)
✓ naval.tiros_sin_repeticion                          0 (<= 0)
✓ naval.turnos_sin_huecos                             0 (<= 0)
✓ naval.veracidad_impacto_negativo                    0 (<= 0)
✓ naval.veracidad_impacto_positivo                    0 (<= 0)

VEREDICTO: verde en 11 medidas. SIN MIRAR:
  · naval.alternancia_turnos: compara el tirador del turno k con el tirador del turno k+1. No valida la ausencia de saltos si falta un turno completo.
  · naval.barcos_dentro_del_tablero: revisa los límites de cada celda de barco reportada. No verifica solapamientos ni continuidad.
  · naval.barcos_sin_solapamiento: detecta pares de celdas distintas del mismo jugador con id1 < id2 que colisionan en la misma coordenada. No comprueba barcos de jugadores opuestos.
  · naval.fin_de_juego_sin_tiros_posteriores: compara el turno de cada tiro contra el turno final registrado en el estado de la partida. No valida si la partida debió terminar antes.
  · naval.flota_reglamentaria: agrupa las casillas de barco por jugador y exige exactamente 17 casillas por flota. No comprueba la orientación lineal de los barcos.
  · naval.ganador_legitimo: comprueba que los impactos acumulados por el ganador sean exactamente 17. No valida si los tiros fueron asignados al tirador correcto.
  · naval.tiros_dentro_del_tablero: comprueba que las coordenadas de cada disparo estén en el rango [0, 9]. No comprueba si el casillero ya fue disparado previamente ni la validez del turno.
  · naval.tiros_sin_repeticion: detecta disparos repetidos del mismo jugador a la misma celda con diferente número de turno. No evalúa si el tiro fue agua o impacto.
  · naval.turnos_sin_huecos: compara la cantidad total de tiros registrados contra el turno máximo reportado más uno. No valida la alternancia de tiradores.
  · naval.veracidad_impacto_negativo: cruza cada disparo contra las celdas de la flota rival y detecta impactos omitidos registrados falsamente como agua. No verifica la secuencia de turnos.
  · naval.veracidad_impacto_positivo: detecta disparos registrados como impacto que no corresponden a ninguna celda ocupada por la flota del receptor. No verifica si el barco ya estaba completamente hundido.

>>> RESULTADO: ÉXITO. Todas las 11 reglas se cumplen formalmente.

======================================================================
[3/3] DEMOSTRACIÓN DE FALSIBILIDAD: Inyectando infracciones a propósito
      (Probamos que el oráculo no aprueba cualquier cosa)
======================================================================
  ✓ Disparo duplicado a la misma casilla (fila 3, col 3)
    -> Atrapado con éxito por medida: naval.tiros_sin_repeticion
  ✓ Disparo fuera del tablero reglamentario (fila 14, col 2)
    -> Atrapado con éxito por medida: naval.tiros_dentro_del_tablero
  ✓ Impacto fantasma (afirmar impacto en casilla donde no había barco)
    -> Atrapado con éxito por medida: naval.veracidad_impacto_positivo
  ✓ Turnos consecutivos del mismo tirador sin alternar
    -> Atrapado con éxito por medida: naval.alternancia_turnos

======================================================================
VERIFICACIÓN COMPLETA FINALIZADA CON ÉXITO
======================================================================

REPRODUCCIÓN HTML OK: 14 bloques de comandos, 63 escrituras de archivos, salidas comparadas; script complementario OK.
