objetivos: nucleo/sintaxis.py

     ·  nucleo/sintaxis.py:21:16:constante                   constante: 2 → 3
     ·  nucleo/sintaxis.py:21:24:constante                   constante: 1 → 2
     ·  nucleo/sintaxis.py:22:28:constante                   constante: True → False
     ·  nucleo/sintaxis.py:22:43:constante                   constante: False → True
     ·  nucleo/sintaxis.py:30:13:constante                   constante: 2 → 3
     ·  nucleo/sintaxis.py:66:20:constante                   constante: False → True
     ·  nucleo/sintaxis.py:75:8:retorno                      retorno: return <algo> → return None
     ·  nucleo/sintaxis.py:56:18:constante                   constante: True → False
     ·  nucleo/sintaxis.py:87:11:comparador                  comparador: In → NotIn
     ·  nucleo/sintaxis.py:93:4:retorno                      retorno: return <algo> → return None
     ·  nucleo/sintaxis.py:99:18:constante                   constante: True → False
     ·  nucleo/sintaxis.py:107:18:constante                  constante: True → False
     ·  nucleo/sintaxis.py:120:8:retorno                     retorno: return <algo> → return None
     ·  nucleo/sintaxis.py:113:18:constante                  constante: True → False
     ·  nucleo/sintaxis.py:123:18:constante                  constante: True → False
     ·  nucleo/sintaxis.py:132:28:constante                  constante: False → True
     ·  nucleo/sintaxis.py:134:44:comparador                 comparador: NotEq → Eq
     ·  nucleo/sintaxis.py:139:11:comparador                 comparador: Eq → NotEq
     ·  nucleo/sintaxis.py:140:12:retorno                    retorno: return <algo> → return None
     ·  nucleo/sintaxis.py:152:11:comparador                 comparador: Lt → LtE
     ·  nucleo/sintaxis.py:152:20:constante                  constante: 0 → 1
     ·  nucleo/sintaxis.py:155:4:retorno                     retorno: return <algo> → return None
     ·  nucleo/sintaxis.py:159:4:retorno                     retorno: return <algo> → return None
     ·  nucleo/sintaxis.py:163:4:retorno                     retorno: return <algo> → return None
     ·  nucleo/sintaxis.py:168:4:retorno                     retorno: return <algo> → return None
     ·  nucleo/sintaxis.py:181:7:comparador                  comparador: IsNot → Is
     ·  nucleo/sintaxis.py:187:7:comparador                  comparador: IsNot → Is
     ·  nucleo/sintaxis.py:193:8:constante                   constante: 0 → 1
     ·  nucleo/sintaxis.py:194:10:comparador                 comparador: Lt → LtE
     ·  nucleo/sintaxis.py:198:17:constante                  constante: 1 → 2
     ·  nucleo/sintaxis.py:200:11:comparador                 comparador: Eq → NotEq
     ·  nucleo/sintaxis.py:205:15:negacion                   negacion: se borra el `not`
     ·  nucleo/sintaxis.py:211:50:constante                  constante: 2 → 3
     ·  nucleo/sintaxis.py:212:17:constante                  constante: 2 → 3
     ·  nucleo/sintaxis.py:214:11:comparador                 comparador: In → NotIn
     ·  nucleo/sintaxis.py:216:17:constante                  constante: 1 → 2
     ·  nucleo/sintaxis.py:218:11:comparador                 comparador: In → NotIn
     ·  nucleo/sintaxis.py:220:17:constante                  constante: 1 → 2
     ·  nucleo/sintaxis.py:224:27:constante                  constante: 1 → 2
     ·  nucleo/sintaxis.py:225:26:booleano                   booleano: and ↔ or
     ·  nucleo/sintaxis.py:225:26:comparador                 comparador: Eq → NotEq
     ·  nucleo/sintaxis.py:225:39:comparador                 comparador: Lt → LtE
     ·  nucleo/sintaxis.py:225:43:constante                  constante: 1 → 2
     ·  nucleo/sintaxis.py:225:72:constante                  constante: 1 → 2
     ·  nucleo/sintaxis.py:226:31:booleano                   booleano: and ↔ or
     ·  nucleo/sintaxis.py:226:31:comparador                 comparador: Is → IsNot
     ·  nucleo/sintaxis.py:226:51:comparador                 comparador: In → NotIn
     ·  nucleo/sintaxis.py:227:35:booleano                   booleano: and ↔ or
     ·  nucleo/sintaxis.py:227:35:comparador                 comparador: Eq → NotEq
     ·  nucleo/sintaxis.py:228:39:comparador                 comparador: In → NotIn
     ·  nucleo/sintaxis.py:229:11:booleano                   booleano: and ↔ or
     ·  nucleo/sintaxis.py:229:11:comparador                 comparador: In → NotIn
     ·  nucleo/sintaxis.py:229:26:negacion                   negacion: se borra el `not`
     ·  nucleo/sintaxis.py:231:17:constante                  constante: 1 → 2
     ·  nucleo/sintaxis.py:233:11:comparador                 comparador: Eq → NotEq
     ·  nucleo/sintaxis.py:234:47:constante                  constante: 1 → 2
     ·  nucleo/sintaxis.py:235:15:negacion                   negacion: se borra el `not`
     ·  nucleo/sintaxis.py:237:49:constante                  constante: 0 → 1
     ·  nucleo/sintaxis.py:242:28:constante                  constante: 0 → 1
     ·  nucleo/sintaxis.py:243:40:comparador                 comparador: In → NotIn
     ·  nucleo/sintaxis.py:249:49:constante                  constante: 0 → 1
     ·  nucleo/sintaxis.py:255:11:booleano                   booleano: and ↔ or
     ·  nucleo/sintaxis.py:255:11:comparador                 comparador: Eq → NotEq
     ·  nucleo/sintaxis.py:255:24:comparador                 comparador: NotEq → Eq
     ·  nucleo/sintaxis.py:255:36:constante                  constante: 2 → 3
     ·  nucleo/sintaxis.py:258:28:constante                  constante: True → False
     ·  nucleo/sintaxis.py:259:11:comparador                 comparador: In → NotIn
     ·  nucleo/sintaxis.py:262:71:constante                  constante: True → False
     ·  nucleo/sintaxis.py:267:28:constante                  constante: True → False
     ·  nucleo/sintaxis.py:270:4:retorno                     retorno: return <algo> → return None
     ·  nucleo/sintaxis.py:274:58:constante                  constante: 0 → 1
     ·  nucleo/sintaxis.py:277:23:booleano                   booleano: and ↔ or
     ·  nucleo/sintaxis.py:280:8:retorno                     retorno: return <algo> → return None
     ·  nucleo/sintaxis.py:284:8:retorno                     retorno: return <algo> → return None
     ·  nucleo/sintaxis.py:284:15:booleano                   booleano: and ↔ or
     ·  nucleo/sintaxis.py:284:15:comparador                 comparador: Eq → NotEq
     ·  nucleo/sintaxis.py:284:35:booleano                   booleano: and ↔ or
     ·  nucleo/sintaxis.py:284:35:comparador                 comparador: Eq → NotEq
     ·  nucleo/sintaxis.py:284:57:comparador                 comparador: In → NotIn
     ·  nucleo/sintaxis.py:288:11:booleano                   booleano: and ↔ or
     ·  nucleo/sintaxis.py:288:11:comparador                 comparador: Eq → NotEq
     ·  nucleo/sintaxis.py:288:31:booleano                   booleano: and ↔ or
     ·  nucleo/sintaxis.py:288:31:comparador                 comparador: Is → IsNot
     ·  nucleo/sintaxis.py:288:48:comparador                 comparador: Eq → NotEq
     ·  nucleo/sintaxis.py:289:22:constante                  constante: 1 → 2
     ·  nucleo/sintaxis.py:290:12:retorno                    retorno: return <algo> → return None
     ·  nucleo/sintaxis.py:295:11:comparador                 comparador: Is → IsNot
     ·  nucleo/sintaxis.py:298:8:retorno                     retorno: return <algo> → return None
     ·  nucleo/sintaxis.py:304:8:retorno                     retorno: return <algo> → return None
     ·  nucleo/sintaxis.py:309:14:booleano                   booleano: and ↔ or
     ·  nucleo/sintaxis.py:309:14:comparador                 comparador: Eq → NotEq
     ·  nucleo/sintaxis.py:309:48:comparador                 comparador: Eq → NotEq
     ·  nucleo/sintaxis.py:310:15:comparador                 comparador: Is → IsNot
     ·  nucleo/sintaxis.py:312:22:constante                  constante: 1 → 2
     ·  nucleo/sintaxis.py:314:8:retorno                     retorno: return <algo> → return None
     ·  nucleo/sintaxis.py:314:28:comparador                 comparador: Eq → NotEq
     ·  nucleo/sintaxis.py:314:43:constante                  constante: 1 → 2
     ·  nucleo/sintaxis.py:314:22:constante                  constante: 0 → 1
     ·  nucleo/sintaxis.py:319:14:booleano                   booleano: and ↔ or
     ·  nucleo/sintaxis.py:319:14:comparador                 comparador: Eq → NotEq
     ·  nucleo/sintaxis.py:319:48:comparador                 comparador: Eq → NotEq
     ·  nucleo/sintaxis.py:320:15:comparador                 comparador: Is → IsNot
     ·  nucleo/sintaxis.py:322:22:constante                  constante: 1 → 2
     ·  nucleo/sintaxis.py:324:8:retorno                     retorno: return <algo> → return None
     ·  nucleo/sintaxis.py:324:28:comparador                 comparador: Eq → NotEq
     ·  nucleo/sintaxis.py:324:43:constante                  constante: 1 → 2
     ·  nucleo/sintaxis.py:324:22:constante                  constante: 0 → 1
     ·  nucleo/sintaxis.py:327:11:booleano                   booleano: and ↔ or
     ·  nucleo/sintaxis.py:327:11:comparador                 comparador: Eq → NotEq
     ·  nucleo/sintaxis.py:327:45:comparador                 comparador: Eq → NotEq
     ·  nucleo/sintaxis.py:329:22:constante                  constante: 1 → 2
     ·  nucleo/sintaxis.py:330:12:retorno                    retorno: return <algo> → return None
     ·  nucleo/sintaxis.py:331:8:retorno                     retorno: return <algo> → return None
     ·  nucleo/sintaxis.py:335:11:comparador                 comparador: NotEq → Eq
     ·  nucleo/sintaxis.py:336:12:retorno                    retorno: return <algo> → return None
     ·  nucleo/sintaxis.py:339:18:constante                  constante: 1 → 2
     ·  nucleo/sintaxis.py:341:11:comparador                 comparador: Eq → NotEq
     ·  nucleo/sintaxis.py:344:8:retorno                     retorno: return <algo> → return None
     ·  nucleo/sintaxis.py:348:14:booleano                   booleano: and ↔ or
     ·  nucleo/sintaxis.py:348:14:comparador                 comparador: Eq → NotEq
     ·  nucleo/sintaxis.py:348:47:comparador                 comparador: In → NotIn
     ·  nucleo/sintaxis.py:350:22:constante                  constante: 1 → 2
     ·  nucleo/sintaxis.py:352:34:comparador                 comparador: Eq → NotEq
     ·  nucleo/sintaxis.py:353:8:retorno                     retorno: return <algo> → return None
     ·  nucleo/sintaxis.py:357:14:booleano                   booleano: and ↔ or
     ·  nucleo/sintaxis.py:357:14:comparador                 comparador: Eq → NotEq
     ·  nucleo/sintaxis.py:357:47:comparador                 comparador: Eq → NotEq
     ·  nucleo/sintaxis.py:359:22:constante                  constante: 1 → 2
     ·  nucleo/sintaxis.py:361:8:retorno                     retorno: return <algo> → return None
     ·  nucleo/sintaxis.py:365:11:comparador                 comparador: Eq → NotEq
     ·  nucleo/sintaxis.py:366:22:constante                  constante: 1 → 2
     ·  nucleo/sintaxis.py:367:12:retorno                    retorno: return <algo> → return None
     ·  nucleo/sintaxis.py:368:11:comparador                 comparador: Eq → NotEq
     ·  nucleo/sintaxis.py:369:22:constante                  constante: 1 → 2
     ·  nucleo/sintaxis.py:370:12:retorno                    retorno: return <algo> → return None
     ·  nucleo/sintaxis.py:371:11:comparador                 comparador: Eq → NotEq
     ·  nucleo/sintaxis.py:372:22:constante                  constante: 1 → 2
     ·  nucleo/sintaxis.py:373:12:retorno                    retorno: return <algo> → return None
     ·  nucleo/sintaxis.py:376:11:comparador                 comparador: Eq → NotEq
     ·  nucleo/sintaxis.py:378:22:constante                  constante: 1 → 2
     ·  nucleo/sintaxis.py:379:15:comparador                 comparador: In → NotIn
     ·  nucleo/sintaxis.py:380:16:retorno                    retorno: return <algo> → return None
     ·  nucleo/sintaxis.py:382:19:booleano                   booleano: and ↔ or
     ·  nucleo/sintaxis.py:382:19:comparador                 comparador: Eq → NotEq
     ·  nucleo/sintaxis.py:382:52:comparador                 comparador: Eq → NotEq
     ·  nucleo/sintaxis.py:386:36:constante                  constante: True → False
     ·  nucleo/sintaxis.py:388:16:retorno                    retorno: return <algo> → return None
     ·  nucleo/sintaxis.py:395:19:negacion                   negacion: se borra el `not`
     ·  nucleo/sintaxis.py:396:26:constante                  constante: True → False
     ·  nucleo/sintaxis.py:401:19:comparador                 comparador: Eq → NotEq
     ·  nucleo/sintaxis.py:402:24:booleano                   booleano: and ↔ or
     ·  nucleo/sintaxis.py:402:24:comparador                 comparador: NotEq → Eq
     ·  nucleo/sintaxis.py:402:37:constante                  constante: 1 → 2
     ·  nucleo/sintaxis.py:402:42:negacion                   negacion: se borra el `not`
     ·  nucleo/sintaxis.py:402:62:constante                  constante: 0 → 1
     ·  nucleo/sintaxis.py:403:31:comparador                 comparador: NotEq → Eq
     ·  nucleo/sintaxis.py:403:36:constante                  constante: 0 → 1
     ·  nucleo/sintaxis.py:403:45:constante                  constante: 0 → 1
     ·  nucleo/sintaxis.py:405:20:retorno                    retorno: return <algo> → return None
     ·  nucleo/sintaxis.py:406:39:constante                  constante: 0 → 1
     ·  nucleo/sintaxis.py:406:48:constante                  constante: 1 → 2
     ·  nucleo/sintaxis.py:407:66:constante                  constante: 0 → 1
     ·  nucleo/sintaxis.py:407:75:constante                  constante: 1 → 2
     ·  nucleo/sintaxis.py:408:19:comparador                 comparador: Eq → NotEq
     ·  nucleo/sintaxis.py:409:24:booleano                   booleano: and ↔ or
     ·  nucleo/sintaxis.py:409:24:comparador                 comparador: NotEq → Eq
     ·  nucleo/sintaxis.py:409:37:constante                  constante: 1 → 2
     ·  nucleo/sintaxis.py:409:42:negacion                   negacion: se borra el `not`
     ·  nucleo/sintaxis.py:409:62:constante                  constante: 0 → 1
     ·  nucleo/sintaxis.py:410:31:comparador                 comparador: NotEq → Eq
     ·  nucleo/sintaxis.py:410:36:constante                  constante: 0 → 1
     ·  nucleo/sintaxis.py:410:45:constante                  constante: 0 → 1
     ·  nucleo/sintaxis.py:412:20:retorno                    retorno: return <algo> → return None
     ·  nucleo/sintaxis.py:413:37:constante                  constante: 0 → 1
     ·  nucleo/sintaxis.py:413:46:constante                  constante: 1 → 2
     ·  nucleo/sintaxis.py:414:64:constante                  constante: 0 → 1
     ·  nucleo/sintaxis.py:414:73:constante                  constante: 1 → 2
     ·  nucleo/sintaxis.py:415:16:retorno                    retorno: return <algo> → return None
     ·  nucleo/sintaxis.py:416:12:retorno                    retorno: return <algo> → return None
     ·  nucleo/sintaxis.py:422:12:retorno                    retorno: return <algo> → return None
     ·  nucleo/sintaxis.py:423:11:booleano                   booleano: and ↔ or
     ·  nucleo/sintaxis.py:423:11:comparador                 comparador: Eq → NotEq
     ·  nucleo/sintaxis.py:423:32:comparador                 comparador: Eq → NotEq
     ·  nucleo/sintaxis.py:426:28:constante                  constante: True → False
     ·  nucleo/sintaxis.py:434:7:comparador                  comparador: NotEq → Eq
     ·  nucleo/sintaxis.py:436:4:retorno                     retorno: return <algo> → return None
     ·  nucleo/sintaxis.py:440:4:retorno                     retorno: return <algo> → return None
     ·  nucleo/sintaxis.py:448:4:retorno                     retorno: return <algo> → return None
     ·  nucleo/sintaxis.py:454:7:comparador                  comparador: Eq → NotEq
     ·  nucleo/sintaxis.py:454:14:constante                  constante: 0 → 1
     ·  nucleo/sintaxis.py:455:23:constante                  constante: 0 → 1
     ·  nucleo/sintaxis.py:456:9:comparador                  comparador: Eq → NotEq
     ·  nucleo/sintaxis.py:456:16:constante                  constante: 0 → 1
     ·  nucleo/sintaxis.py:457:29:constante                  constante: 0 → 1
     ·  nucleo/sintaxis.py:459:30:constante                  constante: 0 → 1
     ·  nucleo/sintaxis.py:459:73:constante                  constante: 0 → 1
     ·  nucleo/sintaxis.py:460:7:comparador                  comparador: NotEq → Eq
     ·  nucleo/sintaxis.py:460:14:constante                  constante: 1 → 2
     ·  nucleo/sintaxis.py:461:30:constante                  constante: 1 → 2
     ·  nucleo/sintaxis.py:461:66:constante                  constante: 1 → 2
     ·  nucleo/sintaxis.py:462:4:retorno                     retorno: return <algo> → return None
     ·  nucleo/sintaxis.py:467:7:comparador                  comparador: Eq → NotEq
     ·  nucleo/sintaxis.py:468:15:constante                  constante: 1 → 2
     ·  nucleo/sintaxis.py:469:8:retorno                     retorno: return <algo> → return None
     ·  nucleo/sintaxis.py:470:7:comparador                  comparador: NotEq → Eq
     ·  nucleo/sintaxis.py:474:7:comparador                  comparador: NotIn → In
     ·  nucleo/sintaxis.py:477:11:constante                  constante: 1 → 2
     ·  nucleo/sintaxis.py:478:4:retorno                     retorno: return <algo> → return None
     ·  nucleo/sintaxis.py:483:7:comparador                  comparador: NotEq → Eq
     ·  nucleo/sintaxis.py:483:14:constante                  constante: 0 → 1
     ·  nucleo/sintaxis.py:484:30:constante                  constante: 0 → 1
     ·  nucleo/sintaxis.py:484:73:constante                  constante: 0 → 1
     ·  nucleo/sintaxis.py:485:22:constante                  constante: 1 → 2
     ·  nucleo/sintaxis.py:489:18:constante                  constante: False → True
     ·  nucleo/sintaxis.py:490:16:constante                  constante: 0 → 1
     ·  nucleo/sintaxis.py:492:7:booleano                    booleano: and ↔ or
     ·  nucleo/sintaxis.py:492:7:comparador                  comparador: Eq → NotEq
     ·  nucleo/sintaxis.py:492:38:comparador                 comparador: Eq → NotEq
     ·  nucleo/sintaxis.py:493:15:constante                  constante: 1 → 2
     ·  nucleo/sintaxis.py:495:22:constante                  constante: True → False
     ·  nucleo/sintaxis.py:496:9:negacion                    negacion: se borra el `not`
     ·  nucleo/sintaxis.py:496:14:booleano                   booleano: and ↔ or
     ·  nucleo/sintaxis.py:496:14:comparador                 comparador: Eq → NotEq
     ·  nucleo/sintaxis.py:496:45:comparador                 comparador: Eq → NotEq
     ·  nucleo/sintaxis.py:500:7:negacion                    negacion: se borra el `not`
     ·  nucleo/sintaxis.py:500:12:booleano                   booleano: and ↔ or
     ·  nucleo/sintaxis.py:500:12:comparador                 comparador: Eq → NotEq
     ·  nucleo/sintaxis.py:500:43:comparador                 comparador: Eq → NotEq
     ·  nucleo/sintaxis.py:502:11:comparador                 comparador: NotEq → Eq
     ·  nucleo/sintaxis.py:504:8:retorno                     retorno: return <algo> → return None
     ·  nucleo/sintaxis.py:504:22:constante                  constante: 0 → 1
     ·  nucleo/sintaxis.py:508:7:comparador                  comparador: Eq → NotEq
     ·  nucleo/sintaxis.py:510:15:constante                  constante: 1 → 2
     ·  nucleo/sintaxis.py:511:9:comparador                  comparador: Eq → NotEq
     ·  nucleo/sintaxis.py:513:15:constante                  constante: 1 → 2
     ·  nucleo/sintaxis.py:517:7:comparador                  comparador: NotEq → Eq
     ·  nucleo/sintaxis.py:519:4:retorno                     retorno: return <algo> → return None
     ·  nucleo/sintaxis.py:519:18:constante                  constante: 0 → 1
     ·  nucleo/sintaxis.py:524:56:constante                  constante: 1 → 2
     ·  nucleo/sintaxis.py:525:11:booleano                   booleano: and ↔ or
     ·  nucleo/sintaxis.py:525:11:negacion                   negacion: se borra el `not`
     ·  nucleo/sintaxis.py:528:4:retorno                     retorno: return <algo> → return None
     ·  nucleo/sintaxis.py:533:7:booleano                    booleano: and ↔ or
     ·  nucleo/sintaxis.py:533:7:negacion                    negacion: se borra el `not`
     ·  nucleo/sintaxis.py:534:49:constante                  constante: 1 → 2
     ·  nucleo/sintaxis.py:536:4:retorno                     retorno: return <algo> → return None
     ·  nucleo/sintaxis.py:542:7:negacion                    negacion: se borra el `not`
     ·  nucleo/sintaxis.py:544:11:booleano                   booleano: and ↔ or
     ·  nucleo/sintaxis.py:544:11:comparador                 comparador: In → NotIn
     ·  nucleo/sintaxis.py:546:46:constante                  constante: 1 → 2
     ·  nucleo/sintaxis.py:547:4:retorno                     retorno: return <algo> → return None
     ·  nucleo/sintaxis.py:547:76:constante                  constante: 1 → 2
     ·  nucleo/sintaxis.py:552:4:retorno                     retorno: return <algo> → return None
     ·  nucleo/sintaxis.py:552:23:constante                  constante: 0 → 1
     ·  nucleo/sintaxis.py:557:7:negacion                    negacion: se borra el `not`
     ·  nucleo/sintaxis.py:558:8:retorno                     retorno: return <algo> → return None
     ·  nucleo/sintaxis.py:559:19:constante                  constante: 1 → 2
     ·  nucleo/sintaxis.py:560:7:booleano                    booleano: and ↔ or
     ·  nucleo/sintaxis.py:560:7:negacion                    negacion: se borra el `not`
     ·  nucleo/sintaxis.py:560:21:comparador                 comparador: Is → IsNot
     ·  nucleo/sintaxis.py:562:4:retorno                     retorno: return <algo> → return None
     ·  nucleo/sintaxis.py:565:80:constante                  constante: False → True
     ·  nucleo/sintaxis.py:566:54:constante                  constante: 1 → 2
     ·  nucleo/sintaxis.py:568:7:comparador                  comparador: NotEq → Eq
     ·  nucleo/sintaxis.py:568:22:constante                  constante: 2 → 3
     ·  nucleo/sintaxis.py:569:21:constante                  constante: 0 → 1
     ·  nucleo/sintaxis.py:570:39:constante                  constante: 0 → 1
     ·  nucleo/sintaxis.py:570:48:constante                  constante: 0 → 1
     ·  nucleo/sintaxis.py:571:33:constante                  constante: 1 → 2
     ·  nucleo/sintaxis.py:571:42:constante                  constante: 0 → 1
     ·  nucleo/sintaxis.py:571:63:constante                  constante: 0 → 1
     ·  nucleo/sintaxis.py:571:69:constante                  constante: 1 → 2
     ·  nucleo/sintaxis.py:572:4:retorno                     retorno: return <algo> → return None
     ·  nucleo/sintaxis.py:576:44:constante                  constante: 1 → 2
     ·  nucleo/sintaxis.py:577:52:constante                  constante: 1 → 2
     ·  nucleo/sintaxis.py:578:36:constante                  constante: 0 → 1
     ·  nucleo/sintaxis.py:579:7:booleano                    booleano: and ↔ or
     ·  nucleo/sintaxis.py:579:7:comparador                  comparador: GtE → Gt
     ·  nucleo/sintaxis.py:579:22:constante                  constante: 3 → 4
     ·  nucleo/sintaxis.py:579:28:comparador                 comparador: Eq → NotEq
     ·  nucleo/sintaxis.py:579:35:constante                  constante: 2 → 3
     ·  nucleo/sintaxis.py:579:58:comparador                 comparador: Eq → NotEq
     ·  nucleo/sintaxis.py:579:65:constante                  constante: 2 → 3
     ·  nucleo/sintaxis.py:580:11:comparador                 comparador: NotIn → In
     ·  nucleo/sintaxis.py:580:18:constante                  constante: 0 → 1
     ·  nucleo/sintaxis.py:581:27:constante                  constante: 0 → 1
     ·  nucleo/sintaxis.py:581:44:constante                  constante: 0 → 1
     ·  nucleo/sintaxis.py:582:45:comparador                 comparador: Eq → NotEq
     ·  nucleo/sintaxis.py:582:52:constante                  constante: 0 → 1
     ·  nucleo/sintaxis.py:582:32:constante                  constante: 0 → 1
     ·  nucleo/sintaxis.py:582:83:constante                  constante: 0 → 1
     ·  nucleo/sintaxis.py:583:11:comparador                 comparador: NotIn → In
     ·  nucleo/sintaxis.py:583:18:constante                  constante: 1 → 2
     ·  nucleo/sintaxis.py:584:27:constante                  constante: 1 → 2
     ·  nucleo/sintaxis.py:584:44:constante                  constante: 1 → 2
     ·  nucleo/sintaxis.py:585:42:comparador                 comparador: Eq → NotEq
     ·  nucleo/sintaxis.py:585:49:constante                  constante: 1 → 2
     ·  nucleo/sintaxis.py:585:29:constante                  constante: 1 → 2
     ·  nucleo/sintaxis.py:585:80:constante                  constante: 1 → 2
     ·  nucleo/sintaxis.py:586:11:comparador                 comparador: Lt → LtE
     ·  nucleo/sintaxis.py:586:25:constante                  constante: 4 → 5
     ·  nucleo/sintaxis.py:587:27:constante                  constante: 2 → 3
     ·  nucleo/sintaxis.py:587:44:constante                  constante: 2 → 3
     ·  nucleo/sintaxis.py:588:26:constante                  constante: 3 → 4
     ·  nucleo/sintaxis.py:591:43:comparador                 comparador: IsNot → Is
     ·  nucleo/sintaxis.py:591:21:constante                  constante: 5 → 6
     ·  nucleo/sintaxis.py:591:37:constante                  constante: 3 → 4
     ·  nucleo/sintaxis.py:592:51:constante                  constante: 0 → 1
     ·  nucleo/sintaxis.py:593:8:retorno                     retorno: return <algo> → return None
     ·  nucleo/sintaxis.py:596:11:booleano                   booleano: and ↔ or
     ·  nucleo/sintaxis.py:596:11:negacion                   negacion: se borra el `not`
     ·  nucleo/sintaxis.py:596:29:negacion                   negacion: se borra el `not`
     ·  nucleo/sintaxis.py:597:25:constante                  constante: 0 → 1
     ·  nucleo/sintaxis.py:598:8:retorno                     retorno: return <algo> → return None
     ·  nucleo/sintaxis.py:598:37:constante                  constante: 0 → 1
     ·  nucleo/sintaxis.py:602:4:retorno                     retorno: return <algo> → return None
     ·  nucleo/sintaxis.py:607:50:constante                  constante: 1 → 2
     ·  nucleo/sintaxis.py:608:36:constante                  constante: 0 → 1
     ·  nucleo/sintaxis.py:609:21:constante                  constante: 0 → 1
     ·  nucleo/sintaxis.py:610:7:comparador                  comparador: Eq → NotEq
     ·  nucleo/sintaxis.py:612:9:booleano                    booleano: and ↔ or
     ·  nucleo/sintaxis.py:612:9:comparador                  comparador: Eq → NotEq
     ·  nucleo/sintaxis.py:612:37:comparador                 comparador: In → NotIn
     ·  nucleo/sintaxis.py:616:17:constante                  constante: 0 → 1
     ·  nucleo/sintaxis.py:618:7:comparador                  comparador: NotEq → Eq
     ·  nucleo/sintaxis.py:618:14:constante                  constante: 1 → 2
     ·  nucleo/sintaxis.py:619:21:constante                  constante: 0 → 1
     ·  nucleo/sintaxis.py:619:32:constante                  constante: 1 → 2
     ·  nucleo/sintaxis.py:619:68:constante                  constante: 1 → 2
     ·  nucleo/sintaxis.py:620:4:retorno                     retorno: return <algo> → return None
     ·  nucleo/sintaxis.py:630:35:constante                  constante: 1 → 2
     ·  nucleo/sintaxis.py:630:52:constante                  constante: 1 → 2
     ·  nucleo/sintaxis.py:630:55:constante                  constante: 0 → 1
     ·  nucleo/sintaxis.py:631:37:comparador                 comparador: NotIn → In
     ·  nucleo/sintaxis.py:634:21:constante                  constante: 1 → 2
     ·  nucleo/sintaxis.py:634:24:constante                  constante: 0 → 1
     ·  nucleo/sintaxis.py:634:29:constante                  constante: 1 → 2
     ·  nucleo/sintaxis.py:634:46:constante                  constante: 2 → 3
     ·  nucleo/sintaxis.py:637:24:constante                  constante: 1 → 2
     ·  nucleo/sintaxis.py:639:65:constante                  constante: True → False
     ·  nucleo/sintaxis.py:640:20:constante                  constante: 1 → 2
     ·  nucleo/sintaxis.py:640:23:constante                  constante: 0 → 1
     ·  nucleo/sintaxis.py:640:41:constante                  constante: 2 → 3
     ·  nucleo/sintaxis.py:640:44:constante                  constante: 1 → 2
     ·  nucleo/sintaxis.py:642:73:constante                  constante: True → False
     ·  nucleo/sintaxis.py:646:7:comparador                  comparador: Is → IsNot
     ·  nucleo/sintaxis.py:649:8:retorno                     retorno: return <algo> → return None
     ·  nucleo/sintaxis.py:652:7:negacion                    negacion: se borra el `not`
     ·  nucleo/sintaxis.py:654:4:retorno                     retorno: return <algo> → return None
     ·  nucleo/sintaxis.py:658:4:retorno                     retorno: return <algo> → return None
     ·  nucleo/sintaxis.py:658:15:comparador                 comparador: In → NotIn
     ·  nucleo/sintaxis.py:662:4:retorno                     retorno: return <algo> → return None
     ·  nucleo/sintaxis.py:662:29:constante                  constante: 1 → 2
     ·  nucleo/sintaxis.py:662:32:constante                  constante: 1 → 2
     ·  nucleo/sintaxis.py:662:46:constante                  constante: 1 → 2
     ·  nucleo/sintaxis.py:662:49:constante                  constante: 0 → 1
     ·  nucleo/sintaxis.py:667:8:retorno                     retorno: return <algo> → return None
     ·  nucleo/sintaxis.py:667:32:constante                  constante: 1 → 2
     ·  nucleo/sintaxis.py:668:7:negacion                    negacion: se borra el `not`
     ·  nucleo/sintaxis.py:669:8:retorno                     retorno: return <algo> → return None
     ·  nucleo/sintaxis.py:670:4:retorno                     retorno: return <algo> → return None
     ·  nucleo/sintaxis.py:674:7:negacion                    negacion: se borra el `not`
     ·  nucleo/sintaxis.py:675:8:retorno                     retorno: return <algo> → return None
     ·  nucleo/sintaxis.py:676:8:booleano                    booleano: and ↔ or
     ·  nucleo/sintaxis.py:676:8:comparador                  comparador: Eq → NotEq
     ·  nucleo/sintaxis.py:676:21:constante                  constante: 5 → 6
     ·  nucleo/sintaxis.py:676:27:comparador                 comparador: Eq → NotEq
     ·  nucleo/sintaxis.py:676:32:constante                  constante: 0 → 1
     ·  nucleo/sintaxis.py:676:66:constante                  constante: 4 → 5
     ·  nucleo/sintaxis.py:677:16:comparador                 comparador: Eq → NotEq
     ·  nucleo/sintaxis.py:677:21:constante                  constante: 4 → 5
     ·  nucleo/sintaxis.py:677:24:constante                  constante: 1 → 2
     ·  nucleo/sintaxis.py:678:8:retorno                     retorno: return <algo> → return None
     ·  nucleo/sintaxis.py:678:68:constante                  constante: 4 → 5
     ·  nucleo/sintaxis.py:679:4:retorno                     retorno: return <algo> → return None
     ·  nucleo/sintaxis.py:684:7:comparador                  comparador: Is → IsNot
     ·  nucleo/sintaxis.py:685:8:retorno                     retorno: return <algo> → return None
     ·  nucleo/sintaxis.py:685:25:constante                  constante: 1 → 2
     ·  nucleo/sintaxis.py:685:28:constante                  constante: 1 → 2
     ·  nucleo/sintaxis.py:687:10:constante                  constante: True → False
     ·  nucleo/sintaxis.py:689:11:comparador                 comparador: IsNot → Is
     ·  nucleo/sintaxis.py:690:12:retorno                    retorno: return <algo> → return None
     ·  nucleo/sintaxis.py:691:11:negacion                   negacion: se borra el `not`
     ·  nucleo/sintaxis.py:692:12:retorno                    retorno: return <algo> → return None
     ·  nucleo/sintaxis.py:692:29:constante                  constante: 1 → 2
     ·  nucleo/sintaxis.py:692:32:constante                  constante: 1 → 2
     ·  nucleo/sintaxis.py:693:26:constante                  constante: 1 → 2
     ·  nucleo/sintaxis.py:701:32:constante                  constante: True → False
     ·  nucleo/sintaxis.py:708:7:comparador                  comparador: Is → IsNot
     ·  nucleo/sintaxis.py:712:11:comparador                 comparador: Eq → NotEq
     ·  nucleo/sintaxis.py:714:13:booleano                   booleano: and ↔ or
     ·  nucleo/sintaxis.py:715:64:constante                  constante: 1 → 2
     ·  nucleo/sintaxis.py:716:13:negacion                   negacion: se borra el `not`
     ·  nucleo/sintaxis.py:728:27:constante                  constante: 1 → 2
     ·  nucleo/sintaxis.py:729:11:comparador                 comparador: In → NotIn
     ·  nucleo/sintaxis.py:730:15:comparador                 comparador: NotEq → Eq
     ·  nucleo/sintaxis.py:737:11:comparador                 comparador: In → NotIn
     ·  nucleo/sintaxis.py:742:11:booleano                   booleano: and ↔ or
     ·  nucleo/sintaxis.py:742:11:negacion                   negacion: se borra el `not`
     ·  nucleo/sintaxis.py:742:42:comparador                 comparador: NotEq → Eq
     ·  nucleo/sintaxis.py:748:7:comparador                  comparador: NotEq → Eq
     ·  nucleo/sintaxis.py:753:7:comparador                  comparador: NotIn → In
     ·  nucleo/sintaxis.py:757:7:booleano                    booleano: and ↔ or
     ·  nucleo/sintaxis.py:757:7:comparador                  comparador: IsNot → Is
     ·  nucleo/sintaxis.py:757:32:comparador                 comparador: NotEq → Eq
     ·  nucleo/sintaxis.py:766:44:constante                  constante: 1 → 2
     ·  nucleo/sintaxis.py:768:7:booleano                    booleano: and ↔ or
     ·  nucleo/sintaxis.py:768:7:negacion                    negacion: se borra el `not`
     ·  nucleo/sintaxis.py:768:37:negacion                   negacion: se borra el `not`
     ·  nucleo/sintaxis.py:770:18:constante                  constante: 0 → 1
     ·  nucleo/sintaxis.py:771:7:comparador                  comparador: Eq → NotEq
     ·  nucleo/sintaxis.py:772:11:comparador                 comparador: GtE → Gt
     ·  nucleo/sintaxis.py:772:24:constante                  constante: 2 → 3
     ·  nucleo/sintaxis.py:773:37:constante                  constante: 1 → 2
     ·  nucleo/sintaxis.py:774:11:comparador                 comparador: GtE → Gt
     ·  nucleo/sintaxis.py:774:24:constante                  constante: 3 → 4
     ·  nucleo/sintaxis.py:775:37:constante                  constante: 2 → 3
     ·  nucleo/sintaxis.py:776:11:comparador                 comparador: GtE → Gt
     ·  nucleo/sintaxis.py:776:24:constante                  constante: 4 → 5
     ·  nucleo/sintaxis.py:777:37:constante                  constante: 3 → 4
     ·  nucleo/sintaxis.py:778:11:comparador                 comparador: GtE → Gt
     ·  nucleo/sintaxis.py:778:24:constante                  constante: 5 → 6
     ·  nucleo/sintaxis.py:779:37:constante                  constante: 4 → 5
     ·  nucleo/sintaxis.py:780:26:constante                  constante: 5 → 6
     ·  nucleo/sintaxis.py:783:7:comparador                  comparador: Eq → NotEq
     ·  nucleo/sintaxis.py:784:25:constante                  constante: 1 → 2
     ·  nucleo/sintaxis.py:787:7:comparador                  comparador: Eq → NotEq
     ·  nucleo/sintaxis.py:788:25:constante                  constante: 1 → 2
     ·  nucleo/sintaxis.py:788:27:constante                  constante: 3 → 4
     ·  nucleo/sintaxis.py:791:7:comparador                  comparador: Eq → NotEq
     ·  nucleo/sintaxis.py:792:25:constante                  constante: 1 → 2
     ·  nucleo/sintaxis.py:792:27:constante                  constante: 3 → 4
     ·  nucleo/sintaxis.py:795:7:comparador                  comparador: Eq → NotEq
     ·  nucleo/sintaxis.py:796:11:comparador                 comparador: GtE → Gt
     ·  nucleo/sintaxis.py:796:24:constante                  constante: 2 → 3
     ·  nucleo/sintaxis.py:797:37:constante                  constante: 1 → 2
     ·  nucleo/sintaxis.py:799:7:comparador                  comparador: Eq → NotEq
     ·  nucleo/sintaxis.py:800:11:comparador                 comparador: GtE → Gt
     ·  nucleo/sintaxis.py:800:24:constante                  constante: 2 → 3
     ·  nucleo/sintaxis.py:801:37:constante                  constante: 1 → 2
     ·  nucleo/sintaxis.py:802:11:comparador                 comparador: GtE → Gt
     ·  nucleo/sintaxis.py:802:24:constante                  constante: 3 → 4
     ·  nucleo/sintaxis.py:803:37:constante                  constante: 2 → 3
     ·  nucleo/sintaxis.py:805:7:comparador                  comparador: Eq → NotEq
     ·  nucleo/sintaxis.py:806:32:booleano                   booleano: and ↔ or
     ·  nucleo/sintaxis.py:806:32:comparador                 comparador: Gt → GtE
     ·  nucleo/sintaxis.py:806:44:constante                  constante: 1 → 2
     ·  nucleo/sintaxis.py:806:66:constante                  constante: 1 → 2
     ·  nucleo/sintaxis.py:806:26:constante                  constante: 1 → 2
     ·  nucleo/sintaxis.py:807:15:booleano                   booleano: and ↔ or
     ·  nucleo/sintaxis.py:807:43:comparador                 comparador: GtE → Gt
     ·  nucleo/sintaxis.py:807:57:constante                  constante: 2 → 3
     ·  nucleo/sintaxis.py:808:42:constante                  constante: 0 → 1
     ·  nucleo/sintaxis.py:809:42:constante                  constante: 1 → 2
     ·  nucleo/sintaxis.py:810:35:booleano                   booleano: and ↔ or
     ·  nucleo/sintaxis.py:810:35:comparador                 comparador: Gt → GtE
     ·  nucleo/sintaxis.py:810:47:constante                  constante: 2 → 3
     ·  nucleo/sintaxis.py:810:69:constante                  constante: 2 → 3
     ·  nucleo/sintaxis.py:810:29:constante                  constante: 2 → 3
     ·  nucleo/sintaxis.py:811:15:booleano                   booleano: and ↔ or
     ·  nucleo/sintaxis.py:811:46:comparador                 comparador: GtE → Gt
     ·  nucleo/sintaxis.py:811:63:constante                  constante: 3 → 4
     ·  nucleo/sintaxis.py:812:45:constante                  constante: 0 → 1
     ·  nucleo/sintaxis.py:813:45:constante                  constante: 1 → 2
     ·  nucleo/sintaxis.py:814:45:constante                  constante: 2 → 3
     ·  nucleo/sintaxis.py:816:7:comparador                  comparador: Eq → NotEq
     ·  nucleo/sintaxis.py:817:11:comparador                 comparador: GtE → Gt
     ·  nucleo/sintaxis.py:817:24:constante                  constante: 2 → 3
     ·  nucleo/sintaxis.py:818:37:constante                  constante: 1 → 2
     ·  nucleo/sintaxis.py:819:11:comparador                 comparador: GtE → Gt
     ·  nucleo/sintaxis.py:819:24:constante                  constante: 3 → 4
     ·  nucleo/sintaxis.py:820:37:constante                  constante: 2 → 3
     ·  nucleo/sintaxis.py:822:7:comparador                  comparador: Eq → NotEq
     ·  nucleo/sintaxis.py:823:11:comparador                 comparador: GtE → Gt
     ·  nucleo/sintaxis.py:823:24:constante                  constante: 3 → 4
     ·  nucleo/sintaxis.py:824:37:constante                  constante: 2 → 3
     ·  nucleo/sintaxis.py:825:11:comparador                 comparador: GtE → Gt
     ·  nucleo/sintaxis.py:825:24:constante                  constante: 4 → 5
     ·  nucleo/sintaxis.py:826:37:constante                  constante: 3 → 4
     ·  nucleo/sintaxis.py:827:11:comparador                 comparador: GtE → Gt
     ·  nucleo/sintaxis.py:827:24:constante                  constante: 5 → 6
     ·  nucleo/sintaxis.py:828:37:constante                  constante: 4 → 5
     ·  nucleo/sintaxis.py:830:7:comparador                  comparador: Eq → NotEq
     ·  nucleo/sintaxis.py:831:25:constante                  constante: 1 → 2
     ·  nucleo/sintaxis.py:832:15:booleano                   booleano: and ↔ or
     ·  nucleo/sintaxis.py:832:42:comparador                 comparador: GtE → Gt
     ·  nucleo/sintaxis.py:832:55:constante                  constante: 4 → 5
     ·  nucleo/sintaxis.py:832:61:comparador                 comparador: Eq → NotEq
     ·  nucleo/sintaxis.py:832:66:constante                  constante: 0 → 1
     ·  nucleo/sintaxis.py:833:41:constante                  constante: 1 → 2
     ·  nucleo/sintaxis.py:834:41:constante                  constante: 2 → 3
     ·  nucleo/sintaxis.py:835:41:constante                  constante: 3 → 4
     ·  nucleo/sintaxis.py:839:7:comparador                  comparador: Eq → NotEq
     ·  nucleo/sintaxis.py:840:11:comparador                 comparador: GtE → Gt
     ·  nucleo/sintaxis.py:840:24:constante                  constante: 2 → 3
     ·  nucleo/sintaxis.py:841:37:constante                  constante: 1 → 2
     ·  nucleo/sintaxis.py:843:7:comparador                  comparador: Eq → NotEq
     ·  nucleo/sintaxis.py:844:11:comparador                 comparador: GtE → Gt
     ·  nucleo/sintaxis.py:844:24:constante                  constante: 2 → 3
     ·  nucleo/sintaxis.py:845:37:constante                  constante: 1 → 2
     ·  nucleo/sintaxis.py:849:11:comparador                 comparador: In → NotIn
     ·  nucleo/sintaxis.py:850:15:comparador                 comparador: In → NotIn
     ·  nucleo/sintaxis.py:852:89:constante                  constante: 1 → 2
     ·  nucleo/sintaxis.py:853:15:comparador                 comparador: Is → IsNot
     ·  nucleo/sintaxis.py:855:68:constante                  constante: 1 → 2
     ·  nucleo/sintaxis.py:858:71:constante                  constante: 1 → 2
     ·  nucleo/sintaxis.py:861:21:constante                  constante: 1 → 2
     ·  nucleo/sintaxis.py:872:15:comparador                 comparador: NotIn → In
     ·  nucleo/sintaxis.py:874:61:comparador                 comparador: NotIn → In
     ·  nucleo/sintaxis.py:877:79:constante                  constante: 0 → 1
     ·  nucleo/sintaxis.py:878:4:retorno                     retorno: return <algo> → return None
     ·  nucleo/sintaxis.py:883:7:comparador                  comparador: Eq → NotEq
     ·  nucleo/sintaxis.py:884:8:retorno                     retorno: return <algo> → return None
     ·  nucleo/sintaxis.py:885:8:booleano                    booleano: and ↔ or
     ·  nucleo/sintaxis.py:885:8:comparador                  comparador: Eq → NotEq
     ·  nucleo/sintaxis.py:885:32:constante                  constante: 1 → 2
     ·  nucleo/sintaxis.py:885:38:comparador                 comparador: GtE → Gt
     ·  nucleo/sintaxis.py:885:63:constante                  constante: 2 → 3
     ·  nucleo/sintaxis.py:886:16:comparador                 comparador: Eq → NotEq
     ·  nucleo/sintaxis.py:886:34:constante                  constante: 2 → 3
     ·  nucleo/sintaxis.py:887:8:retorno                     retorno: return <algo> → return None
     ·  nucleo/sintaxis.py:887:36:constante                  constante: 2 → 3
     ·  nucleo/sintaxis.py:887:58:constante                  constante: 1 → 2
     ·  nucleo/sintaxis.py:894:56:constante                  constante: 1 → 2
     ·  nucleo/sintaxis.py:895:7:comparador                  comparador: Eq → NotEq
     ·  nucleo/sintaxis.py:897:11:booleano                   booleano: and ↔ or
     ·  nucleo/sintaxis.py:897:11:comparador                 comparador: NotEq → Eq
     ·  nucleo/sintaxis.py:897:29:comparador                 comparador: NotEq → Eq
     ·  nucleo/sintaxis.py:897:51:constante                  constante: 1 → 2
     ·  nucleo/sintaxis.py:898:25:constante                  constante: 0 → 1
     ·  nucleo/sintaxis.py:913:12:booleano                   booleano: and ↔ or
     ·  nucleo/sintaxis.py:913:12:comparador                 comparador: Eq → NotEq
     ·  nucleo/sintaxis.py:913:37:negacion                   negacion: se borra el `not`
     ·  nucleo/sintaxis.py:914:20:comparador                 comparador: NotIn → In
     ·  nucleo/sintaxis.py:914:56:comparador                 comparador: NotEq → Eq
     ·  nucleo/sintaxis.py:915:25:constante                  constante: 0 → 1
     ·  nucleo/sintaxis.py:917:12:booleano                   booleano: and ↔ or
     ·  nucleo/sintaxis.py:917:12:comparador                 comparador: Eq → NotEq
     ·  nucleo/sintaxis.py:917:38:negacion                   negacion: se borra el `not`
     ·  nucleo/sintaxis.py:918:20:comparador                 comparador: NotIn → In
     ·  nucleo/sintaxis.py:918:45:comparador                 comparador: NotEq → Eq
     ·  nucleo/sintaxis.py:919:25:constante                  constante: 0 → 1
     ·  nucleo/sintaxis.py:922:43:constante                  constante: 0 → 1
     ·  nucleo/sintaxis.py:923:8:retorno                     retorno: return <algo> → return None
     ·  nucleo/sintaxis.py:923:40:constante                  constante: 0 → 1
     ·  nucleo/sintaxis.py:924:7:comparador                  comparador: Eq → NotEq
     ·  nucleo/sintaxis.py:925:43:constante                  constante: 0 → 1
     ·  nucleo/sintaxis.py:926:8:retorno                     retorno: return <algo> → return None
     ·  nucleo/sintaxis.py:926:42:constante                  constante: 0 → 1
     ·  nucleo/sintaxis.py:927:4:retorno                     retorno: return <algo> → return None
     ·  nucleo/sintaxis.py:927:37:constante                  constante: 0 → 1
     ·  nucleo/sintaxis.py:931:27:constante                  constante: 1 → 2
     ·  nucleo/sintaxis.py:932:7:booleano                    booleano: and ↔ or
     ·  nucleo/sintaxis.py:932:7:negacion                    negacion: se borra el `not`
     ·  nucleo/sintaxis.py:932:24:negacion                   negacion: se borra el `not`
     ·  nucleo/sintaxis.py:933:8:retorno                     retorno: return <algo> → return None
     ·  nucleo/sintaxis.py:933:15:constante                  constante: True → False
     ·  nucleo/sintaxis.py:934:32:constante                  constante: 0 → 1
     ·  nucleo/sintaxis.py:934:35:constante                  constante: 1 → 2
     ·  nucleo/sintaxis.py:934:39:constante                  constante: 1 → 2
     ·  nucleo/sintaxis.py:934:49:constante                  constante: 0 → 1
     ·  nucleo/sintaxis.py:934:52:constante                  constante: 0 → 1
     ·  nucleo/sintaxis.py:934:67:constante                  constante: 1 → 2
     ·  nucleo/sintaxis.py:934:70:constante                  constante: 0 → 1
     ·  nucleo/sintaxis.py:935:4:retorno                     retorno: return <algo> → return None
     ·  nucleo/sintaxis.py:935:11:comparador                 comparador: Eq → NotEq
     ·  nucleo/sintaxis.py:935:32:constante                  constante: 0 → 1
     ·  nucleo/sintaxis.py:940:55:constante                  constante: 1 → 2
     ·  nucleo/sintaxis.py:941:7:booleano                    booleano: and ↔ or
     ·  nucleo/sintaxis.py:941:7:comparador                  comparador: GtE → Gt
     ·  nucleo/sintaxis.py:941:32:constante                  constante: 2 → 3
     ·  nucleo/sintaxis.py:941:38:comparador                 comparador: Eq → NotEq
     ·  nucleo/sintaxis.py:941:56:constante                  constante: 2 → 3
     ·  nucleo/sintaxis.py:942:46:constante                  constante: 1 → 2
     ·  nucleo/sintaxis.py:942:49:constante                  constante: 2 → 3
     ·  nucleo/sintaxis.py:942:71:constante                  constante: 1 → 2
     ·  nucleo/sintaxis.py:944:12:booleano                   booleano: and ↔ or
     ·  nucleo/sintaxis.py:944:12:comparador                 comparador: Gt → GtE
     ·  nucleo/sintaxis.py:945:20:comparador                 comparador: Eq → NotEq
     ·  nucleo/sintaxis.py:947:62:constante                  constante: 1 → 2
     ·  nucleo/sintaxis.py:948:7:comparador                  comparador: Is → IsNot
     ·  nucleo/sintaxis.py:950:37:constante                  constante: 1 → 2
     ·  nucleo/sintaxis.py:951:12:booleano                   booleano: and ↔ or
     ·  nucleo/sintaxis.py:951:12:comparador                 comparador: Lt → LtE
     ·  nucleo/sintaxis.py:951:51:comparador                 comparador: GtE → Gt
     ·  nucleo/sintaxis.py:951:76:constante                  constante: 2 → 3
     ·  nucleo/sintaxis.py:952:20:comparador                 comparador: Eq → NotEq
     ·  nucleo/sintaxis.py:952:38:constante                  constante: 2 → 3
     ·  nucleo/sintaxis.py:953:49:constante                  constante: 1 → 2
     ·  nucleo/sintaxis.py:953:52:constante                  constante: 2 → 3
     ·  nucleo/sintaxis.py:953:74:constante                  constante: 1 → 2
     ·  nucleo/sintaxis.py:955:27:constante                  constante: 1 → 2
     ·  nucleo/sintaxis.py:956:7:comparador                  comparador: NotEq → Eq
     ·  nucleo/sintaxis.py:961:34:constante                  constante: 1 → 2
     ·  nucleo/sintaxis.py:961:53:constante                  constante: True → False
     ·  nucleo/sintaxis.py:962:26:constante                  constante: 0 → 1
     ·  nucleo/sintaxis.py:963:77:constante                  constante: 2 → 3
     ·  nucleo/sintaxis.py:966:4:retorno                     retorno: return <algo> → return None
     ·  nucleo/sintaxis.py:971:54:constante                  constante: 1 → 2
     ·  nucleo/sintaxis.py:973:7:negacion                    negacion: se borra el `not`
     ·  nucleo/sintaxis.py:974:34:constante                  constante: 1 → 2
     ·  nucleo/sintaxis.py:975:89:constante                  constante: True → False
     ·  nucleo/sintaxis.py:980:59:constante                  constante: 0 → 1
     ·  nucleo/sintaxis.py:982:34:constante                  constante: 1 → 2
     ·  nucleo/sintaxis.py:982:53:constante                  constante: True → False
     ·  nucleo/sintaxis.py:984:43:constante                  constante: 1 → 2
     ·  nucleo/sintaxis.py:987:46:constante                  constante: 1 → 2
     ·  nucleo/sintaxis.py:987:57:constante                  constante: 1 → 2
     ·  nucleo/sintaxis.py:991:7:comparador                  comparador: NotEq → Eq
     ·  nucleo/sintaxis.py:994:54:constante                  constante: 0 → 1
     ·  nucleo/sintaxis.py:995:16:constante                  constante: 0 → 1
     ·  nucleo/sintaxis.py:996:49:constante                  constante: 1 → 2
     ·  nucleo/sintaxis.py:996:60:constante                  constante: 1 → 2
     ·  nucleo/sintaxis.py:997:11:comparador                 comparador: In → NotIn
     ·  nucleo/sintaxis.py:999:25:constante                  constante: 1 → 2
     ·  nucleo/sintaxis.py:1001:45:comparador                comparador: Lt → LtE
     ·  nucleo/sintaxis.py:1001:39:constante                 constante: 0 → 1
     ·  nucleo/sintaxis.py:1002:24:constante                 constante: 1 → 2
     ·  nucleo/sintaxis.py:1002:27:constante                 constante: 0 → 1
     ·  nucleo/sintaxis.py:1002:32:constante                 constante: 1 → 2
     ·  nucleo/sintaxis.py:1002:68:constante                 constante: 1 → 2
     ·  nucleo/sintaxis.py:1008:24:constante                 constante: True → False
     ·  nucleo/sintaxis.py:1008:41:constante                 constante: False → True
     ·  nucleo/sintaxis.py:1009:27:constante                 constante: 0 → 1
     ·  nucleo/sintaxis.py:1010:35:constante                 constante: 1 → 2
     ·  nucleo/sintaxis.py:1017:11:negacion                  negacion: se borra el `not`
     ·  nucleo/sintaxis.py:1017:16:booleano                  booleano: and ↔ or
     ·  nucleo/sintaxis.py:1017:16:comparador                comparador: GtE → Gt
     ·  nucleo/sintaxis.py:1017:35:constante                 constante: 2 → 3
     ·  nucleo/sintaxis.py:1017:41:comparador                comparador: Eq → NotEq
     ·  nucleo/sintaxis.py:1017:53:constante                 constante: 2 → 3
     ·  nucleo/sintaxis.py:1019:31:constante                 constante: 0 → 1
     ·  nucleo/sintaxis.py:1026:43:constante                 constante: 2 → 3
     ·  nucleo/sintaxis.py:1026:59:constante                 constante: 1 → 2
     ·  nucleo/sintaxis.py:1027:57:comparador                comparador: NotIn → In
     ·  nucleo/sintaxis.py:1028:7:comparador                 comparador: NotEq → Eq
     ·  nucleo/sintaxis.py:1029:59:comparador                comparador: NotEq → Eq
     ·  nucleo/sintaxis.py:1031:34:constante                 constante: 1 → 2
     ·  nucleo/sintaxis.py:1032:81:constante                 constante: 0 → 1
     ·  nucleo/sintaxis.py:1033:46:constante                 constante: True → False
     ·  nucleo/sintaxis.py:1034:4:retorno                    retorno: return <algo> → return None
     ·  nucleo/sintaxis.py:1039:50:constante                 constante: 1 → 2
     ·  nucleo/sintaxis.py:1041:8:retorno                    retorno: return <algo> → return None
     ·  nucleo/sintaxis.py:1044:4:retorno                    retorno: return <algo> → return None
     ·  nucleo/sintaxis.py:1051:47:constante                 constante: False → True
     ·  nucleo/sintaxis.py:1052:42:constante                 constante: True → False
     ·  nucleo/sintaxis.py:1053:27:constante                 constante: 0 → 1
     ·  nucleo/sintaxis.py:1055:7:negacion                   negacion: se borra el `not`
     ·  nucleo/sintaxis.py:1056:19:constante                 constante: 1 → 2
     ·  nucleo/sintaxis.py:1058:41:constante                 constante: 1 → 2
     ·  nucleo/sintaxis.py:1060:7:comparador                 comparador: NotEq → Eq
     ·  nucleo/sintaxis.py:1062:11:comparador                comparador: NotIn → In
     ·  nucleo/sintaxis.py:1063:23:constante                 constante: 1 → 2
     ·  nucleo/sintaxis.py:1064:7:booleano                   booleano: and ↔ or
     ·  nucleo/sintaxis.py:1064:23:booleano                  booleano: and ↔ or
     ·  nucleo/sintaxis.py:1064:23:negacion                  negacion: se borra el `not`
     ·  nucleo/sintaxis.py:1064:51:comparador                comparador: Is → IsNot
     ·  nucleo/sintaxis.py:1067:20:constante                 constante: 1 → 2
     ·  nucleo/sintaxis.py:1068:7:comparador                 comparador: Eq → NotEq
     ·  nucleo/sintaxis.py:1069:8:retorno                    retorno: return <algo> → return None
     ·  nucleo/sintaxis.py:1070:4:retorno                    retorno: return <algo> → return None
     ·  nucleo/sintaxis.py:1077:20:constante                 constante: 0 → 1
     ·  nucleo/sintaxis.py:1078:7:comparador                 comparador: Eq → NotEq
     ·  nucleo/sintaxis.py:1080:9:comparador                 comparador: Eq → NotEq
     ·  nucleo/sintaxis.py:1088:22:constante                 constante: 1 → 2
     ·  nucleo/sintaxis.py:1093:7:comparador                 comparador: NotEq → Eq
     ·  nucleo/sintaxis.py:1095:4:retorno                    retorno: return <algo> → return None
     ·  nucleo/sintaxis.py:1102:52:constante                 constante: 2 → 3
     ·  nucleo/sintaxis.py:1105:7:booleano                   booleano: and ↔ or
     ·  nucleo/sintaxis.py:1105:7:negacion                   negacion: se borra el `not`
     ·  nucleo/sintaxis.py:1105:18:negacion                  negacion: se borra el `not`
     ·  nucleo/sintaxis.py:1105:39:comparador                comparador: NotEq → Eq
     ·  nucleo/sintaxis.py:1105:66:comparador                comparador: NotEq → Eq
     ·  nucleo/sintaxis.py:1105:96:constante                 constante: 1 → 2
     ·  nucleo/sintaxis.py:1106:21:constante                 constante: 0 → 1
     ·  nucleo/sintaxis.py:1108:23:constante                 constante: 0 → 1
     ·  nucleo/sintaxis.py:1110:7:comparador                 comparador: IsNot → Is
     ·  nucleo/sintaxis.py:1111:43:constante                 constante: 0 → 1
     ·  nucleo/sintaxis.py:1112:40:constante                 constante: 0 → 1
     ·  nucleo/sintaxis.py:1112:49:constante                 constante: 0 → 1
     ·  nucleo/sintaxis.py:1113:45:constante                 constante: 1 → 2
     ·  nucleo/sintaxis.py:1113:60:constante                 constante: 0 → 1
     ·  nucleo/sintaxis.py:1114:45:constante                 constante: 2 → 3
     ·  nucleo/sintaxis.py:1114:60:constante                 constante: 1 → 2
     ·  nucleo/sintaxis.py:1115:4:retorno                    retorno: return <algo> → return None
     ·  nucleo/sintaxis.py:1115:45:constante                 constante: 0 → 1
     ·  nucleo/sintaxis.py:1115:60:constante                 constante: 0 → 1
     ·  nucleo/sintaxis.py:1115:69:constante                 constante: 1 → 2
     ·  nucleo/sintaxis.py:1121:49:constante                 constante: 2 → 3
     ·  nucleo/sintaxis.py:1124:7:booleano                   booleano: and ↔ or
     ·  nucleo/sintaxis.py:1124:7:negacion                   negacion: se borra el `not`
     ·  nucleo/sintaxis.py:1124:18:negacion                  negacion: se borra el `not`
     ·  nucleo/sintaxis.py:1124:39:comparador                comparador: NotEq → Eq
     ·  nucleo/sintaxis.py:1124:66:comparador                comparador: NotEq → Eq
     ·  nucleo/sintaxis.py:1124:96:constante                 constante: 1 → 2
     ·  nucleo/sintaxis.py:1125:21:constante                 constante: 0 → 1
     ·  nucleo/sintaxis.py:1126:7:comparador                 comparador: IsNot → Is
     ·  nucleo/sintaxis.py:1127:43:constante                 constante: 0 → 1
     ·  nucleo/sintaxis.py:1128:40:constante                 constante: 0 → 1
     ·  nucleo/sintaxis.py:1128:49:constante                 constante: 0 → 1
     ·  nucleo/sintaxis.py:1129:4:retorno                    retorno: return <algo> → return None
     ·  nucleo/sintaxis.py:1129:45:constante                 constante: 0 → 1
     ·  nucleo/sintaxis.py:1130:23:constante                 constante: 0 → 1
     ·  nucleo/sintaxis.py:1130:78:constante                 constante: 1 → 2
     ·  nucleo/sintaxis.py:1135:43:constante                 constante: 3 → 4
     ·  nucleo/sintaxis.py:1136:51:constante                 constante: 1 → 2
     ·  nucleo/sintaxis.py:1137:46:constante                 constante: 0 → 1
     ·  nucleo/sintaxis.py:1139:7:comparador                 comparador: IsNot → Is
     ·  nucleo/sintaxis.py:1140:43:constante                 constante: 0 → 1
     ·  nucleo/sintaxis.py:1141:40:constante                 constante: 0 → 1
     ·  nucleo/sintaxis.py:1141:49:constante                 constante: 0 → 1
     ·  nucleo/sintaxis.py:1142:45:constante                 constante: 1 → 2
     ·  nucleo/sintaxis.py:1142:60:constante                 constante: 0 → 1
     ·  nucleo/sintaxis.py:1143:45:constante                 constante: 2 → 3
     ·  nucleo/sintaxis.py:1143:60:constante                 constante: 1 → 2
     ·  nucleo/sintaxis.py:1144:4:retorno                    retorno: return <algo> → return None
     ·  nucleo/sintaxis.py:1144:28:constante                 constante: 0 → 1
     ·  nucleo/sintaxis.py:1144:37:constante                 constante: 1 → 2
     ·  nucleo/sintaxis.py:1154:7:comparador                 comparador: Is → IsNot
     ·  nucleo/sintaxis.py:1158:29:constante                 constante: 2 → 3
     ·  nucleo/sintaxis.py:1158:32:constante                 constante: 1 → 2
     ·  nucleo/sintaxis.py:1159:39:constante                 constante: 1 → 2
     ·  nucleo/sintaxis.py:1159:42:constante                 constante: 0 → 1
     ·  nucleo/sintaxis.py:1159:46:constante                 constante: 1 → 2
     ·  nucleo/sintaxis.py:1161:40:constante                 constante: 2 → 3
     ·  nucleo/sintaxis.py:1161:49:constante                 constante: 0 → 1
     ·  nucleo/sintaxis.py:1162:23:constante                 constante: 1 → 2
     ·  nucleo/sintaxis.py:1163:27:constante                 constante: 0 → 1
     ·  nucleo/sintaxis.py:1164:39:constante                 constante: 0 → 1
     ·  nucleo/sintaxis.py:1169:7:negacion                   negacion: se borra el `not`
     ·  nucleo/sintaxis.py:1170:16:constante                 constante: 2 → 3
     ·  nucleo/sintaxis.py:1170:19:constante                 constante: 1 → 2
     ·  nucleo/sintaxis.py:1171:33:constante                 constante: 0 → 1
     ·  nucleo/sintaxis.py:1171:49:constante                 constante: True → False
     ·  nucleo/sintaxis.py:1171:63:constante                 constante: 0 → 1
     ·  nucleo/sintaxis.py:1172:8:constante                  constante: 1 → 2
     ·  nucleo/sintaxis.py:1173:10:comparador                comparador: Lt → LtE
     ·  nucleo/sintaxis.py:1175:11:negacion                  negacion: se borra el `not`
     ·  nucleo/sintaxis.py:1175:33:constante                 constante: 1 → 2
     ·  nucleo/sintaxis.py:1177:65:constante                 constante: True → False
     ·  nucleo/sintaxis.py:1178:13:constante                 constante: 1 → 2
     ·  nucleo/sintaxis.py:1188:21:constante                 constante: 0 → 1
     ·  nucleo/sintaxis.py:1188:24:constante                 constante: 0 → 1
     ·  nucleo/sintaxis.py:1189:48:constante                 constante: 1 → 2
     ·  nucleo/sintaxis.py:1194:10:comparador                comparador: Lt → LtE
     ·  nucleo/sintaxis.py:1196:35:constante                 constante: 1 → 2
     ·  nucleo/sintaxis.py:1198:65:constante                 constante: 1 → 2
     ·  nucleo/sintaxis.py:1199:25:constante                 constante: 2 → 3
     ·  nucleo/sintaxis.py:1199:41:constante                 constante: 2 → 3
     ·  nucleo/sintaxis.py:1200:61:constante                 constante: 1 → 2
     ·  nucleo/sintaxis.py:1201:49:constante                 constante: 0 → 1
     ·  nucleo/sintaxis.py:1201:67:constante                 constante: 1 → 2
     ·  nucleo/sintaxis.py:1203:60:constante                 constante: 1 → 2
     ·  nucleo/sintaxis.py:1204:17:constante                 constante: 1 → 2
     ·  nucleo/sintaxis.py:1207:60:constante                 constante: 1 → 2
     ·  nucleo/sintaxis.py:1209:15:booleano                  booleano: and ↔ or
     ·  nucleo/sintaxis.py:1209:15:comparador                comparador: Lt → LtE
     ·  nucleo/sintaxis.py:1209:29:constante                 constante: 1 → 2
     ·  nucleo/sintaxis.py:1209:34:comparador                comparador: NotIn → In
     ·  nucleo/sintaxis.py:1209:41:constante                 constante: 0 → 1
     ·  nucleo/sintaxis.py:1210:31:constante                 constante: 0 → 1
     ·  nucleo/sintaxis.py:1210:65:constante                 constante: 0 → 1
     ·  nucleo/sintaxis.py:1211:49:comparador                comparador: Eq → NotEq
     ·  nucleo/sintaxis.py:1211:56:constante                 constante: 0 → 1
     ·  nucleo/sintaxis.py:1211:36:constante                 constante: 0 → 1
     ·  nucleo/sintaxis.py:1211:87:constante                 constante: 0 → 1
     ·  nucleo/sintaxis.py:1212:15:booleano                  booleano: and ↔ or
     ·  nucleo/sintaxis.py:1212:15:comparador                comparador: Lt → LtE
     ·  nucleo/sintaxis.py:1212:29:constante                 constante: 2 → 3
     ·  nucleo/sintaxis.py:1212:34:comparador                comparador: NotIn → In
     ·  nucleo/sintaxis.py:1212:41:constante                 constante: 1 → 2
     ·  nucleo/sintaxis.py:1213:43:comparador                comparador: Gt → GtE
     ·  nucleo/sintaxis.py:1213:57:constante                 constante: 1 → 2
     ·  nucleo/sintaxis.py:1213:31:constante                 constante: 1 → 2
     ·  nucleo/sintaxis.py:1214:45:comparador                comparador: Gt → GtE
     ·  nucleo/sintaxis.py:1214:59:constante                 constante: 1 → 2
     ·  nucleo/sintaxis.py:1214:31:constante                 constante: 1 → 2
     ·  nucleo/sintaxis.py:1214:74:constante                 constante: 0 → 1
     ·  nucleo/sintaxis.py:1214:98:constante                 constante: 0 → 1
     ·  nucleo/sintaxis.py:1214:110:constante                constante: 1 → 2
     ·  nucleo/sintaxis.py:1216:46:comparador                comparador: Eq → NotEq
     ·  nucleo/sintaxis.py:1216:53:constante                 constante: 1 → 2
     ·  nucleo/sintaxis.py:1216:33:constante                 constante: 1 → 2
     ·  nucleo/sintaxis.py:1216:84:constante                 constante: 1 → 2
     ·  nucleo/sintaxis.py:1217:15:booleano                  booleano: and ↔ or
     ·  nucleo/sintaxis.py:1217:15:comparador                comparador: Lt → LtE
     ·  nucleo/sintaxis.py:1217:29:constante                 constante: 3 → 4
     ·  nucleo/sintaxis.py:1217:34:comparador                comparador: NotEq → Eq
     ·  nucleo/sintaxis.py:1217:41:constante                 constante: 2 → 3
     ·  nucleo/sintaxis.py:1217:63:comparador                comparador: NotEq → Eq
     ·  nucleo/sintaxis.py:1217:70:constante                 constante: 2 → 3
     ·  nucleo/sintaxis.py:1218:43:comparador                comparador: Gt → GtE
     ·  nucleo/sintaxis.py:1218:57:constante                 constante: 2 → 3
     ·  nucleo/sintaxis.py:1218:31:constante                 constante: 2 → 3
     ·  nucleo/sintaxis.py:1219:45:comparador                comparador: Gt → GtE
     ·  nucleo/sintaxis.py:1219:59:constante                 constante: 2 → 3
     ·  nucleo/sintaxis.py:1219:31:constante                 constante: 2 → 3
     ·  nucleo/sintaxis.py:1219:74:constante                 constante: 1 → 2
     ·  nucleo/sintaxis.py:1219:98:constante                 constante: 1 → 2
     ·  nucleo/sintaxis.py:1219:110:constante                constante: 1 → 2
     ·  nucleo/sintaxis.py:1221:15:comparador                comparador: Lt → LtE
     ·  nucleo/sintaxis.py:1221:29:constante                 constante: 4 → 5
     ·  nucleo/sintaxis.py:1222:31:constante                 constante: 2 → 3
     ·  nucleo/sintaxis.py:1222:48:constante                 constante: 2 → 3
     ·  nucleo/sintaxis.py:1223:30:constante                 constante: 3 → 4
     ·  nucleo/sintaxis.py:1226:25:constante                 constante: 2 → 3
     ·  nucleo/sintaxis.py:1226:41:constante                 constante: 2 → 3
     ·  nucleo/sintaxis.py:1227:61:constante                 constante: 1 → 2
     ·  nucleo/sintaxis.py:1228:49:constante                 constante: 0 → 1
     ·  nucleo/sintaxis.py:1228:67:constante                 constante: 1 → 2
     ·  nucleo/sintaxis.py:1229:49:constante                 constante: 1 → 2
     ·  nucleo/sintaxis.py:1229:60:constante                 constante: 0 → 1
     ·  nucleo/sintaxis.py:1229:77:constante                 constante: 0 → 1
     ·  nucleo/sintaxis.py:1230:49:constante                 constante: 1 → 2
     ·  nucleo/sintaxis.py:1230:52:constante                 constante: 1 → 2
     ·  nucleo/sintaxis.py:1230:63:constante                 constante: 0 → 1
     ·  nucleo/sintaxis.py:1230:80:constante                 constante: 0 → 1
     ·  nucleo/sintaxis.py:1231:49:constante                 constante: 1 → 2
     ·  nucleo/sintaxis.py:1231:52:constante                 constante: 2 → 3
     ·  nucleo/sintaxis.py:1231:63:constante                 constante: 1 → 2
     ·  nucleo/sintaxis.py:1231:80:constante                 constante: 1 → 2
     ·  nucleo/sintaxis.py:1232:89:constante                 constante: 2 → 3
     ·  nucleo/sintaxis.py:1234:17:constante                 constante: 1 → 2
     ·  nucleo/sintaxis.py:1236:11:comparador                comparador: Eq → NotEq
     ·  nucleo/sintaxis.py:1237:25:constante                 constante: 2 → 3
     ·  nucleo/sintaxis.py:1237:41:constante                 constante: 2 → 3
     ·  nucleo/sintaxis.py:1238:61:constante                 constante: 1 → 2
     ·  nucleo/sintaxis.py:1239:49:constante                 constante: 0 → 1
     ·  nucleo/sintaxis.py:1239:67:constante                 constante: 1 → 2
     ·  nucleo/sintaxis.py:1240:17:constante                 constante: 1 → 2
     ·  nucleo/sintaxis.py:1243:18:comparador                comparador: Lt → LtE
     ·  nucleo/sintaxis.py:1245:19:negacion                  negacion: se borra el `not`
     ·  nucleo/sintaxis.py:1247:45:constante                 constante: 2 → 3
     ·  nucleo/sintaxis.py:1251:42:constante                 constante: 1 → 2
     ·  nucleo/sintaxis.py:1255:42:constante                 constante: 2 → 3
     ·  nucleo/sintaxis.py:1257:44:constante                 constante: 1 → 2
     ·  nucleo/sintaxis.py:1258:21:constante                 constante: 1 → 2
     ·  nucleo/sintaxis.py:1270:7:comparador                 comparador: GtE → Gt
     ·  nucleo/sintaxis.py:1271:24:constante                 constante: 1 → 2
     ·  nucleo/sintaxis.py:1271:27:constante                 constante: 0 → 1
     ·  nucleo/sintaxis.py:1271:32:constante                 constante: 1 → 2
     ·  nucleo/sintaxis.py:1271:35:constante                 constante: 1 → 2
     ·  nucleo/sintaxis.py:1272:70:constante                 constante: 3 → 4
     ·  nucleo/sintaxis.py:1273:9:constante                  constante: 1 → 2
     ·  nucleo/sintaxis.py:1274:7:comparador                 comparador: GtE → Gt
     ·  nucleo/sintaxis.py:1275:24:constante                 constante: 1 → 2
     ·  nucleo/sintaxis.py:1275:27:constante                 constante: 0 → 1
     ·  nucleo/sintaxis.py:1275:32:constante                 constante: 1 → 2
     ·  nucleo/sintaxis.py:1275:35:constante                 constante: 1 → 2
     ·  nucleo/sintaxis.py:1276:29:constante                 constante: 4 → 5
     ·  nucleo/sintaxis.py:1276:44:constante                 constante: 0 → 1
     ·  nucleo/sintaxis.py:1276:59:constante                 constante: 1 → 2
     ·  nucleo/sintaxis.py:1277:29:constante                 constante: 4 → 5
     ·  nucleo/sintaxis.py:1277:32:constante                 constante: 0 → 1
     ·  nucleo/sintaxis.py:1277:46:constante                 constante: 0 → 1
     ·  nucleo/sintaxis.py:1277:61:constante                 constante: 1 → 2
     ·  nucleo/sintaxis.py:1279:42:constante                 constante: 1 → 2
     ·  nucleo/sintaxis.py:1280:9:constante                  constante: 1 → 2
     ·  nucleo/sintaxis.py:1282:22:constante                 constante: True → False
     ·  nucleo/sintaxis.py:1283:10:booleano                  booleano: and ↔ or
     ·  nucleo/sintaxis.py:1283:10:comparador                comparador: Lt → LtE
     ·  nucleo/sintaxis.py:1283:51:constante                 constante: 1 → 2
     ·  nucleo/sintaxis.py:1283:55:constante                 constante: 1 → 2
     ·  nucleo/sintaxis.py:1283:68:constante                 constante: 0 → 1
     ·  nucleo/sintaxis.py:1285:37:constante                 constante: 5 → 6
     ·  nucleo/sintaxis.py:1285:52:constante                 constante: 0 → 1
     ·  nucleo/sintaxis.py:1285:67:constante                 constante: 1 → 2
     ·  nucleo/sintaxis.py:1286:37:constante                 constante: 5 → 6
     ·  nucleo/sintaxis.py:1286:40:constante                 constante: 0 → 1
     ·  nucleo/sintaxis.py:1286:54:constante                 constante: 0 → 1
     ·  nucleo/sintaxis.py:1286:69:constante                 constante: 1 → 2
     ·  nucleo/sintaxis.py:1287:30:constante                 constante: False → True
     ·  nucleo/sintaxis.py:1288:47:constante                 constante: 1 → 2
     ·  nucleo/sintaxis.py:1290:13:constante                 constante: 1 → 2
     ·  nucleo/sintaxis.py:1293:7:booleano                   booleano: and ↔ or
     ·  nucleo/sintaxis.py:1293:7:comparador                 comparador: Lt → LtE
     ·  nucleo/sintaxis.py:1293:48:constante                 constante: 1 → 2
     ·  nucleo/sintaxis.py:1293:52:constante                 constante: 1 → 2
     ·  nucleo/sintaxis.py:1293:65:constante                 constante: 0 → 1
     ·  nucleo/sintaxis.py:1294:30:comparador                comparador: IsNot → Is
     ·  nucleo/sintaxis.py:1294:23:constante                 constante: 6 → 7
     ·  nucleo/sintaxis.py:1294:57:constante                 constante: 5 → 6
     ·  nucleo/sintaxis.py:1295:55:constante                 constante: 0 → 1
     ·  nucleo/sintaxis.py:1295:70:constante                 constante: 1 → 2
     ·  nucleo/sintaxis.py:1296:47:constante                 constante: 0 → 1
     ·  nucleo/sintaxis.py:1296:61:constante                 constante: 0 → 1
     ·  nucleo/sintaxis.py:1296:76:constante                 constante: 1 → 2
     ·  nucleo/sintaxis.py:1298:13:constante                 constante: 1 → 2
     ·  nucleo/sintaxis.py:1299:7:comparador                 comparador: GtE → Gt
     ·  nucleo/sintaxis.py:1300:24:constante                 constante: 1 → 2
     ·  nucleo/sintaxis.py:1300:27:constante                 constante: 0 → 1
     ·  nucleo/sintaxis.py:1300:32:constante                 constante: 1 → 2
     ·  nucleo/sintaxis.py:1300:35:constante                 constante: 1 → 2
     ·  nucleo/sintaxis.py:1301:20:constante                 constante: 5 → 6
     ·  nucleo/sintaxis.py:1301:28:comparador                comparador: IsNot → Is
     ·  nucleo/sintaxis.py:1301:56:comparador                comparador: IsNot → Is
     ·  nucleo/sintaxis.py:1302:52:constante                 constante: 0 → 1
     ·  nucleo/sintaxis.py:1302:67:constante                 constante: 1 → 2
     ·  nucleo/sintaxis.py:1303:44:constante                 constante: 0 → 1
     ·  nucleo/sintaxis.py:1303:58:constante                 constante: 0 → 1
     ·  nucleo/sintaxis.py:1303:73:constante                 constante: 1 → 2
     ·  nucleo/sintaxis.py:1304:64:constante                 constante: 1 → 2
     ·  nucleo/sintaxis.py:1305:9:constante                  constante: 1 → 2
     ·  nucleo/sintaxis.py:1306:7:comparador                 comparador: NotEq → Eq
     ·  nucleo/sintaxis.py:1308:54:constante                 constante: 1 → 2
     ·  nucleo/sintaxis.py:1314:7:comparador                 comparador: IsNot → Is
     ·  nucleo/sintaxis.py:1316:7:comparador                 comparador: IsNot → Is
     ·  nucleo/sintaxis.py:1319:4:retorno                    retorno: return <algo> → return None
     ·  nucleo/sintaxis.py:1325:50:constante                 constante: 1 → 2
     ·  nucleo/sintaxis.py:1329:11:comparador                comparador: Eq → NotEq
     ·  nucleo/sintaxis.py:1332:7:comparador                 comparador: Is → IsNot
     ·  nucleo/sintaxis.py:1336:7:negacion                   negacion: se borra el `not`
     ·  nucleo/sintaxis.py:1338:4:retorno                    retorno: return <algo> → return None
     ·  nucleo/sintaxis.py:1343:24:constante                 constante: 0 → 1
     ·  nucleo/sintaxis.py:1344:33:constante                 constante: 1 → 2
     ·  nucleo/sintaxis.py:1346:7:negacion                   negacion: se borra el `not`
     ·  nucleo/sintaxis.py:1347:49:constante                 constante: 1 → 2
     ·  nucleo/sintaxis.py:1349:76:constante                 constante: 1 → 2
     ·  nucleo/sintaxis.py:1351:8:retorno                    retorno: return <algo> → return None
     ·  nucleo/sintaxis.py:1351:73:constante                 constante: True → False
     ·  nucleo/sintaxis.py:1351:90:constante                 constante: False → True
     ·  nucleo/sintaxis.py:1362:16:constante                 constante: False → True
     ·  nucleo/sintaxis.py:1363:8:constante                  constante: 0 → 1
     ·  nucleo/sintaxis.py:1364:10:comparador                comparador: Lt → LtE
     ·  nucleo/sintaxis.py:1367:15:comparador                comparador: Eq → NotEq
     ·  nucleo/sintaxis.py:1368:21:constante                 constante: 2 → 3
     ·  nucleo/sintaxis.py:1370:15:comparador                comparador: Eq → NotEq
     ·  nucleo/sintaxis.py:1371:28:constante                 constante: False → True
     ·  nucleo/sintaxis.py:1372:17:constante                 constante: 1 → 2
     ·  nucleo/sintaxis.py:1374:11:comparador                comparador: Eq → NotEq
     ·  nucleo/sintaxis.py:1375:24:constante                 constante: True → False
     ·  nucleo/sintaxis.py:1376:17:constante                 constante: 1 → 2
     ·  nucleo/sintaxis.py:1378:11:comparador                comparador: Eq → NotEq
     ·  nucleo/sintaxis.py:1379:42:constante                 constante: 1 → 2
     ·  nucleo/sintaxis.py:1381:39:constante                 constante: 0 → 1
     ·  nucleo/sintaxis.py:1381:47:constante                 constante: 1 → 2
     ·  nucleo/sintaxis.py:1384:13:constante                 constante: 1 → 2
     ·  nucleo/sintaxis.py:1385:4:retorno                    retorno: return <algo> → return None
     ·  nucleo/sintaxis.py:1390:20:constante                 constante: 1 → 2
     ·  nucleo/sintaxis.py:1391:8:constante                  constante: 0 → 1
     ·  nucleo/sintaxis.py:1393:10:comparador                comparador: Lt → LtE
     ·  nucleo/sintaxis.py:1395:30:constante                 constante: 1 → 2
     ·  nucleo/sintaxis.py:1397:17:constante                 constante: 1 → 2
     ·  nucleo/sintaxis.py:1400:7:comparador                 comparador: GtE → Gt
     ·  nucleo/sintaxis.py:1401:24:constante                 constante: 1 → 2
     ·  nucleo/sintaxis.py:1401:27:constante                 constante: 0 → 1
     ·  nucleo/sintaxis.py:1401:32:constante                 constante: 1 → 2
     ·  nucleo/sintaxis.py:1401:53:constante                 constante: 1 → 2
     ·  nucleo/sintaxis.py:1401:56:constante                 constante: 1 → 2
     ·  nucleo/sintaxis.py:1415:19:comparador                comparador: Eq → NotEq
     ·  nucleo/sintaxis.py:1415:41:constante                 constante: 0 → 1
     ·  nucleo/sintaxis.py:1417:53:constante                 constante: True → False
     ·  nucleo/sintaxis.py:1420:28:constante                 constante: 0 → 1
     ·  nucleo/sintaxis.py:1420:31:constante                 constante: 1 → 2
     ·  nucleo/sintaxis.py:1421:53:constante                 constante: 0 → 1
     ·  nucleo/sintaxis.py:1422:37:constante                 constante: 1 → 2
     ·  nucleo/sintaxis.py:1423:61:constante                 constante: 0 → 1
     ·  nucleo/sintaxis.py:1424:36:constante                 constante: True → False
     ·  nucleo/sintaxis.py:1426:4:retorno                    retorno: return <algo> → return None
     ·  nucleo/sintaxis.py:1438:7:negacion                   negacion: se borra el `not`
     ·  nucleo/sintaxis.py:1439:16:constante                 constante: 1 → 2
     ·  nucleo/sintaxis.py:1439:19:constante                 constante: 1 → 2
     ·  nucleo/sintaxis.py:1441:27:constante                 constante: 0 → 1
     ·  nucleo/sintaxis.py:1444:34:constante                 constante: 1 → 2
     ·  nucleo/sintaxis.py:1448:54:constante                 constante: 1 → 2
     ·  nucleo/sintaxis.py:1448:73:constante                 constante: True → False
     ·  nucleo/sintaxis.py:1450:24:constante                 constante: 1 → 2
     ·  nucleo/sintaxis.py:1451:11:negacion                  negacion: se borra el `not`
     ·  nucleo/sintaxis.py:1452:24:constante                 constante: 1 → 2
     ·  nucleo/sintaxis.py:1452:27:constante                 constante: 1 → 2
     ·  nucleo/sintaxis.py:1453:31:constante                 constante: 0 → 1
     ·  nucleo/sintaxis.py:1458:11:negacion                  negacion: se borra el `not`
     ·  nucleo/sintaxis.py:1459:23:constante                 constante: 1 → 2
     ·  nucleo/sintaxis.py:1461:15:comparador                comparador: Is → IsNot
     ·  nucleo/sintaxis.py:1462:48:constante                 constante: 1 → 2
     ·  nucleo/sintaxis.py:1463:11:comparador                comparador: NotEq → Eq
     ·  nucleo/sintaxis.py:1464:23:constante                 constante: 1 → 2
     ·  nucleo/sintaxis.py:1467:29:constante                 constante: 1 → 2
     ·  nucleo/sintaxis.py:1468:30:constante                 constante: 1 → 2
     ·  nucleo/sintaxis.py:1469:56:constante                 constante: 1 → 2
     ·  nucleo/sintaxis.py:1471:8:retorno                    retorno: return <algo> → return None
     ·  nucleo/sintaxis.py:1473:25:constante                 constante: 1 → 2
     ·  nucleo/sintaxis.py:1474:26:constante                 constante: 1 → 2
     ·  nucleo/sintaxis.py:1478:64:constante                 constante: 2 → 3
     ·  nucleo/sintaxis.py:1478:70:constante                 constante: 1 → 2
     ·  nucleo/sintaxis.py:1480:4:retorno                    retorno: return <algo> → return None
     ·  nucleo/sintaxis.py:1485:4:retorno                    retorno: return <algo> → return None
     ·  nucleo/sintaxis.py:1490:4:retorno                    retorno: return <algo> → return None
     ·  nucleo/sintaxis.py:1501:7:comparador                 comparador: Is → IsNot
     ·  nucleo/sintaxis.py:1504:11:booleano                  booleano: and ↔ or
     ·  nucleo/sintaxis.py:1504:11:negacion                  negacion: se borra el `not`
     ·  nucleo/sintaxis.py:1504:41:negacion                  negacion: se borra el `not`
     ·  nucleo/sintaxis.py:1505:12:retorno                   retorno: return <algo> → return None
     ·  nucleo/sintaxis.py:1509:11:comparador                comparador: Is → IsNot
     ·  nucleo/sintaxis.py:1510:12:retorno                   retorno: return <algo> → return None
     ·  nucleo/sintaxis.py:1511:4:retorno                    retorno: return <algo> → return None
     ·  nucleo/sintaxis.py:1516:44:comparador                comparador: LtE → Lt
     ·  nucleo/sintaxis.py:1516:38:constante                 constante: 1 → 2
     ·  nucleo/sintaxis.py:1518:42:constante                 constante: 1 → 2
     ·  nucleo/sintaxis.py:1518:45:constante                 constante: 0 → 1
     ·  nucleo/sintaxis.py:1519:4:retorno                    retorno: return <algo> → return None
     ·  nucleo/sintaxis.py:1523:4:retorno                    retorno: return <algo> → return None
     ·  nucleo/sintaxis.py:1523:42:constante                 constante: False → True
     ·  nucleo/sintaxis.py:1528:4:retorno                    retorno: return <algo> → return None
     ·  nucleo/sintaxis.py:1528:11:booleano                  booleano: and ↔ or
     ·  nucleo/sintaxis.py:1528:38:comparador                comparador: Eq → NotEq
     ·  nucleo/sintaxis.py:1528:51:constante                 constante: 2 → 3
     ·  nucleo/sintaxis.py:1528:57:comparador                comparador: Eq → NotEq
     ·  nucleo/sintaxis.py:1528:62:constante                 constante: 0 → 1
     ·  nucleo/sintaxis.py:1533:4:retorno                    retorno: return <algo> → return None
     ·  nucleo/sintaxis.py:1533:20:constante                 constante: 1 → 2
     ·  nucleo/sintaxis.py:1538:4:retorno                    retorno: return <algo> → return None
     ·  nucleo/sintaxis.py:1538:20:constante                 constante: 1 → 2
     ·  nucleo/sintaxis.py:1541:29:constante                 constante: 0 → 1
     ·  nucleo/sintaxis.py:1543:8:retorno                    retorno: return <algo> → return None
     ·  nucleo/sintaxis.py:1543:24:constante                 constante: 1 → 2
     ·  nucleo/sintaxis.py:1544:7:negacion                   negacion: se borra el `not`
     ·  nucleo/sintaxis.py:1545:8:retorno                    retorno: return <algo> → return None
     ·  nucleo/sintaxis.py:1546:7:negacion                   negacion: se borra el `not`
     ·  nucleo/sintaxis.py:1548:18:constante                 constante: 0 → 1
     ·  nucleo/sintaxis.py:1549:7:comparador                 comparador: Eq → NotEq
     ·  nucleo/sintaxis.py:1550:8:retorno                    retorno: return <algo> → return None
     ·  nucleo/sintaxis.py:1550:23:constante                 constante: 1 → 2
     ·  nucleo/sintaxis.py:1550:33:constante                 constante: 2 → 3
     ·  nucleo/sintaxis.py:1551:7:comparador                 comparador: Eq → NotEq
     ·  nucleo/sintaxis.py:1552:8:retorno                    retorno: return <algo> → return None
     ·  nucleo/sintaxis.py:1552:20:constante                 constante: 1 → 2
     ·  nucleo/sintaxis.py:1553:7:comparador                 comparador: Eq → NotEq
     ·  nucleo/sintaxis.py:1554:8:retorno                    retorno: return <algo> → return None
     ·  nucleo/sintaxis.py:1554:29:constante                 constante: 1 → 2
     ·  nucleo/sintaxis.py:1555:7:comparador                 comparador: In → NotIn
     ·  nucleo/sintaxis.py:1556:15:constante                 constante: 3 → 4
     ·  nucleo/sintaxis.py:1557:30:constante                 constante: 1 → 2
     ·  nucleo/sintaxis.py:1557:62:constante                 constante: 2 → 3
     ·  nucleo/sintaxis.py:1558:9:comparador                 comparador: In → NotIn
     ·  nucleo/sintaxis.py:1560:64:constante                 constante: 1 → 2
     ·  nucleo/sintaxis.py:1561:9:comparador                 comparador: Eq → NotEq
     ·  nucleo/sintaxis.py:1562:15:constante                 constante: 4 → 5
     ·  nucleo/sintaxis.py:1563:33:constante                 constante: 1 → 2
     ·  nucleo/sintaxis.py:1565:8:retorno                    retorno: return <algo> → return None
     ·  nucleo/sintaxis.py:1565:60:constante                 constante: 1 → 2
     ·  nucleo/sintaxis.py:1566:4:retorno                    retorno: return <algo> → return None
     ·  nucleo/sintaxis.py:1566:27:comparador                comparador: Lt → LtE
     ·  nucleo/sintaxis.py:1570:7:comparador                 comparador: Eq → NotEq
     ·  nucleo/sintaxis.py:1570:14:constante                 constante: 0 → 1
     ·  nucleo/sintaxis.py:1571:8:retorno                    retorno: return <algo> → return None
     ·  nucleo/sintaxis.py:1571:42:constante                 constante: 1 → 2
     ·  nucleo/sintaxis.py:1571:63:constante                 constante: 2 → 3
     ·  nucleo/sintaxis.py:1572:7:comparador                 comparador: NotEq → Eq
     ·  nucleo/sintaxis.py:1572:14:constante                 constante: 0 → 1
     ·  nucleo/sintaxis.py:1574:35:constante                 constante: 1 → 2
     ·  nucleo/sintaxis.py:1575:21:constante                 constante: 2 → 3
     ·  nucleo/sintaxis.py:1576:7:comparador                 comparador: NotEq → Eq
     ·  nucleo/sintaxis.py:1576:15:constante                 constante: 0 → 1
     ·  nucleo/sintaxis.py:1578:47:constante                 constante: 1 → 2
     ·  nucleo/sintaxis.py:1578:69:constante                 constante: 2 → 3
     ·  nucleo/sintaxis.py:1579:4:retorno                    retorno: return <algo> → return None
     ·  nucleo/sintaxis.py:1584:24:constante                 constante: 2 → 3
     ·  nucleo/sintaxis.py:1585:11:comparador                comparador: Eq → NotEq
     ·  nucleo/sintaxis.py:1585:16:constante                 constante: 0 → 1
     ·  nucleo/sintaxis.py:1586:51:constante                 constante: 1 → 2
     ·  nucleo/sintaxis.py:1587:13:comparador                comparador: Eq → NotEq
     ·  nucleo/sintaxis.py:1587:18:constante                 constante: 0 → 1
     ·  nucleo/sintaxis.py:1588:30:constante                 constante: 1 → 2
     ·  nucleo/sintaxis.py:1589:15:booleano                  booleano: and ↔ or
     ·  nucleo/sintaxis.py:1589:15:negacion                  negacion: se borra el `not`
     ·  nucleo/sintaxis.py:1589:51:comparador                comparador: NotEq → Eq
     ·  nucleo/sintaxis.py:1589:70:constante                 constante: 3 → 4
     ·  nucleo/sintaxis.py:1589:75:comparador                comparador: NotEq → Eq
     ·  nucleo/sintaxis.py:1589:86:constante                 constante: 0 → 1
     ·  nucleo/sintaxis.py:1591:57:constante                 constante: 1 → 2
     ·  nucleo/sintaxis.py:1591:82:constante                 constante: 2 → 3
     ·  nucleo/sintaxis.py:1591:105:constante                constante: 2 → 3
     ·  nucleo/sintaxis.py:1592:13:comparador                comparador: Eq → NotEq
     ·  nucleo/sintaxis.py:1592:18:constante                 constante: 0 → 1
     ·  nucleo/sintaxis.py:1594:37:constante                 constante: 1 → 2
     ·  nucleo/sintaxis.py:1596:47:constante                 constante: 2 → 3
     ·  nucleo/sintaxis.py:1600:4:retorno                    retorno: return <algo> → return None
     ·  nucleo/sintaxis.py:1604:7:booleano                   booleano: and ↔ or
     ·  nucleo/sintaxis.py:1604:7:negacion                   negacion: se borra el `not`
     ·  nucleo/sintaxis.py:1604:39:comparador                comparador: NotIn → In
     ·  nucleo/sintaxis.py:1604:59:constante                 constante: 4 → 5
     ·  nucleo/sintaxis.py:1604:62:constante                 constante: 5 → 6
     ·  nucleo/sintaxis.py:1606:34:constante                 constante: 1 → 2
     ·  nucleo/sintaxis.py:1606:52:constante                 constante: 2 → 3
     ·  nucleo/sintaxis.py:1607:7:comparador                 comparador: Eq → NotEq
     ·  nucleo/sintaxis.py:1607:22:constante                 constante: 5 → 6
     ·  nucleo/sintaxis.py:1608:23:constante                 constante: 4 → 5
     ·  nucleo/sintaxis.py:1611:13:comparador                comparador: In → NotIn
     ·  nucleo/sintaxis.py:1613:13:comparador                comparador: NotEq → Eq
     ·  nucleo/sintaxis.py:1615:7:booleano                   booleano: and ↔ or
     ·  nucleo/sintaxis.py:1615:7:comparador                 comparador: NotEq → Eq
     ·  nucleo/sintaxis.py:1615:14:constante                 constante: 3 → 4
     ·  nucleo/sintaxis.py:1615:43:constante                 constante: 3 → 4
     ·  nucleo/sintaxis.py:1616:50:constante                 constante: 3 → 4
     ·  nucleo/sintaxis.py:1617:7:booleano                   booleano: and ↔ or
     ·  nucleo/sintaxis.py:1617:7:comparador                 comparador: Eq → NotEq
     ·  nucleo/sintaxis.py:1617:22:constante                 constante: 4 → 5
     ·  nucleo/sintaxis.py:1617:28:comparador                comparador: Eq → NotEq
     ·  nucleo/sintaxis.py:1617:35:constante                 constante: 3 → 4
     ·  nucleo/sintaxis.py:1619:7:booleano                   booleano: and ↔ or
     ·  nucleo/sintaxis.py:1619:7:comparador                 comparador: Eq → NotEq
     ·  nucleo/sintaxis.py:1619:22:constante                 constante: 5 → 6
     ·  nucleo/sintaxis.py:1619:28:comparador                comparador: Eq → NotEq
     ·  nucleo/sintaxis.py:1619:35:constante                 constante: 3 → 4
     ·  nucleo/sintaxis.py:1619:48:comparador                comparador: Eq → NotEq
     ·  nucleo/sintaxis.py:1619:55:constante                 constante: 4 → 5
     ·  nucleo/sintaxis.py:1621:4:retorno                    retorno: return <algo> → return None
     ·  nucleo/sintaxis.py:1625:7:comparador                 comparador: NotIn → In
     ·  nucleo/sintaxis.py:1625:26:constante                 constante: 6 → 7
     ·  nucleo/sintaxis.py:1625:29:constante                 constante: 7 → 8
     ·  nucleo/sintaxis.py:1625:32:constante                 constante: 8 → 9
     ·  nucleo/sintaxis.py:1629:7:booleano                   booleano: and ↔ or
     ·  nucleo/sintaxis.py:1629:23:booleano                  booleano: and ↔ or
     ·  nucleo/sintaxis.py:1629:45:constante                 constante: 0 → 1
     ·  nucleo/sintaxis.py:1629:70:constante                 constante: 0 → 1
     ·  nucleo/sintaxis.py:1630:27:comparador                comparador: Eq → NotEq
     ·  nucleo/sintaxis.py:1630:38:constante                 constante: 0 → 1
     ·  nucleo/sintaxis.py:1630:41:constante                 constante: 0 → 1
     ·  nucleo/sintaxis.py:1631:34:constante                 constante: 0 → 1
     ·  nucleo/sintaxis.py:1633:7:booleano                   booleano: and ↔ or
     ·  nucleo/sintaxis.py:1633:23:booleano                  booleano: and ↔ or
     ·  nucleo/sintaxis.py:1633:45:constante                 constante: 0 → 1
     ·  nucleo/sintaxis.py:1633:70:constante                 constante: 0 → 1
     ·  nucleo/sintaxis.py:1634:27:comparador                comparador: Eq → NotEq
     ·  nucleo/sintaxis.py:1634:38:constante                 constante: 0 → 1
     ·  nucleo/sintaxis.py:1634:41:constante                 constante: 0 → 1
     ·  nucleo/sintaxis.py:1635:32:constante                 constante: 0 → 1
     ·  nucleo/sintaxis.py:1638:65:constante                 constante: 1 → 2
     ·  nucleo/sintaxis.py:1639:50:constante                 constante: 1 → 2
     ·  nucleo/sintaxis.py:1639:70:constante                 constante: 2 → 3
     ·  nucleo/sintaxis.py:1641:7:comparador                 comparador: IsNot → Is
     ·  nucleo/sintaxis.py:1642:39:constante                 constante: 1 → 2
     ·  nucleo/sintaxis.py:1642:46:negacion                  negacion: se borra el `not`
     ·  nucleo/sintaxis.py:1642:51:booleano                  booleano: and ↔ or
     ·  nucleo/sintaxis.py:1642:75:comparador                comparador: Eq → NotEq
     ·  nucleo/sintaxis.py:1642:85:constante                 constante: 4 → 5
     ·  nucleo/sintaxis.py:1642:91:comparador                comparador: Eq → NotEq
     ·  nucleo/sintaxis.py:1642:93:constante                 constante: 0 → 1
     ·  nucleo/sintaxis.py:1643:45:constante                 constante: 1 → 2
     ·  nucleo/sintaxis.py:1643:52:booleano                  booleano: and ↔ or
     ·  nucleo/sintaxis.py:1643:76:comparador                comparador: Eq → NotEq
     ·  nucleo/sintaxis.py:1643:86:constante                 constante: 4 → 5
     ·  nucleo/sintaxis.py:1643:92:comparador                comparador: Eq → NotEq
     ·  nucleo/sintaxis.py:1643:94:constante                 constante: 0 → 1
     ·  nucleo/sintaxis.py:1649:7:comparador                 comparador: IsNot → Is
     ·  nucleo/sintaxis.py:1650:30:constante                 constante: 1 → 2
     ·  nucleo/sintaxis.py:1651:11:booleano                  booleano: and ↔ or
     ·  nucleo/sintaxis.py:1651:38:comparador                comparador: In → NotIn
     ·  nucleo/sintaxis.py:1653:13:comparador                comparador: NotEq → Eq
     ·  nucleo/sintaxis.py:1657:57:constante                 constante: 1 → 2
     ·  nucleo/sintaxis.py:1658:4:retorno                    retorno: return <algo> → return None
     ·  nucleo/sintaxis.py:1662:7:comparador                 comparador: NotEq → Eq
     ·  nucleo/sintaxis.py:1662:21:constante                 constante: 5 → 6
     ·  nucleo/sintaxis.py:1668:50:constante                 constante: 1 → 2
     ·  nucleo/sintaxis.py:1668:69:constante                 constante: 2 → 3
     ·  nucleo/sintaxis.py:1671:4:retorno                    retorno: return <algo> → return None
     ·  nucleo/sintaxis.py:1675:18:constante                 constante: 0 → 1
     ·  nucleo/sintaxis.py:1677:7:comparador                 comparador: NotIn → In
     ·  nucleo/sintaxis.py:1679:7:comparador                 comparador: In → NotIn
     ·  nucleo/sintaxis.py:1683:61:constante                 constante: 1 → 2
     ·  nucleo/sintaxis.py:1684:7:comparador                 comparador: Is → IsNot
     ·  nucleo/sintaxis.py:1687:87:constante                 constante: 1 → 2
     ·  nucleo/sintaxis.py:1693:39:constante                 constante: 1 → 2
     ·  nucleo/sintaxis.py:1694:43:constante                 constante: 1 → 2
     ·  nucleo/sintaxis.py:1694:54:constante                 constante: 2 → 3
     ·  nucleo/sintaxis.py:1696:11:comparador                comparador: Eq → NotEq
     ·  nucleo/sintaxis.py:1698:13:comparador                comparador: Eq → NotEq
     ·  nucleo/sintaxis.py:1703:4:retorno                    retorno: return <algo> → return None
     ·  nucleo/sintaxis.py:1709:7:booleano                   booleano: and ↔ or
     ·  nucleo/sintaxis.py:1709:7:negacion                   negacion: se borra el `not`
     ·  nucleo/sintaxis.py:1709:38:negacion                  negacion: se borra el `not`
     ·  nucleo/sintaxis.py:1711:18:constante                 constante: 0 → 1
     ·  nucleo/sintaxis.py:1712:7:comparador                 comparador: Eq → NotEq
     ·  nucleo/sintaxis.py:1713:8:retorno                    retorno: return <algo> → return None
     ·  nucleo/sintaxis.py:1714:7:comparador                 comparador: Eq → NotEq
     ·  nucleo/sintaxis.py:1715:8:retorno                    retorno: return <algo> → return None
     ·  nucleo/sintaxis.py:1716:4:retorno                    retorno: return <algo> → return None
     ·  nucleo/sintaxis.py:1721:4:retorno                    retorno: return <algo> → return None

mutantes: 1177 · murieron 1177 · sobrevivieron 0 · timeout 0 · errores de arnés 0 · equivalentes declarados: 2
  ✓ proceso.codigo_con_mutante_que_lo_mata       valor 0 (<= 0)
  ✓ proceso.ronda_mutacion_concluyente           valor 0 (<= 0)
  ✗ proceso.test_con_mutante_que_lo_mata         valor 0 (<= 0)
  ✓ proceso.arnes_con_bytecode_frio              valor 0 (<= 0)

Todos los mutantes murieron: los tests fijan el código del núcleo.
