objetivos: oracle_metalenguaje/motor.py

     ·  oracle_metalenguaje/motor.py:45:7:comparador         comparador: Is → IsNot
     ·  oracle_metalenguaje/motor.py:51:4:retorno            retorno: return <algo> → return None
     ·  oracle_metalenguaje/motor.py:55:7:comparador         comparador: Is → IsNot
     ·  oracle_metalenguaje/motor.py:58:8:retorno            retorno: return <algo> → return None
     ·  oracle_metalenguaje/motor.py:59:7:negacion           negacion: se borra el `not`
     ·  oracle_metalenguaje/motor.py:61:4:retorno            retorno: return <algo> → return None
     ·  oracle_metalenguaje/motor.py:65:7:comparador         comparador: Is → IsNot
     ·  oracle_metalenguaje/motor.py:66:8:retorno            retorno: return <algo> → return None
     ·  oracle_metalenguaje/motor.py:67:7:negacion           negacion: se borra el `not`
     ·  oracle_metalenguaje/motor.py:69:4:retorno            retorno: return <algo> → return None
     ·  oracle_metalenguaje/motor.py:100:15:negacion         negacion: se borra el `not`
     ·  oracle_metalenguaje/motor.py:104:50:comparador       comparador: Gt → GtE
     ·  oracle_metalenguaje/motor.py:104:67:constante        constante: 1 → 2
     ·  oracle_metalenguaje/motor.py:119:8:retorno           retorno: return <algo> → return None
     ·  oracle_metalenguaje/motor.py:126:8:retorno           retorno: return <algo> → return None
     ·  oracle_metalenguaje/motor.py:143:8:retorno           retorno: return <algo> → return None
     ·  oracle_metalenguaje/motor.py:146:63:constante        constante: False → True
     ·  oracle_metalenguaje/motor.py:150:11:negacion         negacion: se borra el `not`
     ·  oracle_metalenguaje/motor.py:173:8:retorno           retorno: return <algo> → return None
     ·  oracle_metalenguaje/motor.py:178:33:comparador       comparador: Eq → NotEq
     ·  oracle_metalenguaje/motor.py:182:8:retorno           retorno: return <algo> → return None
     ·  oracle_metalenguaje/motor.py:187:8:retorno           retorno: return <algo> → return None
     ·  oracle_metalenguaje/motor.py:191:11:negacion         negacion: se borra el `not`
     ·  oracle_metalenguaje/motor.py:194:8:retorno           retorno: return <algo> → return None
     ·  oracle_metalenguaje/motor.py:200:41:booleano         booleano: and ↔ or
     ·  oracle_metalenguaje/motor.py:200:41:comparador       comparador: Is → IsNot
     ·  oracle_metalenguaje/motor.py:200:66:comparador       comparador: In → NotIn

mutantes: 27 · murieron 27 · sobrevivieron 0 · timeout 0 · errores de arnés 0 · equivalentes declarados: 0
  ✓ proceso.codigo_con_mutante_que_lo_mata       valor 0 (<= 0)
  ✓ proceso.ronda_mutacion_concluyente           valor 0 (<= 0)
  ✗ proceso.test_con_mutante_que_lo_mata         valor 0 (<= 0)
  ✓ proceso.arnes_con_bytecode_frio              valor 0 (<= 0)

Todos los mutantes murieron: los tests fijan el código del núcleo.
