objetivos: tools/ejecutar_suite_mutacion.py

     ·  tools/ejecutar_suite_mutacion.py:24:4:retorno        retorno: return <algo> → return None
     ·  tools/ejecutar_suite_mutacion.py:28:4:retorno        retorno: return <algo> → return None
     ·  tools/ejecutar_suite_mutacion.py:28:45:constante     constante: 1 → 2
     ·  tools/ejecutar_suite_mutacion.py:28:57:constante     constante: True → False
     ·  tools/ejecutar_suite_mutacion.py:39:17:booleano      booleano: and ↔ or
     ·  tools/ejecutar_suite_mutacion.py:39:17:negacion      negacion: se borra el `not`
     ·  tools/ejecutar_suite_mutacion.py:39:32:negacion      negacion: se borra el `not`
     ·  tools/ejecutar_suite_mutacion.py:42:4:retorno        retorno: return <algo> → return None
     ·  tools/ejecutar_suite_mutacion.py:49:11:comparador    comparador: NotIn → In
     ·  tools/ejecutar_suite_mutacion.py:50:28:constante     constante: 0 → 1
     ·  tools/ejecutar_suite_mutacion.py:52:29:constante     constante: 0 → 1
     ·  tools/ejecutar_suite_mutacion.py:55:15:booleano      booleano: and ↔ or
     ·  tools/ejecutar_suite_mutacion.py:59:42:constante     constante: 0 → 1
     ·  tools/ejecutar_suite_mutacion.py:60:16:retorno       retorno: return <algo> → return None
     ·  tools/ejecutar_suite_mutacion.py:60:23:constante     constante: 2 → 3
     ·  tools/ejecutar_suite_mutacion.py:63:16:booleano      booleano: and ↔ or
     ·  tools/ejecutar_suite_mutacion.py:65:16:retorno       retorno: return <algo> → return None
     ·  tools/ejecutar_suite_mutacion.py:65:23:constante     constante: 1 → 2
     ·  tools/ejecutar_suite_mutacion.py:67:15:comparador    comparador: Eq → NotEq
     ·  tools/ejecutar_suite_mutacion.py:67:37:constante     constante: 0 → 1
     ·  tools/ejecutar_suite_mutacion.py:69:16:retorno       retorno: return <algo> → return None
     ·  tools/ejecutar_suite_mutacion.py:69:23:constante     constante: 2 → 3
     ·  tools/ejecutar_suite_mutacion.py:70:12:retorno       retorno: return <algo> → return None
     ·  tools/ejecutar_suite_mutacion.py:70:19:constante     constante: 0 → 1
     ·  tools/ejecutar_suite_mutacion.py:75:34:constante     constante: 0 → 1
     ·  tools/ejecutar_suite_mutacion.py:76:12:retorno       retorno: return <algo> → return None
     ·  tools/ejecutar_suite_mutacion.py:76:19:constante     constante: 2 → 3
     ·  tools/ejecutar_suite_mutacion.py:83:8:retorno        retorno: return <algo> → return None
     ·  tools/ejecutar_suite_mutacion.py:83:15:constante     constante: 2 → 3
     ·  tools/ejecutar_suite_mutacion.py:86:8:retorno        retorno: return <algo> → return None
     ·  tools/ejecutar_suite_mutacion.py:86:15:constante     constante: 2 → 3
     ·  tools/ejecutar_suite_mutacion.py:88:7:comparador     comparador: Eq → NotEq
     ·  tools/ejecutar_suite_mutacion.py:88:50:constante     constante: 0 → 1
     ·  tools/ejecutar_suite_mutacion.py:90:8:retorno        retorno: return <algo> → return None
     ·  tools/ejecutar_suite_mutacion.py:90:15:constante     constante: 2 → 3
     ·  tools/ejecutar_suite_mutacion.py:94:8:retorno        retorno: return <algo> → return None
     ·  tools/ejecutar_suite_mutacion.py:94:15:constante     constante: 2 → 3
     ·  tools/ejecutar_suite_mutacion.py:95:7:booleano       booleano: and ↔ or
     ·  tools/ejecutar_suite_mutacion.py:96:8:retorno        retorno: return <algo> → return None
     ·  tools/ejecutar_suite_mutacion.py:96:15:constante     constante: 1 → 2
     ·  tools/ejecutar_suite_mutacion.py:97:4:retorno        retorno: return <algo> → return None
     ·  tools/ejecutar_suite_mutacion.py:97:11:constante     constante: 0 → 1
     ·  tools/ejecutar_suite_mutacion.py:97:47:constante     constante: 2 → 3
     ·  tools/ejecutar_suite_mutacion.py:100:3:comparador    comparador: Eq → NotEq

mutantes: 44 · murieron 44 · sobrevivieron 0 · timeout 0 · errores de arnés 0 · equivalentes declarados: 0
  ✓ proceso.codigo_con_mutante_que_lo_mata       valor 0 (<= 0)
  ✓ proceso.ronda_mutacion_concluyente           valor 0 (<= 0)
  ✗ proceso.test_con_mutante_que_lo_mata         valor 0 (<= 0)
  ✓ proceso.arnes_con_bytecode_frio              valor 0 (<= 0)

Todos los mutantes murieron: los tests fijan el código del núcleo.
