objetivos: tools/aceptacion.py

     ·  tools/aceptacion.py:25:40:constante                  constante: 1 → 2
     ·  tools/aceptacion.py:26:16:constante                  constante: 0 → 1
     ·  tools/aceptacion.py:62:4:retorno                     retorno: return <algo> → return None
     ·  tools/aceptacion.py:62:55:booleano                   booleano: and ↔ or
     ·  tools/aceptacion.py:76:4:retorno                     retorno: return <algo> → return None
     ·  tools/aceptacion.py:86:17:booleano                   booleano: and ↔ or
     ·  tools/aceptacion.py:87:11:comparador                 comparador: In → NotIn
     ·  tools/aceptacion.py:99:4:retorno                     retorno: return <algo> → return None
     ·  tools/aceptacion.py:106:8:retorno                    retorno: return <algo> → return None
     ·  tools/aceptacion.py:106:15:constante                 constante: 1 → 2
     ·  tools/aceptacion.py:110:12:constante                 constante: 0 → 1
     ·  tools/aceptacion.py:111:13:constante                 constante: 0 → 1
     ·  tools/aceptacion.py:117:7:negacion                   negacion: se borra el `not`
     ·  tools/aceptacion.py:119:8:retorno                    retorno: return <algo> → return None
     ·  tools/aceptacion.py:119:15:constante                 constante: 1 → 2
     ·  tools/aceptacion.py:123:11:negacion                  negacion: se borra el `not`
     ·  tools/aceptacion.py:125:15:comparador                comparador: Eq → NotEq
     ·  tools/aceptacion.py:126:80:constante                 constante: 70 → 71
     ·  tools/aceptacion.py:127:17:comparador                comparador: In → NotIn
     ·  tools/aceptacion.py:130:11:comparador                comparador: NotIn → In
     ·  tools/aceptacion.py:134:22:comparador                comparador: Eq → NotEq
     ·  tools/aceptacion.py:141:31:constante                 constante: 0 → 1
     ·  tools/aceptacion.py:142:15:comparador                comparador: NotEq → Eq
     ·  tools/aceptacion.py:145:26:constante                 constante: 1 → 2
     ·  tools/aceptacion.py:148:25:constante                 constante: 1 → 2
     ·  tools/aceptacion.py:217:11:comparador                comparador: In → NotIn
     ·  tools/aceptacion.py:222:11:booleano                  booleano: and ↔ or
     ·  tools/aceptacion.py:222:11:comparador                comparador: In → NotIn
     ·  tools/aceptacion.py:222:33:negacion                  negacion: se borra el `not`
     ·  tools/aceptacion.py:246:22:comparador                comparador: In → NotIn
     ·  tools/aceptacion.py:250:66:comparador                comparador: Eq → NotEq
     ·  tools/aceptacion.py:251:58:comparador                comparador: GtE → Gt
     ·  tools/aceptacion.py:251:75:constante                 constante: 0 → 1
     ·  tools/aceptacion.py:253:35:booleano                  booleano: and ↔ or
     ·  tools/aceptacion.py:260:15:negacion                  negacion: se borra el `not`
     ·  tools/aceptacion.py:282:66:comparador                comparador: In → NotIn
     ·  tools/aceptacion.py:284:11:booleano                  booleano: and ↔ or
     ·  tools/aceptacion.py:287:12:retorno                   retorno: return <algo> → return None
     ·  tools/aceptacion.py:287:19:constante                 constante: 1 → 2
     ·  tools/aceptacion.py:289:45:constante                 constante: False → True
     ·  tools/aceptacion.py:289:59:constante                 constante: 2 → 3
     ·  tools/aceptacion.py:289:72:constante                 constante: True → False
     ·  tools/aceptacion.py:295:8:retorno                    retorno: return <algo> → return None
     ·  tools/aceptacion.py:295:15:constante                 constante: 0 → 1
     ·  tools/aceptacion.py:301:8:retorno                    retorno: return <algo> → return None
     ·  tools/aceptacion.py:301:15:constante                 constante: 1 → 2
     ·  tools/aceptacion.py:304:4:retorno                    retorno: return <algo> → return None
     ·  tools/aceptacion.py:304:11:constante                 constante: 0 → 1
     ·  tools/aceptacion.py:308:32:comparador                comparador: Is → IsNot
     ·  tools/aceptacion.py:308:25:constante                 constante: 1 → 2
     ·  tools/aceptacion.py:309:7:booleano                   booleano: and ↔ or
     ·  tools/aceptacion.py:309:7:comparador                 comparador: In → NotIn
     ·  tools/aceptacion.py:309:23:comparador                comparador: In → NotIn
     ·  tools/aceptacion.py:311:8:retorno                    retorno: return <algo> → return None
     ·  tools/aceptacion.py:311:15:constante                 constante: 0 → 1
     ·  tools/aceptacion.py:318:7:comparador                 comparador: In → NotIn
     ·  tools/aceptacion.py:320:11:comparador                comparador: GtE → Gt
     ·  tools/aceptacion.py:320:15:constante                 constante: 1 → 2
     ·  tools/aceptacion.py:322:12:retorno                   retorno: return <algo> → return None
     ·  tools/aceptacion.py:322:19:constante                 constante: 1 → 2
     ·  tools/aceptacion.py:323:26:constante                 constante: 1 → 2
     ·  tools/aceptacion.py:324:23:constante                 constante: 2 → 3
     ·  tools/aceptacion.py:326:7:comparador                 comparador: In → NotIn
     ·  tools/aceptacion.py:328:11:comparador                comparador: GtE → Gt
     ·  tools/aceptacion.py:328:15:constante                 constante: 1 → 2
     ·  tools/aceptacion.py:330:12:retorno                   retorno: return <algo> → return None
     ·  tools/aceptacion.py:330:19:constante                 constante: 1 → 2
     ·  tools/aceptacion.py:331:41:constante                 constante: 1 → 2
     ·  tools/aceptacion.py:332:23:constante                 constante: 2 → 3
     ·  tools/aceptacion.py:333:11:negacion                  negacion: se borra el `not`
     ·  tools/aceptacion.py:335:12:retorno                   retorno: return <algo> → return None
     ·  tools/aceptacion.py:335:19:constante                 constante: 1 → 2
     ·  tools/aceptacion.py:337:7:comparador                 comparador: Is → IsNot
     ·  tools/aceptacion.py:338:8:retorno                    retorno: return <algo> → return None
     ·  tools/aceptacion.py:338:15:constante                 constante: 1 → 2
     ·  tools/aceptacion.py:341:12:retorno                   retorno: return <algo> → return None
     ·  tools/aceptacion.py:344:8:retorno                    retorno: return <algo> → return None
     ·  tools/aceptacion.py:344:15:constante                 constante: 1 → 2

mutantes: 78 · murieron 78 · sobrevivieron 0 · timeout 0 · errores de arnés 0 · equivalentes declarados: 0
  ✓ proceso.codigo_con_mutante_que_lo_mata       valor 0 (<= 0)
  ✓ proceso.ronda_mutacion_concluyente           valor 0 (<= 0)
  ✗ proceso.test_con_mutante_que_lo_mata         valor 0 (<= 0)
  ✓ proceso.arnes_con_bytecode_frio              valor 0 (<= 0)

Todos los mutantes murieron: los tests fijan el código del núcleo.
