Alcance: suite completa con prioridades
muerto: tools/tareas.py:56:17:constante constante: 2 → 3
muerto: tools/tareas.py:71:8:retorno retorno: return <algo> → return None
muerto: tools/tareas.py:85:51:negacion negacion: se borra el `not`
muerto: tools/tareas.py:87:4:retorno retorno: return <algo> → return None
muerto: tools/tareas.py:91:7:negacion negacion: se borra el `not`
muerto: tools/tareas.py:94:7:negacion negacion: se borra el `not`
muerto: tools/tareas.py:101:47:constante constante: True → False
muerto: tools/tareas.py:110:47:constante constante: True → False
muerto: tools/tareas.py:121:27:constante constante: False → True
muerto: tools/tareas.py:133:7:comparador comparador: Is → IsNot
muerto: tools/tareas.py:134:26:booleano booleano: and ↔ or
muerto: tools/tareas.py:135:11:comparador comparador: In → NotIn
muerto: tools/tareas.py:137:15:booleano booleano: and ↔ or
muerto: tools/tareas.py:137:15:comparador comparador: GtE → Gt
muerto: tools/tareas.py:137:21:constante constante: 1 → 2
muerto: tools/tareas.py:137:62:constante constante: 1 → 2
muerto: tools/tareas.py:139:39:constante constante: 1 → 2
muerto: tools/tareas.py:141:22:booleano booleano: and ↔ or
muerto: tools/tareas.py:143:7:comparador comparador: IsNot → Is
muerto: tools/tareas.py:147:11:booleano booleano: and ↔ or
muerto: tools/tareas.py:147:11:negacion negacion: se borra el `not`
muerto: tools/tareas.py:147:34:negacion negacion: se borra el `not`
muerto: tools/tareas.py:149:8:retorno retorno: return <algo> → return None
muerto: tools/tareas.py:153:10:constante constante: True → False
muerto: tools/tareas.py:155:12:retorno retorno: return <algo> → return None
muerto: tools/tareas.py:159:11:comparador comparador: Eq → NotEq
muerto: tools/tareas.py:164:8:retorno retorno: return <algo> → return None
muerto: tools/tareas.py:174:10:constante constante: 0 → 1
muerto: tools/tareas.py:175:10:booleano booleano: and ↔ or
muerto: tools/tareas.py:175:10:comparador comparador: Lt → LtE
muerto: tools/tareas.py:175:32:negacion negacion: se borra el `not`
muerto: tools/tareas.py:176:15:constante constante: 1 → 2
muerto: tools/tareas.py:178:7:comparador comparador: GtE → Gt
muerto: tools/tareas.py:182:7:negacion negacion: se borra el `not`
muerto: tools/tareas.py:187:26:constante constante: 2 → 3
muerto: tools/tareas.py:188:11:constante constante: 1 → 2
muerto: tools/tareas.py:189:10:booleano booleano: and ↔ or
muerto: tools/tareas.py:189:10:comparador comparador: Lt → LtE
muerto: tools/tareas.py:189:32:negacion negacion: se borra el `not`
muerto: tools/tareas.py:190:15:constante constante: 1 → 2
muerto: tools/tareas.py:196:10:comparador comparador: Lt → LtE
muerto: tools/tareas.py:198:11:negacion negacion: se borra el `not`
muerto: tools/tareas.py:201:11:negacion negacion: se borra el `not`
muerto: tools/tareas.py:204:30:constante constante: 1 → 2
muerto: tools/tareas.py:205:24:constante constante: 2 → 3
muerto: tools/tareas.py:208:11:comparador comparador: In → NotIn
muerto: tools/tareas.py:213:11:comparador comparador: NotIn → In
muerto: tools/tareas.py:216:15:constante constante: 1 → 2
muerto: tools/tareas.py:218:7:comparador comparador: NotIn → In
muerto: tools/tareas.py:221:7:comparador comparador: NotIn → In
muerto: tools/tareas.py:226:7:comparador comparador: NotIn → In
muerto: tools/tareas.py:243:4:retorno retorno: return <algo> → return None
muerto: tools/tareas.py:262:61:constante constante: False → True
muerto: tools/tareas.py:273:47:constante constante: True → False
muerto: tools/tareas.py:283:7:comparador comparador: NotIn → In
muerto: tools/tareas.py:297:7:comparador comparador: Eq → NotEq
muerto: tools/tareas.py:298:8:retorno retorno: return <algo> → return None
muerto: tools/tareas.py:298:15:constante constante: False → True
muerto: tools/tareas.py:302:15:constante constante: 0 → 1
muerto: tools/tareas.py:303:43:constante constante: True → False
muerto: tools/tareas.py:305:11:booleano booleano: and ↔ or
muerto: tools/tareas.py:305:21:comparador comparador: Eq → NotEq
muerto: tools/tareas.py:305:33:constante constante: 1 → 2
muerto: tools/tareas.py:306:32:constante constante: 2 → 3
muerto: tools/tareas.py:307:44:constante constante: 2 → 3
muerto: tools/tareas.py:308:41:constante constante: 2 → 3
muerto: tools/tareas.py:311:12:retorno retorno: return <algo> → return None
muerto: tools/tareas.py:311:19:constante constante: True → False
muerto: tools/tareas.py:322:12:booleano booleano: and ↔ or
muerto: tools/tareas.py:332:8:retorno retorno: return <algo> → return None
muerto: tools/tareas.py:337:15:constante constante: 1 → 2
muerto: tools/tareas.py:338:10:comparador comparador: Lt → LtE
muerto: tools/tareas.py:338:21:constante constante: 10000 → 10001
muerto: tools/tareas.py:343:12:retorno retorno: return <algo> → return None
muerto: tools/tareas.py:345:24:constante constante: 1 → 2
muerto: tools/tareas.py:356:7:negacion negacion: se borra el `not`
muerto: tools/tareas.py:360:7:booleano booleano: and ↔ or
muerto: tools/tareas.py:362:11:negacion negacion: se borra el `not`
muerto: tools/tareas.py:364:8:retorno retorno: return <algo> → return None
muerto: tools/tareas.py:370:11:negacion negacion: se borra el `not`
muerto: tools/tareas.py:376:7:negacion negacion: se borra el `not`
muerto: tools/tareas.py:380:7:comparador comparador: Gt → GtE
muerto: tools/tareas.py:380:25:constante constante: 1 → 2
muerto: tools/tareas.py:386:4:retorno retorno: return <algo> → return None
muerto: tools/tareas.py:386:22:constante constante: 0 → 1
muerto: tools/tareas.py:392:8:retorno retorno: return <algo> → return None
muerto: tools/tareas.py:394:7:negacion negacion: se borra el `not`
muerto: tools/tareas.py:395:8:retorno retorno: return <algo> → return None
muerto: tools/tareas.py:406:48:constante constante: True → False
muerto: tools/tareas.py:417:15:comparador comparador: In → NotIn
muerto: tools/tareas.py:423:15:negacion negacion: se borra el `not`
muerto: tools/tareas.py:428:15:negacion negacion: se borra el `not`
muerto: tools/tareas.py:463:4:retorno retorno: return <algo> → return None
muerto: tools/tareas.py:483:27:constante constante: True → False
muerto: tools/tareas.py:484:27:booleano booleano: and ↔ or
muerto: tools/tareas.py:488:8:retorno retorno: return <algo> → return None
muerto: tools/tareas.py:488:15:constante constante: 1 → 2
muerto: tools/tareas.py:496:8:retorno retorno: return <algo> → return None
muerto: tools/tareas.py:496:15:constante constante: 1 → 2
vivo: tools/tareas.py:499:34:constante constante: True → False
muerto: tools/tareas.py:499:49:constante constante: True → False
muerto: tools/tareas.py:502:8:retorno retorno: return <algo> → return None
muerto: tools/tareas.py:502:15:constante constante: 1 → 2
muerto: tools/tareas.py:510:8:retorno retorno: return <algo> → return None
muerto: tools/tareas.py:510:15:constante constante: 1 → 2
muerto: tools/tareas.py:528:8:retorno retorno: return <algo> → return None
muerto: tools/tareas.py:528:15:constante constante: 1 → 2
muerto: tools/tareas.py:531:4:retorno retorno: return <algo> → return None
muerto: tools/tareas.py:531:11:constante constante: 0 → 1
muerto: tools/tareas.py:550:16:constante constante: 50 → 51
muerto: tools/tareas.py:559:7:negacion negacion: se borra el `not`
muerto: tools/tareas.py:561:8:retorno retorno: return <algo> → return None
muerto: tools/tareas.py:561:15:constante constante: 1 → 2
muerto: tools/tareas.py:562:7:booleano booleano: and ↔ or
muerto: tools/tareas.py:562:7:comparador comparador: In → NotIn
muerto: tools/tareas.py:562:32:comparador comparador: In → NotIn
muerto: tools/tareas.py:564:8:retorno retorno: return <algo> → return None
muerto: tools/tareas.py:564:15:constante constante: 1 → 2
muerto: tools/tareas.py:568:11:booleano booleano: and ↔ or
muerto: tools/tareas.py:568:11:comparador comparador: In → NotIn
muerto: tools/tareas.py:568:27:comparador comparador: In → NotIn
muerto: tools/tareas.py:570:12:retorno retorno: return <algo> → return None
muerto: tools/tareas.py:570:19:constante constante: 1 → 2
muerto: tools/tareas.py:579:8:retorno retorno: return <algo> → return None
muerto: tools/tareas.py:579:15:constante constante: 1 → 2
muerto: tools/tareas.py:587:8:retorno retorno: return <algo> → return None
muerto: tools/tareas.py:587:15:constante constante: 1 → 2
muerto: tools/tareas.py:589:13:booleano booleano: and ↔ or
muerto: tools/tareas.py:589:52:constante constante: 40 → 41
muerto: tools/tareas.py:595:8:retorno retorno: return <algo> → return None
muerto: tools/tareas.py:595:15:constante constante: 1 → 2
muerto: tools/tareas.py:609:8:retorno retorno: return <algo> → return None
muerto: tools/tareas.py:609:15:constante constante: 1 → 2
muerto: tools/tareas.py:617:4:retorno retorno: return <algo> → return None
muerto: tools/tareas.py:617:11:constante constante: 0 → 1
muerto: tools/tareas.py:635:7:booleano booleano: and ↔ or
muerto: tools/tareas.py:640:8:retorno retorno: return <algo> → return None
muerto: tools/tareas.py:640:15:constante constante: 1 → 2
muerto: tools/tareas.py:646:8:retorno retorno: return <algo> → return None
muerto: tools/tareas.py:646:15:constante constante: 1 → 2
muerto: tools/tareas.py:653:8:retorno retorno: return <algo> → return None
muerto: tools/tareas.py:653:15:constante constante: 1 → 2
muerto: tools/tareas.py:662:8:retorno retorno: return <algo> → return None
muerto: tools/tareas.py:662:15:constante constante: 1 → 2
muerto: tools/tareas.py:666:11:negacion negacion: se borra el `not`
muerto: tools/tareas.py:667:15:booleano booleano: and ↔ or
muerto: tools/tareas.py:667:35:comparador comparador: NotEq → Eq
muerto: tools/tareas.py:669:15:booleano booleano: and ↔ or
muerto: tools/tareas.py:669:15:negacion negacion: se borra el `not`
muerto: tools/tareas.py:669:39:comparador comparador: NotEq → Eq
muerto: tools/tareas.py:673:15:negacion negacion: se borra el `not`
muerto: tools/tareas.py:673:23:comparador comparador: Eq → NotEq
muerto: tools/tareas.py:677:15:booleano booleano: and ↔ or
muerto: tools/tareas.py:677:15:comparador comparador: NotIn → In
muerto: tools/tareas.py:677:55:comparador comparador: NotIn → In
muerto: tools/tareas.py:686:8:retorno retorno: return <algo> → return None
muerto: tools/tareas.py:686:15:constante constante: 0 → 1
muerto: tools/tareas.py:688:7:negacion negacion: se borra el `not`
muerto: tools/tareas.py:690:8:retorno retorno: return <algo> → return None
muerto: tools/tareas.py:690:15:constante constante: 0 → 1
muerto: tools/tareas.py:696:4:retorno retorno: return <algo> → return None
muerto: tools/tareas.py:696:11:constante constante: 0 → 1
muerto: tools/tareas.py:710:7:booleano booleano: and ↔ or
muerto: tools/tareas.py:712:8:retorno retorno: return <algo> → return None
muerto: tools/tareas.py:712:15:constante constante: 1 → 2
muerto: tools/tareas.py:718:8:retorno retorno: return <algo> → return None
muerto: tools/tareas.py:718:15:constante constante: 1 → 2
muerto: tools/tareas.py:725:8:retorno retorno: return <algo> → return None
muerto: tools/tareas.py:725:15:constante constante: 1 → 2
muerto: tools/tareas.py:728:7:negacion negacion: se borra el `not`
muerto: tools/tareas.py:730:8:retorno retorno: return <algo> → return None
muerto: tools/tareas.py:730:15:constante constante: 1 → 2
muerto: tools/tareas.py:736:8:retorno retorno: return <algo> → return None
muerto: tools/tareas.py:736:15:constante constante: 1 → 2
muerto: tools/tareas.py:742:8:retorno retorno: return <algo> → return None
muerto: tools/tareas.py:742:15:constante constante: 1 → 2
muerto: tools/tareas.py:751:8:retorno retorno: return <algo> → return None
muerto: tools/tareas.py:751:15:constante constante: 1 → 2
muerto: tools/tareas.py:757:8:retorno retorno: return <algo> → return None
muerto: tools/tareas.py:757:15:constante constante: 1 → 2
muerto: tools/tareas.py:761:8:retorno retorno: return <algo> → return None
muerto: tools/tareas.py:761:15:constante constante: 0 → 1
vivo: tools/tareas.py:765:8:retorno retorno: return <algo> → return None
vivo: tools/tareas.py:765:15:constante constante: 0 → 1
muerto: tools/tareas.py:781:4:retorno retorno: return <algo> → return None
muerto: tools/tareas.py:781:11:constante constante: 0 → 1
muerto: tools/tareas.py:797:8:retorno retorno: return <algo> → return None
muerto: tools/tareas.py:797:15:constante constante: 1 → 2
muerto: tools/tareas.py:804:8:retorno retorno: return <algo> → return None
muerto: tools/tareas.py:804:15:constante constante: 1 → 2
muerto: tools/tareas.py:807:7:negacion negacion: se borra el `not`
muerto: tools/tareas.py:809:8:retorno retorno: return <algo> → return None
muerto: tools/tareas.py:809:15:constante constante: 1 → 2
muerto: tools/tareas.py:815:8:retorno retorno: return <algo> → return None
muerto: tools/tareas.py:815:15:constante constante: 1 → 2
muerto: tools/tareas.py:821:8:retorno retorno: return <algo> → return None
muerto: tools/tareas.py:821:15:constante constante: 1 → 2
muerto: tools/tareas.py:827:4:retorno retorno: return <algo> → return None
muerto: tools/tareas.py:827:11:constante constante: 0 → 1
muerto: tools/tareas.py:843:8:retorno retorno: return <algo> → return None
muerto: tools/tareas.py:843:15:constante constante: 1 → 2
muerto: tools/tareas.py:850:8:retorno retorno: return <algo> → return None
muerto: tools/tareas.py:850:15:constante constante: 1 → 2
muerto: tools/tareas.py:853:7:negacion negacion: se borra el `not`
muerto: tools/tareas.py:855:8:retorno retorno: return <algo> → return None
muerto: tools/tareas.py:855:15:constante constante: 1 → 2
muerto: tools/tareas.py:861:8:retorno retorno: return <algo> → return None
muerto: tools/tareas.py:861:15:constante constante: 1 → 2
muerto: tools/tareas.py:867:8:retorno retorno: return <algo> → return None
muerto: tools/tareas.py:867:15:constante constante: 1 → 2
muerto: tools/tareas.py:873:4:retorno retorno: return <algo> → return None
muerto: tools/tareas.py:873:11:constante constante: 0 → 1
muerto: tools/tareas.py:889:8:retorno retorno: return <algo> → return None
muerto: tools/tareas.py:889:15:constante constante: 1 → 2
muerto: tools/tareas.py:896:8:retorno retorno: return <algo> → return None
muerto: tools/tareas.py:896:15:constante constante: 1 → 2
muerto: tools/tareas.py:900:18:comparador comparador: Eq → NotEq
muerto: tools/tareas.py:900:36:constante constante: 0 → 1
muerto: tools/tareas.py:905:8:retorno retorno: return <algo> → return None
muerto: tools/tareas.py:905:20:negacion negacion: se borra el `not`
muerto: tools/tareas.py:905:15:constante constante: 0 → 1
muerto: tools/tareas.py:905:39:constante constante: 1 → 2
muerto: tools/tareas.py:914:8:retorno retorno: return <algo> → return None
muerto: tools/tareas.py:914:15:constante constante: 1 → 2
muerto: tools/tareas.py:917:4:retorno retorno: return <algo> → return None
muerto: tools/tareas.py:917:11:constante constante: 0 → 1
muerto: tools/tareas.py:973:7:booleano booleano: and ↔ or
muerto: tools/tareas.py:973:7:negacion negacion: se borra el `not`
muerto: tools/tareas.py:973:20:comparador comparador: In → NotIn
muerto: tools/tareas.py:975:8:retorno retorno: return <algo> → return None
muerto: tools/tareas.py:975:15:constante constante: 0 → 1
muerto: tools/tareas.py:977:7:comparador comparador: Eq → NotEq
muerto: tools/tareas.py:978:8:retorno retorno: return <algo> → return None
muerto: tools/tareas.py:979:7:comparador comparador: Eq → NotEq
muerto: tools/tareas.py:980:8:retorno retorno: return <algo> → return None
muerto: tools/tareas.py:981:7:comparador comparador: In → NotIn
muerto: tools/tareas.py:982:8:retorno retorno: return <algo> → return None
muerto: tools/tareas.py:983:7:comparador comparador: Eq → NotEq
muerto: tools/tareas.py:984:8:retorno retorno: return <algo> → return None
muerto: tools/tareas.py:985:7:comparador comparador: Eq → NotEq
muerto: tools/tareas.py:986:8:retorno retorno: return <algo> → return None
muerto: tools/tareas.py:987:7:comparador comparador: Eq → NotEq
muerto: tools/tareas.py:988:8:retorno retorno: return <algo> → return None
muerto: tools/tareas.py:989:7:comparador comparador: Eq → NotEq
muerto: tools/tareas.py:990:8:retorno retorno: return <algo> → return None
muerto: tools/tareas.py:991:7:comparador comparador: In → NotIn
muerto: tools/tareas.py:1001:12:retorno retorno: return <algo> → return None
muerto: tools/tareas.py:1005:12:retorno retorno: return <algo> → return None
muerto: tools/tareas.py:1005:19:constante constante: 1 → 2
muerto: tools/tareas.py:1006:7:comparador comparador: Eq → NotEq
muerto: tools/tareas.py:1008:8:retorno retorno: return <algo> → return None
muerto: tools/tareas.py:1009:7:comparador comparador: Eq → NotEq
muerto: tools/tareas.py:1011:8:retorno retorno: return <algo> → return None
muerto: tools/tareas.py:1014:4:retorno retorno: return <algo> → return None
muerto: tools/tareas.py:1014:11:constante constante: 1 → 2
muerto: tools/tareas.py:1018:38:comparador comparador: Is → IsNot
muerto: tools/tareas.py:1018:31:constante constante: 1 → 2
muerto: tools/tareas.py:1019:7:booleano booleano: and ↔ or
muerto: tools/tareas.py:1019:7:negacion negacion: se borra el `not`
muerto: tools/tareas.py:1019:25:comparador comparador: In → NotIn
muerto: tools/tareas.py:1019:36:constante constante: 0 → 1
muerto: tools/tareas.py:1021:8:retorno retorno: return <algo> → return None
muerto: tools/tareas.py:1021:15:constante constante: 0 → 1
muerto: tools/tareas.py:1023:23:constante constante: 0 → 1
muerto: tools/tareas.py:1024:22:constante constante: 1 → 2
muerto: tools/tareas.py:1025:4:retorno retorno: return <algo> → return None
{"id": "mutacion_de_codigo", "mutantes": 266, "baseline_verde": true, "baseline_estado": "pasaron", "bytecode_frio": true, "tests_fallaron": 263, "errores_arnes": 0, "timeouts": 0, "rondas_ejecutadas": 267, "rondas_cache_verificadas": 267, "mutantes_reutilizados": 0, "primer_fallo_id": "tools/tareas.py:56:17:constante", "primer_fallo_estado": "tests_fallaron", "primer_fallo_codigo_salida": 1, "primer_fallo_salida": ".................................................\n----------------------------------------------------------------------\nRan 49 tests in 0.030s\n\nOK\n........\n----------------------------------------------------------------------\nRan 8 tests in 0.037s\n\nOK\n.........F\n======================================================================\nFAIL: test_parser_subcomando_opcion_invalida_sale_con_codigo_2_exacto (tests.test_tareas_mutacion.TestMutacionCliComandosYCodigos.test_parser_subcomando_opcion_invalida_sale_con_codigo_2_exacto)\nEvita que errores de sintaxis o banderas desconocidas devuelvan un código distinto a 2.\n----------------------------------------------------------------------\nTraceback (most recent call last):\n  File \"/tmp/oracle-mutacion-7mlxdagv/proyecto/tests/test_tareas_mutacion.py\", line 305, in test_parser_subcomando_opcion_invalida_sale_con_codigo_2_exacto\n    self.assertEqual(rc, 2)\n    ~~~~~~~~~~~~~~~~^^^^^^^\nAssertionError: 3 != 2\n\n----------------------------------------------------------------------\nRan 10 tests in 0.006s\n\nFAILED (failures=1)", "primer_fallo_salida_truncada": false, "primer_inconcluso_id": "", "primer_inconcluso_estado": "", "primer_inconcluso_codigo_salida": null, "primer_inconcluso_salida": "", "primer_inconcluso_salida_truncada": false, "aislada": true, "fuentes_originales_intactas": true}
