Alcance: diagnóstico con módulos propios
muerto: tools/tareas_hechos.py:36:24:constante constante: 2 → 3
muerto: tools/tareas_hechos.py:36:28:constante constante: 1024 → 1025
muerto: tools/tareas_hechos.py:36:35:constante constante: 1024 → 1025
muerto: tools/tareas_hechos.py:47:8:retorno retorno: return <algo> → return None
muerto: tools/tareas_hechos.py:56:12:constante constante: 0 → 1
muerto: tools/tareas_hechos.py:57:14:constante constante: 1 → 2
muerto: tools/tareas_hechos.py:58:10:booleano booleano: and ↔ or
muerto: tools/tareas_hechos.py:58:10:comparador comparador: GtE → Gt
muerto: tools/tareas_hechos.py:58:15:constante constante: 0 → 1
muerto: tools/tareas_hechos.py:58:21:comparador comparador: Eq → NotEq
muerto: tools/tareas_hechos.py:59:17:constante constante: 1 → 2
muerto: tools/tareas_hechos.py:60:13:constante constante: 1 → 2
muerto: tools/tareas_hechos.py:61:4:retorno retorno: return <algo> → return None
muerto: tools/tareas_hechos.py:61:11:comparador comparador: Eq → NotEq
muerto: tools/tareas_hechos.py:61:19:constante constante: 2 → 3
muerto: tools/tareas_hechos.py:61:24:constante constante: 1 → 2
muerto: tools/tareas_hechos.py:77:22:constante constante: 1 → 2
muerto: tools/tareas_hechos.py:79:11:comparador comparador: IsNot → Is
muerto: tools/tareas_hechos.py:83:22:constante constante: 0 → 1
muerto: tools/tareas_hechos.py:87:22:constante constante: 1 → 2
muerto: tools/tareas_hechos.py:88:11:comparador comparador: Lt → LtE
muerto: tools/tareas_hechos.py:91:11:comparador comparador: IsNot → Is
muerto: tools/tareas_hechos.py:94:4:retorno retorno: return <algo> → return None
muerto: tools/tareas_hechos.py:99:4:retorno retorno: return <algo> → return None
muerto: tools/tareas_hechos.py:99:15:comparador comparador: LtE → Lt
muerto: tools/tareas_hechos.py:118:11:booleano booleano: and ↔ or
muerto: tools/tareas_hechos.py:120:71:constante constante: 1 → 2
muerto: tools/tareas_hechos.py:120:84:constante constante: 2 → 3
muerto: tools/tareas_hechos.py:123:8:constante constante: 0 → 1
muerto: tools/tareas_hechos.py:125:10:comparador comparador: Lt → LtE
muerto: tools/tareas_hechos.py:127:17:constante constante: 1 → 2
muerto: tools/tareas_hechos.py:130:18:booleano booleano: and ↔ or
muerto: tools/tareas_hechos.py:130:18:comparador comparador: Eq → NotEq
muerto: tools/tareas_hechos.py:130:38:comparador comparador: Lt → LtE
vivo: tools/tareas_hechos.py:130:42:constante constante: 1 → 2
muerto: tools/tareas_hechos.py:130:52:comparador comparador: Eq → NotEq
muerto: tools/tareas_hechos.py:130:62:constante constante: 1 → 2
muerto: tools/tareas_hechos.py:131:19:comparador comparador: Eq → NotEq
vivo: tools/tareas_hechos.py:132:28:constante constante: 1 → 2
muerto: tools/tareas_hechos.py:134:11:booleano booleano: and ↔ or
muerto: tools/tareas_hechos.py:134:12:booleano booleano: and ↔ or
muerto: tools/tareas_hechos.py:134:35:negacion negacion: se borra el `not`
vivo: tools/tareas_hechos.py:135:31:constante constante: 1 → 2
muerto: tools/tareas_hechos.py:136:32:constante constante: False → True
muerto: tools/tareas_hechos.py:137:18:comparador comparador: Lt → LtE
muerto: tools/tareas_hechos.py:139:25:constante constante: 1 → 2
muerto: tools/tareas_hechos.py:141:19:booleano booleano: and ↔ or
muerto: tools/tareas_hechos.py:141:19:comparador comparador: Eq → NotEq
muerto: tools/tareas_hechos.py:141:39:negacion negacion: se borra el `not`
muerto: tools/tareas_hechos.py:142:40:constante constante: True → False
muerto: tools/tareas_hechos.py:144:19:booleano booleano: and ↔ or
muerto: tools/tareas_hechos.py:144:19:comparador comparador: Eq → NotEq
muerto: tools/tareas_hechos.py:144:39:negacion negacion: se borra el `not`
muerto: tools/tareas_hechos.py:147:21:constante constante: 1 → 2
muerto: tools/tareas_hechos.py:149:15:negacion negacion: se borra el `not`
muerto: tools/tareas_hechos.py:151:19:comparador comparador: GtE → Gt
vivo: tools/tareas_hechos.py:153:21:constante constante: 1 → 2
muerto: tools/tareas_hechos.py:157:15:booleano booleano: and ↔ or
muerto: tools/tareas_hechos.py:157:15:comparador comparador: GtE → Gt
muerto: tools/tareas_hechos.py:157:19:constante constante: 1 → 2
muerto: tools/tareas_hechos.py:157:29:comparador comparador: NotEq → Eq
muerto: tools/tareas_hechos.py:157:39:constante constante: 1 → 2
vivo: tools/tareas_hechos.py:159:24:constante constante: 1 → 2
muerto: tools/tareas_hechos.py:163:34:constante constante: 1 → 2
muerto: tools/tareas_hechos.py:164:38:constante constante: 1 → 2
muerto: tools/tareas_hechos.py:165:18:booleano booleano: and ↔ or
muerto: tools/tareas_hechos.py:165:18:comparador comparador: Lt → LtE
muerto: tools/tareas_hechos.py:165:32:comparador comparador: In → NotIn
vivo: tools/tareas_hechos.py:166:25:constante constante: 1 → 2
muerto: tools/tareas_hechos.py:168:26:constante constante: False → True
muerto: tools/tareas_hechos.py:170:15:booleano booleano: and ↔ or
muerto: tools/tareas_hechos.py:170:15:comparador comparador: Lt → LtE
muerto: tools/tareas_hechos.py:170:29:comparador comparador: Eq → NotEq
muerto: tools/tareas_hechos.py:171:34:constante constante: 1 → 2
vivo: tools/tareas_hechos.py:172:27:constante constante: 1 → 2
muerto: tools/tareas_hechos.py:174:22:comparador comparador: Lt → LtE
muerto: tools/tareas_hechos.py:175:23:booleano booleano: and ↔ or
muerto: tools/tareas_hechos.py:175:23:comparador comparador: Eq → NotEq
muerto: tools/tareas_hechos.py:175:43:negacion negacion: se borra el `not`
muerto: tools/tareas_hechos.py:178:25:constante constante: 1 → 2
muerto: tools/tareas_hechos.py:179:19:comparador comparador: NotEq → Eq
vivo: tools/tareas_hechos.py:179:31:constante constante: 1 → 2
muerto: tools/tareas_hechos.py:181:34:constante constante: 1 → 2
muerto: tools/tareas_hechos.py:182:26:comparador comparador: Lt → LtE
muerto: tools/tareas_hechos.py:183:27:booleano booleano: and ↔ or
muerto: tools/tareas_hechos.py:183:27:comparador comparador: Eq → NotEq
muerto: tools/tareas_hechos.py:183:47:negacion negacion: se borra el `not`
muerto: tools/tareas_hechos.py:184:43:constante constante: 1 → 2
muerto: tools/tareas_hechos.py:185:42:constante constante: True → False
muerto: tools/tareas_hechos.py:187:29:constante constante: 1 → 2
muerto: tools/tareas_hechos.py:191:30:constante constante: 1 → 2
muerto: tools/tareas_hechos.py:192:38:constante constante: 1 → 2
muerto: tools/tareas_hechos.py:194:22:booleano booleano: and ↔ or
muerto: tools/tareas_hechos.py:194:22:comparador comparador: Lt → LtE
muerto: tools/tareas_hechos.py:194:32:comparador comparador: Gt → GtE
muerto: tools/tareas_hechos.py:194:46:constante constante: 0 → 1
muerto: tools/tareas_hechos.py:196:23:booleano booleano: and ↔ or
muerto: tools/tareas_hechos.py:196:23:comparador comparador: Eq → NotEq
vivo: tools/tareas_hechos.py:196:40:comparador comparador: Lt → LtE
vivo: tools/tareas_hechos.py:196:44:constante constante: 1 → 2
muerto: tools/tareas_hechos.py:197:61:constante constante: 2 → 3
muerto: tools/tareas_hechos.py:198:29:constante constante: 2 → 3
muerto: tools/tareas_hechos.py:200:23:comparador comparador: Eq → NotEq
muerto: tools/tareas_hechos.py:201:39:constante constante: 1 → 2
muerto: tools/tareas_hechos.py:203:25:comparador comparador: Eq → NotEq
muerto: tools/tareas_hechos.py:204:39:constante constante: 1 → 2
muerto: tools/tareas_hechos.py:205:27:comparador comparador: Gt → GtE
muerto: tools/tareas_hechos.py:205:41:constante constante: 0 → 1
muerto: tools/tareas_hechos.py:209:25:constante constante: 1 → 2
muerto: tools/tareas_hechos.py:211:19:comparador comparador: Eq → NotEq
muerto: tools/tareas_hechos.py:211:34:constante constante: 0 → 1
muerto: tools/tareas_hechos.py:213:34:constante constante: True → False
muerto: tools/tareas_hechos.py:216:47:constante constante: 0 → 1
muerto: tools/tareas_hechos.py:218:15:negacion negacion: se borra el `not`
vivo: tools/tareas_hechos.py:221:38:constante constante: 1 → 2
muerto: tools/tareas_hechos.py:228:17:constante constante: 1 → 2
muerto: tools/tareas_hechos.py:230:4:retorno retorno: return <algo> → return None
muerto: tools/tareas_hechos.py:242:7:booleano booleano: and ↔ or
muerto: tools/tareas_hechos.py:242:7:comparador comparador: GtE → Gt
muerto: tools/tareas_hechos.py:242:29:constante constante: 3 → 4
muerto: tools/tareas_hechos.py:242:35:comparador comparador: Eq → NotEq
muerto: tools/tareas_hechos.py:242:49:constante constante: 0 → 1
muerto: tools/tareas_hechos.py:243:33:constante constante: 1 → 2
muerto: tools/tareas_hechos.py:257:7:booleano booleano: and ↔ or
muerto: tools/tareas_hechos.py:260:8:retorno retorno: return <algo> → return None
muerto: tools/tareas_hechos.py:266:8:retorno retorno: return <algo> → return None
muerto: tools/tareas_hechos.py:277:8:retorno retorno: return <algo> → return None
muerto: tools/tareas_hechos.py:288:8:retorno retorno: return <algo> → return None
muerto: tools/tareas_hechos.py:294:50:constante constante: 0 → 1
muerto: tools/tareas_hechos.py:294:64:constante constante: 0 → 1
muerto: tools/tareas_hechos.py:306:8:retorno retorno: return <algo> → return None
muerto: tools/tareas_hechos.py:317:12:retorno retorno: return <algo> → return None
muerto: tools/tareas_hechos.py:325:11:comparador comparador: Eq → NotEq
muerto: tools/tareas_hechos.py:327:11:comparador comparador: Eq → NotEq
muerto: tools/tareas_hechos.py:330:15:comparador comparador: Is → IsNot
muerto: tools/tareas_hechos.py:332:16:retorno retorno: return <algo> → return None
muerto: tools/tareas_hechos.py:336:16:retorno retorno: return <algo> → return None
muerto: tools/tareas_hechos.py:341:15:negacion negacion: se borra el `not`
muerto: tools/tareas_hechos.py:343:16:retorno retorno: return <algo> → return None
muerto: tools/tareas_hechos.py:345:15:negacion negacion: se borra el `not`
muerto: tools/tareas_hechos.py:347:16:retorno retorno: return <algo> → return None
muerto: tools/tareas_hechos.py:352:15:comparador comparador: Is → IsNot
muerto: tools/tareas_hechos.py:354:16:retorno retorno: return <algo> → return None
muerto: tools/tareas_hechos.py:358:16:retorno retorno: return <algo> → return None
muerto: tools/tareas_hechos.py:363:15:negacion negacion: se borra el `not`
muerto: tools/tareas_hechos.py:365:16:retorno retorno: return <algo> → return None
muerto: tools/tareas_hechos.py:372:7:comparador comparador: Is → IsNot
muerto: tools/tareas_hechos.py:374:8:retorno retorno: return <algo> → return None
muerto: tools/tareas_hechos.py:379:8:retorno retorno: return <algo> → return None
muerto: tools/tareas_hechos.py:386:4:retorno retorno: return <algo> → return None
muerto: tools/tareas_hechos.py:392:7:comparador comparador: Eq → NotEq
muerto: tools/tareas_hechos.py:392:22:constante constante: 2 → 3
muerto: tools/tareas_hechos.py:393:8:retorno retorno: return <algo> → return None
muerto: tools/tareas_hechos.py:394:4:retorno retorno: return <algo> → return None
muerto: tools/tareas_hechos.py:394:18:constante constante: 1 → 2
muerto: tools/tareas_hechos.py:394:37:comparador comparador: Eq → NotEq
muerto: tools/tareas_hechos.py:394:44:constante constante: 2 → 3
muerto: tools/tareas_hechos.py:418:15:comparador comparador: In → NotIn
muerto: tools/tareas_hechos.py:421:29:constante constante: 0 → 1
muerto: tools/tareas_hechos.py:427:15:comparador comparador: Is → IsNot
muerto: tools/tareas_hechos.py:438:29:constante constante: 0 → 1
muerto: tools/tareas_hechos.py:452:15:comparador comparador: Is → IsNot
muerto: tools/tareas_hechos.py:460:29:constante constante: 0 → 1
muerto: tools/tareas_hechos.py:468:25:constante constante: 0 → 1
muerto: tools/tareas_hechos.py:471:29:constante constante: 0 → 1
muerto: tools/tareas_hechos.py:481:26:constante constante: True → False
muerto: tools/tareas_hechos.py:482:34:constante constante: False → True
muerto: tools/tareas_hechos.py:483:29:constante constante: False → True
muerto: tools/tareas_hechos.py:484:27:constante constante: False → True
muerto: tools/tareas_hechos.py:485:28:constante constante: False → True
muerto: tools/tareas_hechos.py:490:4:retorno retorno: return <algo> → return None
muerto: tools/tareas_hechos.py:501:11:booleano booleano: and ↔ or
muerto: tools/tareas_hechos.py:501:11:comparador comparador: In → NotIn
muerto: tools/tareas_hechos.py:504:11:booleano booleano: and ↔ or
muerto: tools/tareas_hechos.py:504:11:comparador comparador: IsNot → Is
muerto: tools/tareas_hechos.py:506:11:booleano booleano: and ↔ or
muerto: tools/tareas_hechos.py:506:11:comparador comparador: Is → IsNot
muerto: tools/tareas_hechos.py:506:29:negacion negacion: se borra el `not`
muerto: tools/tareas_hechos.py:511:11:comparador comparador: Is → IsNot
muerto: tools/tareas_hechos.py:518:11:comparador comparador: Gt → GtE
muerto: tools/tareas_hechos.py:520:93:constante constante: 1024 → 1025
muerto: tools/tareas_hechos.py:520:100:constante constante: 1024 → 1025
vivo: tools/tareas_hechos.py:524:50:constante constante: False → True
muerto: tools/tareas_hechos.py:527:7:negacion negacion: se borra el `not`
muerto: tools/tareas_hechos.py:553:11:comparador comparador: Is → IsNot
muerto: tools/tareas_hechos.py:557:23:booleano booleano: and ↔ or
muerto: tools/tareas_hechos.py:564:19:comparador comparador: In → NotIn
muerto: tools/tareas_hechos.py:566:45:constante constante: True → False
muerto: tools/tareas_hechos.py:573:45:constante constante: True → False
muerto: tools/tareas_hechos.py:578:19:booleano booleano: and ↔ or
muerto: tools/tareas_hechos.py:578:19:comparador comparador: NotIn → In
muerto: tools/tareas_hechos.py:578:49:negacion negacion: se borra el `not`
muerto: tools/tareas_hechos.py:586:40:constante constante: 0 → 1
muerto: tools/tareas_hechos.py:587:34:constante constante: False → True
muerto: tools/tareas_hechos.py:588:42:constante constante: True → False
muerto: tools/tareas_hechos.py:602:59:constante constante: 1 → 2
muerto: tools/tareas_hechos.py:606:11:comparador comparador: Gt → GtE
muerto: tools/tareas_hechos.py:626:11:booleano booleano: and ↔ or
muerto: tools/tareas_hechos.py:626:11:negacion negacion: se borra el `not`
muerto: tools/tareas_hechos.py:626:33:comparador comparador: NotEq → Eq
muerto: tools/tareas_hechos.py:629:11:negacion negacion: se borra el `not`
muerto: tools/tareas_hechos.py:634:11:comparador comparador: Is → IsNot
muerto: tools/tareas_hechos.py:637:11:comparador comparador: Gt → GtE
muerto: tools/tareas_hechos.py:640:25:constante constante: 0 → 1
muerto: tools/tareas_hechos.py:641:93:constante constante: 1024 → 1025
muerto: tools/tareas_hechos.py:641:100:constante constante: 1024 → 1025
muerto: tools/tareas_hechos.py:647:53:constante constante: 1 → 2
muerto: tools/tareas_hechos.py:651:11:comparador comparador: Gt → GtE
muerto: tools/tareas_hechos.py:654:25:constante constante: 0 → 1
muerto: tools/tareas_hechos.py:655:93:constante constante: 1024 → 1025
muerto: tools/tareas_hechos.py:655:100:constante constante: 1024 → 1025
muerto: tools/tareas_hechos.py:659:11:comparador comparador: In → NotIn
muerto: tools/tareas_hechos.py:662:25:constante constante: 0 → 1
muerto: tools/tareas_hechos.py:672:25:constante constante: 0 → 1
muerto: tools/tareas_hechos.py:677:27:constante constante: False → True
muerto: tools/tareas_hechos.py:679:68:constante constante: 1 → 2
muerto: tools/tareas_hechos.py:680:15:negacion negacion: se borra el `not`
muerto: tools/tareas_hechos.py:683:39:constante constante: True → False
muerto: tools/tareas_hechos.py:684:62:constante constante: 1 → 2
vivo: tools/tareas_hechos.py:684:65:constante constante: 0 → 1
muerto: tools/tareas_hechos.py:685:66:constante constante: 1 → 2
muerto: tools/tareas_hechos.py:691:20:booleano booleano: and ↔ or
muerto: tools/tareas_hechos.py:692:24:comparador comparador: Eq → NotEq
muerto: tools/tareas_hechos.py:692:43:constante constante: 1 → 2
vivo: tools/tareas_hechos.py:692:46:constante constante: 0 → 1
muerto: tools/tareas_hechos.py:693:24:comparador comparador: GtE → Gt
muerto: tools/tareas_hechos.py:693:47:constante constante: 1 → 2
muerto: tools/tareas_hechos.py:695:39:constante constante: False → True
muerto: tools/tareas_hechos.py:706:100:constante constante: 1 → 2
muerto: tools/tareas_hechos.py:715:48:constante constante: 1 → 2
vivo: tools/tareas_hechos.py:716:19:booleano booleano: and ↔ or
muerto: tools/tareas_hechos.py:718:54:constante constante: 1 → 2
muerto: tools/tareas_hechos.py:750:23:booleano booleano: and ↔ or
muerto: tools/tareas_hechos.py:750:23:comparador comparador: LtE → Lt
muerto: tools/tareas_hechos.py:750:26:constante constante: 0 → 1
muerto: tools/tareas_hechos.py:750:47:comparador comparador: LtE → Lt
muerto: tools/tareas_hechos.py:750:62:constante constante: 1 → 2
muerto: tools/tareas_hechos.py:753:40:constante constante: 1 → 2
muerto: tools/tareas_hechos.py:766:11:comparador comparador: NotIn → In
muerto: tools/tareas_hechos.py:776:15:comparador comparador: Eq → NotEq
muerto: tools/tareas_hechos.py:776:39:constante constante: 0 → 1
muerto: tools/tareas_hechos.py:786:4:retorno retorno: return <algo> → return None
muerto: tools/tareas_hechos.py:823:8:retorno retorno: return <algo> → return None
muerto: tools/tareas_hechos.py:823:15:constante constante: 1 → 2
muerto: tools/tareas_hechos.py:829:4:retorno retorno: return <algo> → return None
muerto: tools/tareas_hechos.py:829:11:constante constante: 0 → 1
{"id": "mutacion_de_codigo", "mutantes": 246, "baseline_verde": true, "baseline_estado": "pasaron", "bytecode_frio": true, "tests_fallaron": 231, "errores_arnes": 0, "timeouts": 0, "rondas_ejecutadas": 247, "rondas_cache_verificadas": 247, "mutantes_reutilizados": 0, "primer_fallo_id": "tools/tareas_hechos.py:36:24:constante", "primer_fallo_estado": "tests_fallaron", "primer_fallo_codigo_salida": 1, "primer_fallo_salida": ".F\n======================================================================\nFAIL: test_auxiliares_y_ocultos_no_son_documentos_centrales (tests.test_tareas_hechos_mutacion.DatosHechosTests.test_auxiliares_y_ocultos_no_son_documentos_centrales)\nUn TAREA.md bajo carpeta oculta se inventaría como archivo, sin prechequeo de tarea central.\n----------------------------------------------------------------------\nTraceback (most recent call last):\n  File \"/tmp/oracle-mutacion-u1f5ktbg/proyecto/tests/test_tareas_hechos_mutacion.py\", line 285, in test_auxiliares_y_ocultos_no_son_documentos_centrales\n    self.assertEqual(datos[\"omision_seguimiento\"], [{\"ruta\": \"tareas/.oculto/TAREA.md\", \"linea\": 0,\n    ~~~~~~~~~~~~~~~~^^^^^^^^^^^^^^^^^^^^^^^^^^^^^^^^^^^^^^^^^^^^^^^^^^^^^^^^^^^^^^^^^^^^^^^^^^^^^^^\n                     \"motivo\": \"archivo Markdown supera el límite de 2 MiB\"}])\n                     ^^^^^^^^^^^^^^^^^^^^^^^^^^^^^^^^^^^^^^^^^^^^^^^^^^^^^^^^^\nAssertionError: Lists differ: [] != [{'ruta': 'tareas/.oculto/TAREA.md', 'line[58 chars]iB'}]\n\nSecond list contains 1 additional elements.\nFirst extra element 0:\n{'ruta': 'tareas/.oculto/TAREA.md', 'linea': 0, 'motivo': 'archivo Markdown supera el límite de 2 MiB'}\n\n- []\n+ [{'linea': 0,\n+   'motivo': 'archivo Markdown supera el límite de 2 MiB',\n+   'ruta': 'tareas/.oculto/TAREA.md'}]\n\n----------------------------------------------------------------------\nRan 2 tests in 0.349s\n\nFAILED (failures=1)", "primer_fallo_salida_truncada": false, "primer_inconcluso_id": "", "primer_inconcluso_estado": "", "primer_inconcluso_codigo_salida": null, "primer_inconcluso_salida": "", "primer_inconcluso_salida_truncada": false, "aislada": true, "fuentes_originales_intactas": true}
