COMANDO: ['/tmp/oracle-web-corte/wheel-instalado/bin/python', '-m', 'pip', 'install', '--no-index', '/home/workstation/Dev/oracle/dist/0.38.1/oracle_metalenguaje-0.38.1-py3-none-any.whl']
WARNING: The directory '/home/workstation/.cache/pip' or its parent directory is not owned or is not writable by the current user. The cache has been disabled. Check the permissions and owner of that directory. If executing pip with sudo, you should use sudo's -H flag.
Processing /home/workstation/Dev/oracle/dist/0.38.1/oracle_metalenguaje-0.38.1-py3-none-any.whl
Installing collected packages: oracle-metalenguaje
Successfully installed oracle-metalenguaje-0.38.1
COMANDO: ['/tmp/oracle-web-corte/wheel-instalado/bin/oracle', '--version']
oracle 0.38.1
  álgebra:  1.0   (qué SIGNIFICA una medida)
  sintaxis: 1.1   (cómo se ESCRIBE)
  corriendo desde: /tmp/oracle-web-corte/wheel-instalado/lib/python3.14/site-packages/oracle_metalenguaje
COMANDO: ['/tmp/oracle-web-corte/wheel-instalado/bin/oracle', 'plantilla', 'sensor-prosa', '/tmp/oracle-web-corte/ejemplo-wheel']
Plantilla copiada en /tmp/oracle-web-corte/ejemplo-wheel. El sensor ahora pertenece a tu proyecto.
Oracle no ejecuta el sensor. Revisá README.md y luego:
1. Poné OPENROUTER_API_KEY en el entorno.
2. cd /tmp/oracle-web-corte/ejemplo-wheel && python sensor_prosa.py correr --catalogo catalogos --salida corrida
3. oracle juzgar --proyecto . --con corrida/hechos.json
COMANDO: ['/tmp/oracle-web-corte/wheel-instalado/bin/oracle', 'test', '--proyecto', '/tmp/oracle-web-corte/ejemplo-wheel']
UNITARIOS: salteados (sólo aplican al propio Oracle)

CORPUS OK · 15 casos · esquema, evidencia L0 y trazabilidad en regla

SINTAXIS OK · 1 medidas · 0 macros · 15 casos · 1 relaciones

catálogo: 1 medidas · corpus: 15 casos

  ROJO  001-vacio-en-corte                     prosa.alcance_sin_afirmacion_adversa  (valor 1)
  ROJO  002-concreto-en-corte                  prosa.alcance_sin_afirmacion_adversa  (valor 1)
  verde 003-vacio-debajo                       prosa.alcance_sin_afirmacion_adversa  (valor 0)
  verde 004-concreto-encima                    prosa.alcance_sin_afirmacion_adversa  (valor 0)
  ROJO  005-vacio-alto                         prosa.alcance_sin_afirmacion_adversa  (valor 1)
  ROJO  006-concreto-bajo                      prosa.alcance_sin_afirmacion_adversa  (valor 1)
  verde 007-pregunta-ajena                     prosa.alcance_sin_afirmacion_adversa  (valor 0)
  verde 008-ajena-baja                         prosa.alcance_sin_afirmacion_adversa  (valor 0)
  verde 009-vacio-respuesta-no                 prosa.alcance_sin_afirmacion_adversa  (valor 0)
  verde 010-concreto-respuesta-si              prosa.alcance_sin_afirmacion_adversa  (valor 0)
  verde 011-medio                              prosa.alcance_sin_afirmacion_adversa  (valor 0)
  verde 012-concreto-favorable                 prosa.alcance_sin_afirmacion_adversa  (valor 0)
  verde 013-vacio-favorable                    prosa.alcance_sin_afirmacion_adversa  (valor 0)
  SIN EVIDENCIA 014-sin-relacion              prosa.alcance_sin_afirmacion_adversa  («afirmacion_prosa» vacía)
  SIN EVIDENCIA 015-relacion-vacia            prosa.alcance_sin_afirmacion_adversa  («afirmacion_prosa» vacía)

defectos que se pusieron rojos: 4 · verdes correctos: 9 · sin evidencia esperada: 2 · huecos declarados: 0

nivel meta — el marco medido con sus propias medidas:

ACEPTACIÓN ✓ — 4 defectos en rojo, 2 sin evidencia esperada, 9 verdes correctos, 0 huecos declarados sin tapar

DIFERENCIAL: salteado (el proyecto no tiene fixtures en diferencial/ todavía)

mutantes de medida (medida × mutador): 35 · murieron 35 · sobrevivieron 0
  con 30 mutadores: 6 de quien escribió el lenguaje y 24 de otro autor (ver https://github.com/Segtem/oracle/blob/main/docs/decisiones/DECISION-011-LOS-MUTADORES-TIENEN-AUTOR.md)
  de los muertos: 23 por conducta (invirtió el veredicto, cambió testigos o cambió el valor) · 12 rechazados por el álgebra sin evaluar
  respaldo real: 0 de 35 muertos los mata al menos un caso observado; 35 sólo los sostiene evidencia construida, generada, sin procedencia o diferencial
detecciones evaluadas (mutante × caso): 525

sin políticas meta activas — se informa sólo el resultado operativo

MUTACIÓN DE CÓDIGO: salteada (sólo aplica al propio Oracle)

ALCANCE: verificación de medidas contra casos guardados del corpus.
PRODUCTO: sin nueva medición; la aceptación no reejecuta los comandos de origen ni el producto. El resultado no certifica su estado actual.
VEREDICTO: VERDE (todas las verificaciones aplicables en regla)
