catálogo: 60 medidas · corpus: 203 casos

  ROJO  049-donde-agrego-filas                 meta.donde_nunca_agrega_filas  (valor 1)
  verde 050-donde-filtra-como-debe             meta.donde_nunca_agrega_filas  (valor 0)
  ROJO  051-agrupar-invento-un-grupo           meta.agrupar_no_agranda_la_relacion  (valor 1)
  verde 052-agrupar-colapsa-como-debe          meta.agrupar_no_agranda_la_relacion  (valor 0)
  ROJO  053-unir-perdio-un-par                 meta.unir_materializa_el_producto  (valor 1)
  verde 054-unir-materializa-el-producto       meta.unir_materializa_el_producto  (valor 0)
  ROJO  055-logico-cortocircuito               meta.los_logicos_evaluan_todos_sus_operandos  (valor 2)
  verde 056-logico-evalua-todo                 meta.los_logicos_evaluan_todos_sus_operandos  (valor 0)
  ROJO  057-un-solo-cortocircuito              meta.los_logicos_evaluan_todos_sus_operandos  (valor 1)
  ROJO  061-ausencia-sin-requiere              meta.toda_medida_de_ausencia_declara_requiere  (valor 1)
  verde 062-ausencia-cubierta-o-no-aplica      meta.toda_medida_de_ausencia_declara_requiere  (valor 0)
  ROJO  063-ausencia-sin-terminos-no-concluye  meta.toda_medida_de_ausencia_declara_requiere  (valor 0)
  ROJO  064-medida-sin-filtro-ni-grupo         meta.toda_medida_filtra_o_agrupa  (valor 1)
  verde 065-medida-filtra-o-agrupa             meta.toda_medida_filtra_o_agrupa  (valor 0)
  ROJO  066-filtro-sin-terminos-no-concluye    meta.toda_medida_filtra_o_agrupa  (valor 0)
  ROJO  067-umbral-de-igualdad                 meta.ningun_umbral_de_igualdad  (valor 1)
  verde 068-umbral-de-orden                    meta.ningun_umbral_de_igualdad  (valor 0)
  ROJO  069-filtro-no-toma-terminos-ajenos     meta.toda_medida_filtra_o_agrupa  (valor 1)
  ROJO  070-catalogo-real-sin-filtro-ni-grupo  meta.toda_medida_filtra_o_agrupa  (valor 3)
  verde 071-catalogos-reales-sin-umbral-de-igualdad meta.ningun_umbral_de_igualdad  (valor 0)
  verde 072-un-umbral-flotante-real-que-compara-por-orden meta.ningun_umbral_flotante_de_igualdad  (valor 0)
  verde 073-defensas-y-alcances-reales-no-vacios meta.todo_umbral_declara_de_donde_sale  (valor 0)
  verde 074-alcances-reales-declaran-lo-que-no-ven meta.ninguna_medida_sin_alcance  (valor 0)
  verde 075-las-dos-medidas-reales-de-unir-y-agrupar-declaran-requiere meta.toda_medida_de_ausencia_declara_requiere  (valor 0)
  ROJO  100-donde-no-compone                   meta.donde_compone  (valor 1)
  verde 101-donde-compone-bien                 meta.donde_compone  (valor 0)
  ROJO  102-unir-no-conmuta                    meta.unir_conmuta  (valor 1)
  verde 103-unir-conmuta-bien                  meta.unir_conmuta  (valor 0)
  ROJO  104-agrupar-sin-claves-difiere         meta.agrupar_sin_claves_es_el_resumen_global  (valor 1)
  verde 105-agrupar-sin-claves-coincide        meta.agrupar_sin_claves_es_el_resumen_global  (valor 0)
  ROJO  106-macro-expande-distinto             meta.una_macro_equivale_a_su_expansion  (valor 1)
  verde 107-macro-equivale                     meta.una_macro_equivale_a_su_expansion  (valor 0)
  ROJO  108-donde-compone-un-campo-por-vez     meta.donde_compone  (valor 3)
  ROJO  109-unir-conmuta-un-campo-por-vez      meta.unir_conmuta  (valor 3)
  ROJO  110-agrupar-sin-claves-es-el-resumen-global-un-campo-por-vez meta.agrupar_sin_claves_es_el_resumen_global  (valor 2)
  ROJO  111-una-macro-equivale-a-su-expansion-un-campo-por-vez meta.una_macro_equivale_a_su_expansion  (valor 3)
  ROJO  120-sintaxis-no-vuelve-igual           meta.sintaxis_ida_y_vuelta  (valor 1)
  verde 121-sintaxis-vuelve-exacta             meta.sintaxis_ida_y_vuelta  (valor 0)
  ROJO  122-sintaxis-revienta-al-leer          meta.sintaxis_ida_y_vuelta  (valor 1)
  ROJO  123-sintaxis-un-campo-por-vez          meta.sintaxis_ida_y_vuelta  (valor 3)
  ROJO  124-sintaxis-cubre-algebra-no-vuelve-igual meta.sintaxis_cubre_algebra  (valor 1)
  verde 125-sintaxis-cubre-algebra-vuelve-exacta meta.sintaxis_cubre_algebra  (valor 0)
  ROJO  126-sintaxis-cubre-algebra-un-campo-por-vez meta.sintaxis_cubre_algebra  (valor 4)
  ROJO  127-sintaxis-casos-no-vuelve-igual     meta.sintaxis_casos_ida_y_vuelta  (valor 1)
  verde 128-sintaxis-casos-vuelve-exacta       meta.sintaxis_casos_ida_y_vuelta  (valor 0)
  ROJO  129-sintaxis-casos-generados-no-vuelve-igual meta.sintaxis_casos_cubre_casos  (valor 1)
  verde 130-sintaxis-casos-generados-vuelve-exacta meta.sintaxis_casos_cubre_casos  (valor 0)
  ROJO  131-sintaxis-casos-un-campo-por-vez    meta.sintaxis_casos_ida_y_vuelta  (valor 4)
  ROJO  132-sintaxis-casos-generados-un-campo-por-vez meta.sintaxis_casos_cubre_casos  (valor 4)
  ROJO  400-umbral-flotante-de-igualdad        meta.ningun_umbral_flotante_de_igualdad  (valor 1)
  ROJO  401-umbral-flotante-de-desigualdad     meta.ningun_umbral_flotante_de_igualdad  (valor 1)
  verde 402-umbral-flotante-de-orden-y-entero  meta.ningun_umbral_flotante_de_igualdad  (valor 0)
  ROJO  403-umbral-sin-defensa                 meta.todo_tanteo_explica_por_que  (valor 1)
  verde 404-umbral-con-defensa                 meta.todo_tanteo_explica_por_que  (valor 0)
  ROJO  405-medida-sin-alcance                 meta.ninguna_medida_sin_alcance  (valor 1)
  verde 406-medida-con-alcance                 meta.ninguna_medida_sin_alcance  (valor 0)
  ROJO  407-medida-solo-con-evidencia-fabricada meta.la_medida_no_se_fija_solo_con_evidencia_fabricada  (valor 1)
  verde 408-medida-con-evidencia-observada     meta.la_medida_no_se_fija_solo_con_evidencia_fabricada  (valor 0)
  ROJO  409-flotante-comparado-por-igualdad-en-filtro meta.ningun_flotante_comparado_por_igualdad_en_un_filtro  (valor 1)
  ROJO  410-flotante-comparado-por-desigualdad-en-filtro meta.ningun_flotante_comparado_por_igualdad_en_un_filtro  (valor 1)
  ROJO  411-flotante-en-filtro-sin-ancestro-no-concluye meta.ningun_flotante_comparado_por_igualdad_en_un_filtro  (valor 0)
  verde 412-catalogo-real-sin-flotante-de-igualdad-en-filtro meta.ningun_flotante_comparado_por_igualdad_en_un_filtro  (valor 0)
  ROJO  413-campo-sin-unidad-declarada         meta.ningun_campo_sin_unidad_declarada  (valor 1)
  verde 414-campo-con-unidad-declarada         meta.ningun_campo_sin_unidad_declarada  (valor 0)
  ROJO  415-umbral-sin-segun                   meta.todo_umbral_declara_de_donde_sale  (valor 1)
  verde 416-umbral-con-segun                   meta.todo_umbral_declara_de_donde_sale  (valor 0)
  verde 417-tanteos-reales-explicados-o-ausentes meta.todo_tanteo_explica_por_que  (valor 0)
  ROJO  421-cantidad-comparada-sin-unidad-derivable meta.toda_cantidad_comparada_tiene_unidad_derivable  (valor 1)
  verde 422-cantidad-comparada-con-unidad-derivable meta.toda_cantidad_comparada_tiene_unidad_derivable  (valor 0)
  ROJO  423-sin-cantidad-comparada-no-concluye meta.toda_cantidad_comparada_tiene_unidad_derivable  (valor 0)
  ROJO  424-referente-sin-huella               meta.ninguna_evidencia_declara_un_referente_sin_huella  (valor 1)
  verde 425-referentes-con-huella              meta.ninguna_evidencia_declara_un_referente_sin_huella  (valor 0)
  ROJO  426-referente-sin-evidencia-no-concluye meta.ninguna_evidencia_declara_un_referente_sin_huella  (valor 0)
  ROJO  427-referente-cambio-despues-de-leer   meta.ninguna_evidencia_se_juzga_con_referente_vencido  (valor 1)
  verde 428-referente-sigue-vigente            meta.ninguna_evidencia_se_juzga_con_referente_vencido  (valor 0)
  ROJO  429-sin-comparacion-de-referente-no-concluye meta.ninguna_evidencia_se_juzga_con_referente_vencido  (valor 0)
  ROJO  430-verbo-del-cli-fuera-de-la-ayuda    meta.todo_verbo_del_cli_esta_en_la_ayuda  (valor 1)
  verde 431-todos-los-verbos-en-la-ayuda       meta.todo_verbo_del_cli_esta_en_la_ayuda  (valor 0)
  ROJO  432-opcion-del-vocabulario-sin-sentido meta.toda_opcion_del_vocabulario_declara_su_sentido  (valor 1)
  verde 433-vocabulario-explicado-entero       meta.toda_opcion_del_vocabulario_declara_su_sentido  (valor 0)
  ROJO  434-vocabulario-que-el-manual-no-muestra meta.todo_vocabulario_cerrado_esta_en_el_manual  (valor 1)
  verde 435-el-manual-alcanza-todo-vocabulario meta.todo_vocabulario_cerrado_esta_en_el_manual  (valor 0)
  verde 436-verbos-reales-todos-en-la-ayuda    meta.todo_verbo_del_cli_esta_en_la_ayuda  (valor 0)
  verde 437-vocabularios-reales-explicados     meta.toda_opcion_del_vocabulario_declara_su_sentido  (valor 0)
  verde 438-vocabularios-reales-en-el-manual   meta.todo_vocabulario_cerrado_esta_en_el_manual  (valor 0)
  ROJO  439-sin-verbos-del-cli-no-concluye     meta.todo_verbo_del_cli_esta_en_la_ayuda  (valor 0)
  ROJO  440-sin-opciones-del-vocabulario-no-concluye meta.toda_opcion_del_vocabulario_declara_su_sentido  (valor 0)
  ROJO  441-sin-opciones-del-vocabulario-el-manual-no-concluye meta.todo_vocabulario_cerrado_esta_en_el_manual  (valor 0)
  ROJO  442-diagnostico-con-la-ruta-del-usuario meta.el_diagnostico_no_publica_el_dominio  (valor 1)
  verde 443-diagnostico-sin-nada-del-dominio   meta.el_diagnostico_no_publica_el_dominio  (valor 0)
  ROJO  444-sombra-sobre-una-medida-que-no-existe meta.ninguna_sombra_sobre_una_medida_que_no_existe  (valor 1)
  verde 445-todas-las-sombras-sobre-medidas-que-existen meta.ninguna_sombra_sobre_una_medida_que_no_existe  (valor 0)
  ROJO  446-sombra-sobre-una-medida-ya-en-verde meta.ninguna_sombra_ya_en_verde  (valor 1)
  verde 447-ninguna-sombra-esta-de-mas         meta.ninguna_sombra_ya_en_verde  (valor 0)
  ROJO  448-sombra-sin-fecha-ni-motivo         meta.toda_sombra_declara_desde_y_porque  (valor 2)
  verde 449-toda-sombra-con-fecha-y-motivo     meta.toda_sombra_declara_desde_y_porque  (valor 0)
  ROJO  450-relacion-del-lenguaje-sin-documentar meta.toda_relacion_del_lenguaje_esta_en_la_referencia  (valor 1)
  verde 451-todas-las-relaciones-documentadas  meta.toda_relacion_del_lenguaje_esta_en_la_referencia  (valor 0)
  ROJO  452-sin-relaciones-documentadas-no-concluye meta.toda_relacion_del_lenguaje_esta_en_la_referencia  (valor 0)
  ROJO  453-una-sola-sombra-sin-motivo         meta.toda_sombra_declara_desde_y_porque  (valor 1)
  ROJO  454-sombra-observada-sobre-un-id-muerto meta.ninguna_sombra_sobre_una_medida_que_no_existe  (valor 1)
  ROJO  455-sombra-observada-que-ya-da-verde   meta.ninguna_sombra_ya_en_verde  (valor 1)
  verde 456-sombras-observadas-todas-con-fecha-y-motivo meta.toda_sombra_declara_desde_y_porque  (valor 0)
  verde 457-diagnostico-observado-sin-nada-del-dominio meta.el_diagnostico_no_publica_el_dominio  (valor 0)
  verde 458-referencia-observada-nombra-todas-las-relaciones meta.toda_relacion_del_lenguaje_esta_en_la_referencia  (valor 0)
  verde 459-referentes-reales-del-fixture-diferencial meta.ninguna_evidencia_declara_un_referente_sin_huella  (valor 0)
  ROJO  460-una-sombra-de-mas-de-un-trimestre  meta.ninguna_sombra_envejece_sin_revisarse  (valor 244)
  verde 461-ninguna-sombra-envejecio           meta.ninguna_sombra_envejece_sin_revisarse  (valor 0)
  ROJO  462-una-sombra-con-fecha-que-no-se-puede-leer meta.toda_sombra_declara_una_fecha_real  (valor 1)
  verde 463-ninguna-sombra-con-fecha-invalida  meta.toda_sombra_declara_una_fecha_real  (valor 0)
  ROJO  464-sombra-observada-de-291-dias       meta.ninguna_sombra_envejece_sin_revisarse  (valor 291)
  ROJO  465-sombra-observada-con-fecha-ilegible meta.toda_sombra_declara_una_fecha_real  (valor 1)
  ROJO  466-una-opcion-de-exactamente-cinco-palabras meta.toda_opcion_del_vocabulario_declara_su_sentido  (valor 1)
  ROJO  467-una-sombra-de-noventa-y-un-dias    meta.ninguna_sombra_envejece_sin_revisarse  (valor 91)
  ROJO  468-exclusion-de-mutador-aplicada-globalmente meta.ninguna_exclusion_de_mutador_se_aplica_globalmente  (valor 1)
  verde 469-todas-las-exclusiones-disponibles-en-el-arnes meta.ninguna_exclusion_de_mutador_se_aplica_globalmente  (valor 0)
  verde 470-la-exclusion-real-no-se-aplica-globalmente meta.ninguna_exclusion_de_mutador_se_aplica_globalmente  (valor 0)
  verde 471-el-mutador-que-nadie-distribuye-no-es-una-exclusion-global meta.ninguna_exclusion_de_mutador_se_aplica_globalmente  (valor 0)
  ROJO  472-medida-sin-ambito                  meta.toda_medida_declara_su_ambito  (valor 1)
  verde 473-medidas-con-ambito-declarado       meta.toda_medida_declara_su_ambito  (valor 0)
  verde 474-el-catalogo-migrado-declara-su-ambito meta.toda_medida_declara_su_ambito  (valor 0)
  ROJO  475-medida-universal-depende-de-relacion-del-origen meta.ninguna_medida_declara_un_ambito_mas_amplio_que_sus_dependencias  (valor 1)
  verde 476-medidas-con-dependencias-de-ambito-compatible meta.ninguna_medida_declara_un_ambito_mas_amplio_que_sus_dependencias  (valor 0)
  ROJO  477-medida-universal-depende-por-requiere-de-relacion-del-origen meta.ninguna_medida_declara_un_ambito_mas_amplio_que_sus_dependencias  (valor 1)
  verde 478-la-cota-y-la-clasificacion-coinciden-sin-consultarse meta.ninguna_medida_declara_un_ambito_mas_amplio_que_sus_dependencias  (valor 0)
  ROJO  479-sombras-vencidas-de-distinta-edad  meta.ninguna_sombra_envejece_sin_revisarse  (valor 244)
  verde 480-sin-sombras-no-hay-antiguedad-incumplida meta.ninguna_sombra_envejece_sin_revisarse  (valor 0)
  ROJO  481-el-candidato-rojo-no-supera-el-umbral meta.el_caso_se_pone_como_debe  (valor 1)
  verde 482-generador-observado-con-umbrales-no-nulos meta.el_caso_se_pone_como_debe  (valor 0)
  ROJO  483-un-caso-observado-que-no-dice-de-donde-salio meta.todo_caso_observado_declara_de_donde_salio  (valor 1)
  verde 484-todos-los-observados-dicen-de-donde-salieron meta.todo_caso_observado_declara_de_donde_salio  (valor 0)
  ROJO  485-la-ausencia-visible-no-volvia-de-una-macro meta.sintaxis_ida_y_vuelta  (valor 3)
  verde 486-la-ausencia-visible-vuelve-de-las-tres-macros meta.sintaxis_ida_y_vuelta  (valor 0)
  ROJO  488-agrupar-sin-agregados-no-volvia-de-la-superficie meta.sintaxis_cubre_algebra  (valor 3)
  verde 489-agrupar-sin-agregados-vuelve-exacto meta.sintaxis_cubre_algebra  (valor 0)
  ROJO  490-la-sombra-tapaba-una-deuda-que-crecia meta.ninguna_sombra_supera_su_cota  (valor 1)
  verde 491-la-sombra-declara-su-cota-y-la-respeta meta.ninguna_sombra_supera_su_cota  (valor 0)
  ROJO  492-una-cota-con-holgura-esconde-el-progreso meta.ninguna_cota_mas_alta_que_su_deuda  (valor 1)
  verde 493-la-cota-es-exactamente-la-deuda    meta.ninguna_cota_mas_alta_que_su_deuda  (valor 0)
  verde 494-la-cota-de-la-sombra-observada-por-el-recorrido meta.ninguna_sombra_supera_su_cota  (valor 0)
  ROJO  495-dos-cotas-con-holgura-y-una-deuda-en-cero meta.ninguna_cota_mas_alta_que_su_deuda  (valor 2)
  ROJO  498-una-cota-sobre-una-medida-que-nadie-evalua meta.ninguna_sombra_supera_su_cota  (valor 1)
  verde 499-las-cotas-comprobables-y-las-sombras-sin-cota meta.ninguna_sombra_supera_su_cota  (valor 0)
  ROJO  500-un-campo-con-espacio-se-escribia-como-tabla meta.sintaxis_casos_cubre_casos  (valor 2)
  verde 501-las-dos-formas-del-impresor-eligen-bien meta.sintaxis_casos_cubre_casos  (valor 0)
  ROJO  001-verde-acumulativo                  proceso.afirmacion_declara_alcance  (valor 3)
  ROJO  002-mutante-firma-por-id               proceso.test_con_mutante_que_lo_mata  (valor 1)
  ROJO  003-mutante-fondo-nunca-ejercitado     proceso.test_con_mutante_que_lo_mata  (valor 1)
  ROJO  005-mutante-yaw-sin-franja             proceso.test_con_mutante_que_lo_mata  (valor 1)
  ROJO  006-arnes-bytecode-viejo               proceso.arnes_con_bytecode_frio  (valor 1)
  ROJO  007-relevo-verde-arbol-sucio           proceso.verificacion_vigente  (valor 2)
  ROJO  008-vault-falso-rojo                   proceso.verificador_sin_falsos_rojos  (valor 2)
  ROJO  009-modulo-sin-consumidor              proceso.modulo_con_consumidor  (valor 3)
  ROJO  010-sed-desindenta                     proceso.sintaxis_valida_tras_edicion_masiva  (valor 1)
  ROJO  013-comparadores-del-algebra-sin-ejercitar proceso.test_con_mutante_que_lo_mata  (valor 6)
  ROJO  014-mutador-dejo-un-archivo-mutado-al-ser-matado proceso.test_con_mutante_que_lo_mata  (valor 1)
  ROJO  015-racimo-inalcanzable                proceso.modulo_alcanzable  (valor 12)
  ROJO  016-timeout-contado-como-mutante-muerto proceso.ronda_mutacion_concluyente  (valor 1)
  ROJO  017-error-de-arnes-contado-como-mutante-muerto proceso.ronda_mutacion_concluyente  (valor 1)
  ROJO  018-mutante-de-cache-borro-la-copia-del-proyecto proceso.test_con_mutante_que_lo_mata  (valor 1)
  ROJO  019-ronda-sin-mutantes-declarada-verde proceso.ronda_mutacion_concluyente  (valor 1)
  ROJO  020-una-afirmacion-sin-alcance-alcanza proceso.afirmacion_declara_alcance  (valor 1)
  ROJO  021-un-cambio-vivo-invalida-la-verificacion proceso.verificacion_vigente  (valor 1)
  ROJO  022-un-falso-rojo-ya-rompe-el-verificador proceso.verificador_sin_falsos_rojos  (valor 1)
  ROJO  023-un-import-ajeno-no-es-consumidor   proceso.modulo_con_consumidor  (valor 1)
  ROJO  024-una-variante-no-vacia-inalcanzable proceso.modulo_alcanzable  (valor 1)
  ROJO  025-mutante-de-codigo-sobreviviente    proceso.codigo_con_mutante_que_lo_mata  (valor 1)
  ROJO  026-mutante-de-codigo-equivalente-no-cuenta-como-muerte-ni-sobreviviente proceso.codigo_con_mutante_que_lo_mata  (valor 1)
  ROJO  027-ronda-de-codigo-sin-mutantes-no-concluye proceso.codigo_con_mutante_que_lo_mata  (valor 0)
  ROJO  043-ausencia-total-sale-verde          proceso.modulo_con_consumidor  (valor 0)
  ROJO  044-sin-grafo-de-alcance-sale-verde    proceso.modulo_alcanzable  (valor 0)
  verde 058-rechazo-del-algebra-no-es-deteccion proceso.test_con_mutante_que_lo_mata  (valor 0)
  verde 059-clave-declarada-en-un-caso         proceso.test_con_mutante_que_lo_mata  (valor 0)
  verde 101-mutantes-todos-muertos             proceso.test_con_mutante_que_lo_mata  (valor 0)
  verde 102-verificacion-vigente               proceso.verificacion_vigente  (valor 0)
  verde 103-vault-sin-falsos-rojos             proceso.verificador_sin_falsos_rojos  (valor 0)
  verde 104-afirmacion-con-alcance             proceso.afirmacion_declara_alcance  (valor 0)
  verde 105-arnes-con-cache-frio               proceso.arnes_con_bytecode_frio  (valor 0)
  verde 106-modulos-con-consumidor             proceso.modulo_con_consumidor  (valor 0)
  verde 107-reruteo-sin-romper-sintaxis        proceso.sintaxis_valida_tras_edicion_masiva  (valor 0)
  verde 108-ronda-mutacion-concluyente         proceso.ronda_mutacion_concluyente  (valor 0)
  verde 109-mutantes-de-codigo-todos-muertos   proceso.codigo_con_mutante_que_lo_mata  (valor 0)
  verde 110-mutante-de-codigo-equivalente-declarado-verde proceso.codigo_con_mutante_que_lo_mata  (valor 0)
  verde 116-todo-el-nucleo-es-alcanzable       proceso.modulo_alcanzable  (valor 0)
  ROJO  200-corrida-sin-ninguna-corrida        simulacion.corrida_reproducible  (valor 0)
  ROJO  201-presupuesto-sin-ninguna-corrida    simulacion.no_se_agoto_el_presupuesto  (valor 0)
  ROJO  202-traza-sin-ningun-evento            simulacion.la_traza_no_tiene_huecos  (valor 0)
  ROJO  301-simulador-que-ignora-la-semilla    simulacion.corrida_reproducible  (valor 2)
  verde 302-corridas-reproducibles             simulacion.corrida_reproducible  (valor 0)
  ROJO  303-el-presupuesto-no-alcanzo          simulacion.no_se_agoto_el_presupuesto  (valor 3)
  verde 304-el-presupuesto-alcanzo             simulacion.no_se_agoto_el_presupuesto  (valor 0)
  ROJO  305-traza-con-hueco                    simulacion.la_traza_no_tiene_huecos  (valor 2)
  verde 306-traza-completa                     simulacion.la_traza_no_tiene_huecos  (valor 0)
  ROJO  307-una-corrida-no-reproducible-alcanza simulacion.corrida_reproducible  (valor 1)
  ROJO  308-una-corrida-agota-el-presupuesto   simulacion.no_se_agoto_el_presupuesto  (valor 1)
  ROJO  309-una-traza-con-un-hueco             simulacion.la_traza_no_tiene_huecos  (valor 1)

defectos que se pusieron rojos: 115 · verdes correctos: 81 · huecos declarados: 0
  resuelto       487-el-paquete-mutaba-con-cinco-de-veintinueve-mutadores
  resuelto       496-el-censo-callaba-los-archivos-que-no-volvian
  resuelto       497-el-censo-distingue-perdidas-ilegibles-y-ceros
  resuelto       004-testigos-duplicados
  resuelto       012-umbral-duplicado-en-filtro-y-umbral
  limite_humano  420-evidencia-declarada-observada-que-nadie-observo
  limite_humano  011-conclusion-errada-desvan

nivel meta — el marco medido con sus propias medidas:
  ✓ meta.el_caso_reclama_una_medida_que_existe          0 (<= 0)
  ✓ meta.el_caso_se_pone_como_debe                      0 (<= 0)
  ✓ meta.el_diagnostico_no_publica_el_dominio           0 (<= 0)
  ✓ meta.el_hueco_declarado_explica_por_que             0 (<= 0)
  ✓ meta.el_nivel_no_se_confunde_con_el_dominio         0 (<= 0)
  ✓ meta.la_medida_no_se_fija_solo_con_evidencia_fabricada        0 (<= 0)
  ✓ meta.ningun_campo_sin_unidad_declarada              0 (<= 0)
  ✓ meta.ningun_flotante_comparado_por_igualdad_en_un_filtro        0 (<= 0)
  ✓ meta.ningun_umbral_de_igualdad                      0 (<= 0)
  ✓ meta.ningun_umbral_flotante_de_igualdad             0 (<= 0)
  ✓ meta.ninguna_exclusion_de_mutador_se_aplica_globalmente        0 (<= 0)
  ✓ meta.ninguna_medida_declara_un_ambito_mas_amplio_que_sus_dependencias        0 (<= 0)
  ✓ meta.ninguna_medida_sin_alcance                     0 (<= 0)
  ✓ meta.toda_cantidad_comparada_tiene_unidad_derivable        0 (<= 0)
  ✓ meta.toda_medida_de_ausencia_declara_requiere        0 (<= 0)
  ✓ meta.toda_medida_declara_su_ambito                  0 (<= 0)
  ✓ meta.toda_medida_filtra_o_agrupa                    0 (<= 0)
  ✓ meta.toda_opcion_del_vocabulario_declara_su_sentido        0 (<= 0)
  ✓ meta.toda_relacion_del_lenguaje_esta_en_la_referencia        0 (<= 0)
  ✗ meta.todo_caso_observado_declara_de_donde_salio       94 (<= 0)   [EN SOMBRA]
      → c=049-donde-agrego-filas; c=050-donde-filtra-como-debe; c=051-agrupar-invento-un-grupo +91
  ✓ meta.todo_tanteo_explica_por_que                    0 (<= 0)
  ✓ meta.todo_umbral_declara_de_donde_sale              0 (<= 0)
  ✓ meta.todo_verbo_del_cli_esta_en_la_ayuda            0 (<= 0)
  ✓ meta.todo_vocabulario_cerrado_esta_en_el_manual        0 (<= 0)

EN SOMBRA — 1 medida(s) que se miden y no hacen fallar:
  · meta.todo_caso_observado_declara_de_donde_salio  (hace 4 días)
      porque: 94 de los 102 casos `observada` del corpus propio declaran sólo `repo` y `commit`, que sitúan un árbol y no una corrida. Se cierran de a uno, escribiendo en cada `origen` el comando que lo produjo, y sólo cuando alguien puede afirmar cuál fue: rellenarlos de memoria sería inventar la procedencia que la medida existe para hacer visible, y el árbol contra el que corrieron ya no existe, así que tampoco se puede reconstruir midiendo. Los casos nuevos ya nacen cumpliéndola, y la `cota` impide que la deuda crezca mientras tanto: si sube a 95, la corrida vuelve a fallar
  ✓ meta.ninguna_cota_mas_alta_que_su_deuda             0 (<= 0)
  ✓ meta.ninguna_sombra_envejece_sin_revisarse          0 (<= 90)
  ✓ meta.ninguna_sombra_sobre_una_medida_que_no_existe        0 (<= 0)
  ✓ meta.ninguna_sombra_supera_su_cota                  0 (<= 0)
  ✓ meta.ninguna_sombra_ya_en_verde                     0 (<= 0)
  ✓ meta.toda_sombra_declara_desde_y_porque             0 (<= 0)
  ✓ meta.toda_sombra_declara_una_fecha_real             0 (<= 0)

ACEPTACIÓN ✓ — 115 defectos en rojo, 81 verdes correctos, 0 huecos declarados sin tapar
