Alcance: diagnóstico con módulos propios
muerto: tools/tareas_hechos.py:36:24:constante constante: 2 → 3
muerto: tools/tareas_hechos.py:36:28:constante constante: 1024 → 1025
muerto: tools/tareas_hechos.py:36:35:constante constante: 1024 → 1025
muerto: tools/tareas_hechos.py:47:8:retorno retorno: return <algo> → return None
muerto: tools/tareas_hechos.py:56:12:constante constante: 0 → 1
muerto: tools/tareas_hechos.py:57:14:constante constante: 1 → 2
muerto: tools/tareas_hechos.py:58:10:booleano booleano: and ↔ or
muerto: tools/tareas_hechos.py:58:10:comparador comparador: GtE → Gt
muerto: tools/tareas_hechos.py:58:15:constante constante: 0 → 1
muerto: tools/tareas_hechos.py:58:21:comparador comparador: Eq → NotEq
muerto: tools/tareas_hechos.py:59:17:constante constante: 1 → 2
muerto: tools/tareas_hechos.py:60:13:constante constante: 1 → 2
muerto: tools/tareas_hechos.py:61:4:retorno retorno: return <algo> → return None
muerto: tools/tareas_hechos.py:61:11:comparador comparador: Eq → NotEq
muerto: tools/tareas_hechos.py:61:19:constante constante: 2 → 3
muerto: tools/tareas_hechos.py:61:24:constante constante: 1 → 2
muerto: tools/tareas_hechos.py:77:22:constante constante: 1 → 2
muerto: tools/tareas_hechos.py:79:11:comparador comparador: IsNot → Is
muerto: tools/tareas_hechos.py:83:22:constante constante: 0 → 1
muerto: tools/tareas_hechos.py:87:22:constante constante: 1 → 2
muerto: tools/tareas_hechos.py:88:11:comparador comparador: Lt → LtE
muerto: tools/tareas_hechos.py:91:11:comparador comparador: IsNot → Is
muerto: tools/tareas_hechos.py:94:4:retorno retorno: return <algo> → return None
muerto: tools/tareas_hechos.py:99:4:retorno retorno: return <algo> → return None
muerto: tools/tareas_hechos.py:99:15:comparador comparador: LtE → Lt
muerto: tools/tareas_hechos.py:106:10:booleano booleano: and ↔ or
muerto: tools/tareas_hechos.py:106:10:comparador comparador: Lt → LtE
muerto: tools/tareas_hechos.py:106:22:comparador comparador: In → NotIn
muerto: tools/tareas_hechos.py:107:15:constante constante: 1 → 2
muerto: tools/tareas_hechos.py:108:7:booleano booleano: and ↔ or
muerto: tools/tareas_hechos.py:108:7:comparador comparador: Lt → LtE
muerto: tools/tareas_hechos.py:108:19:comparador comparador: In → NotIn
vivo: tools/tareas_hechos.py:108:48:comparador comparador: Gt → GtE
muerto: tools/tareas_hechos.py:110:15:constante constante: 1 → 2
muerto: tools/tareas_hechos.py:111:14:comparador comparador: Lt → LtE
muerto: tools/tareas_hechos.py:112:15:booleano booleano: and ↔ or
muerto: tools/tareas_hechos.py:112:15:comparador comparador: Eq → NotEq
muerto: tools/tareas_hechos.py:112:41:negacion negacion: se borra el `not`
muerto: tools/tareas_hechos.py:113:23:constante constante: 1 → 2
muerto: tools/tareas_hechos.py:115:19:constante constante: 1 → 2
muerto: tools/tareas_hechos.py:118:14:booleano booleano: and ↔ or
vivo: tools/tareas_hechos.py:118:14:comparador comparador: Lt → LtE
muerto: tools/tareas_hechos.py:118:26:comparador comparador: In → NotIn
vivo: tools/tareas_hechos.py:119:19:constante constante: 1 → 2
muerto: tools/tareas_hechos.py:120:7:booleano booleano: and ↔ or
muerto: tools/tareas_hechos.py:120:7:comparador comparador: Lt → LtE
muerto: tools/tareas_hechos.py:120:19:comparador comparador: Eq → NotEq
muerto: tools/tareas_hechos.py:121:8:retorno retorno: return <algo> → return None
muerto: tools/tareas_hechos.py:121:21:constante constante: 1 → 2
muerto: tools/tareas_hechos.py:139:21:comparador comparador: Is → IsNot
muerto: tools/tareas_hechos.py:142:8:constante constante: 0 → 1
muerto: tools/tareas_hechos.py:144:10:comparador comparador: Lt → LtE
muerto: tools/tareas_hechos.py:146:17:constante constante: 1 → 2
muerto: tools/tareas_hechos.py:150:19:comparador comparador: Eq → NotEq
muerto: tools/tareas_hechos.py:151:28:constante constante: 1 → 2
muerto: tools/tareas_hechos.py:153:11:booleano booleano: and ↔ or
muerto: tools/tareas_hechos.py:153:12:booleano booleano: and ↔ or
muerto: tools/tareas_hechos.py:153:35:negacion negacion: se borra el `not`
muerto: tools/tareas_hechos.py:154:31:constante constante: 1 → 2
muerto: tools/tareas_hechos.py:155:32:constante constante: False → True
muerto: tools/tareas_hechos.py:156:18:comparador comparador: Lt → LtE
muerto: tools/tareas_hechos.py:158:25:constante constante: 1 → 2
muerto: tools/tareas_hechos.py:160:19:booleano booleano: and ↔ or
muerto: tools/tareas_hechos.py:160:19:comparador comparador: Eq → NotEq
muerto: tools/tareas_hechos.py:160:39:negacion negacion: se borra el `not`
muerto: tools/tareas_hechos.py:161:40:constante constante: True → False
muerto: tools/tareas_hechos.py:163:19:booleano booleano: and ↔ or
muerto: tools/tareas_hechos.py:163:19:comparador comparador: Eq → NotEq
muerto: tools/tareas_hechos.py:163:39:negacion negacion: se borra el `not`
muerto: tools/tareas_hechos.py:166:21:constante constante: 1 → 2
muerto: tools/tareas_hechos.py:168:15:negacion negacion: se borra el `not`
muerto: tools/tareas_hechos.py:170:19:comparador comparador: GtE → Gt
muerto: tools/tareas_hechos.py:172:21:constante constante: 1 → 2
muerto: tools/tareas_hechos.py:176:15:booleano booleano: and ↔ or
muerto: tools/tareas_hechos.py:176:15:comparador comparador: GtE → Gt
muerto: tools/tareas_hechos.py:176:19:constante constante: 1 → 2
muerto: tools/tareas_hechos.py:176:29:comparador comparador: NotEq → Eq
muerto: tools/tareas_hechos.py:176:39:constante constante: 1 → 2
muerto: tools/tareas_hechos.py:178:24:constante constante: 1 → 2
muerto: tools/tareas_hechos.py:182:34:constante constante: 1 → 2
muerto: tools/tareas_hechos.py:183:38:constante constante: 1 → 2
muerto: tools/tareas_hechos.py:184:18:booleano booleano: and ↔ or
muerto: tools/tareas_hechos.py:184:18:comparador comparador: Lt → LtE
muerto: tools/tareas_hechos.py:184:32:comparador comparador: In → NotIn
muerto: tools/tareas_hechos.py:185:25:constante constante: 1 → 2
muerto: tools/tareas_hechos.py:187:26:constante constante: False → True
muerto: tools/tareas_hechos.py:189:15:booleano booleano: and ↔ or
muerto: tools/tareas_hechos.py:189:15:comparador comparador: Lt → LtE
muerto: tools/tareas_hechos.py:189:29:comparador comparador: Eq → NotEq
muerto: tools/tareas_hechos.py:190:34:constante constante: 1 → 2
muerto: tools/tareas_hechos.py:193:22:comparador comparador: Lt → LtE
muerto: tools/tareas_hechos.py:194:23:booleano booleano: and ↔ or
muerto: tools/tareas_hechos.py:194:23:comparador comparador: Eq → NotEq
muerto: tools/tareas_hechos.py:194:43:negacion negacion: se borra el `not`
muerto: tools/tareas_hechos.py:197:25:constante constante: 1 → 2
muerto: tools/tareas_hechos.py:198:19:comparador comparador: IsNot → Is
muerto: tools/tareas_hechos.py:200:79:constante constante: 1 → 2
muerto: tools/tareas_hechos.py:201:34:comparador comparador: IsNot → Is
muerto: tools/tareas_hechos.py:205:30:constante constante: 1 → 2
muerto: tools/tareas_hechos.py:208:22:booleano booleano: and ↔ or
muerto: tools/tareas_hechos.py:208:22:comparador comparador: Lt → LtE
muerto: tools/tareas_hechos.py:208:32:comparador comparador: Gt → GtE
muerto: tools/tareas_hechos.py:208:46:constante constante: 0 → 1
muerto: tools/tareas_hechos.py:212:23:comparador comparador: Eq → NotEq
muerto: tools/tareas_hechos.py:213:61:constante constante: 2 → 3
muerto: tools/tareas_hechos.py:214:29:constante constante: 2 → 3
muerto: tools/tareas_hechos.py:216:23:booleano booleano: and ↔ or
muerto: tools/tareas_hechos.py:216:23:comparador comparador: In → NotIn
muerto: tools/tareas_hechos.py:216:41:comparador comparador: Eq → NotEq
muerto: tools/tareas_hechos.py:216:56:constante constante: 1 → 2
muerto: tools/tareas_hechos.py:218:23:comparador comparador: Eq → NotEq
muerto: tools/tareas_hechos.py:219:39:constante constante: 1 → 2
muerto: tools/tareas_hechos.py:221:25:comparador comparador: Eq → NotEq
muerto: tools/tareas_hechos.py:222:39:constante constante: 1 → 2
muerto: tools/tareas_hechos.py:223:27:comparador comparador: Gt → GtE
muerto: tools/tareas_hechos.py:223:41:constante constante: 0 → 1
muerto: tools/tareas_hechos.py:227:25:constante constante: 1 → 2
muerto: tools/tareas_hechos.py:230:19:comparador comparador: Eq → NotEq
muerto: tools/tareas_hechos.py:230:34:constante constante: 0 → 1
muerto: tools/tareas_hechos.py:232:34:constante constante: True → False
muerto: tools/tareas_hechos.py:233:21:booleano booleano: and ↔ or
muerto: tools/tareas_hechos.py:233:21:comparador comparador: Lt → LtE
muerto: tools/tareas_hechos.py:233:31:comparador comparador: In → NotIn
muerto: tools/tareas_hechos.py:235:34:comparador comparador: IsNot → Is
muerto: tools/tareas_hechos.py:237:15:negacion negacion: se borra el `not`
muerto: tools/tareas_hechos.py:249:17:constante constante: 1 → 2
muerto: tools/tareas_hechos.py:255:11:booleano booleano: and ↔ or
muerto: tools/tareas_hechos.py:257:71:constante constante: 1 → 2
muerto: tools/tareas_hechos.py:257:84:constante constante: 2 → 3
muerto: tools/tareas_hechos.py:259:4:retorno retorno: return <algo> → return None
muerto: tools/tareas_hechos.py:271:7:booleano booleano: and ↔ or
muerto: tools/tareas_hechos.py:271:7:comparador comparador: GtE → Gt
muerto: tools/tareas_hechos.py:271:29:constante constante: 3 → 4
muerto: tools/tareas_hechos.py:271:35:comparador comparador: Eq → NotEq
muerto: tools/tareas_hechos.py:271:49:constante constante: 0 → 1
muerto: tools/tareas_hechos.py:272:33:constante constante: 1 → 2
muerto: tools/tareas_hechos.py:286:7:booleano booleano: and ↔ or
muerto: tools/tareas_hechos.py:289:8:retorno retorno: return <algo> → return None
muerto: tools/tareas_hechos.py:295:8:retorno retorno: return <algo> → return None
muerto: tools/tareas_hechos.py:306:8:retorno retorno: return <algo> → return None
muerto: tools/tareas_hechos.py:317:8:retorno retorno: return <algo> → return None
muerto: tools/tareas_hechos.py:323:50:constante constante: 0 → 1
muerto: tools/tareas_hechos.py:323:64:constante constante: 0 → 1
muerto: tools/tareas_hechos.py:328:7:comparador comparador: In → NotIn
muerto: tools/tareas_hechos.py:331:8:retorno retorno: return <algo> → return None
muerto: tools/tareas_hechos.py:336:23:booleano booleano: and ↔ or
muerto: tools/tareas_hechos.py:336:69:comparador comparador: Eq → NotEq
muerto: tools/tareas_hechos.py:346:8:retorno retorno: return <algo> → return None
muerto: tools/tareas_hechos.py:357:12:retorno retorno: return <algo> → return None
muerto: tools/tareas_hechos.py:368:11:comparador comparador: Is → IsNot
muerto: tools/tareas_hechos.py:370:12:retorno retorno: return <algo> → return None
muerto: tools/tareas_hechos.py:374:12:retorno retorno: return <algo> → return None
muerto: tools/tareas_hechos.py:379:11:negacion negacion: se borra el `not`
muerto: tools/tareas_hechos.py:381:12:retorno retorno: return <algo> → return None
muerto: tools/tareas_hechos.py:382:11:comparador comparador: Eq → NotEq
muerto: tools/tareas_hechos.py:384:11:comparador comparador: Eq → NotEq
muerto: tools/tareas_hechos.py:385:15:negacion negacion: se borra el `not`
muerto: tools/tareas_hechos.py:387:16:retorno retorno: return <algo> → return None
muerto: tools/tareas_hechos.py:395:7:comparador comparador: Is → IsNot
muerto: tools/tareas_hechos.py:397:8:retorno retorno: return <algo> → return None
muerto: tools/tareas_hechos.py:402:8:retorno retorno: return <algo> → return None
muerto: tools/tareas_hechos.py:408:7:booleano booleano: and ↔ or
muerto: tools/tareas_hechos.py:408:28:negacion negacion: se borra el `not`
muerto: tools/tareas_hechos.py:410:8:retorno retorno: return <algo> → return None
muerto: tools/tareas_hechos.py:413:4:retorno retorno: return <algo> → return None
muerto: tools/tareas_hechos.py:419:7:comparador comparador: Eq → NotEq
muerto: tools/tareas_hechos.py:419:22:constante constante: 2 → 3
muerto: tools/tareas_hechos.py:420:8:retorno retorno: return <algo> → return None
muerto: tools/tareas_hechos.py:421:4:retorno retorno: return <algo> → return None
muerto: tools/tareas_hechos.py:421:18:constante constante: 1 → 2
muerto: tools/tareas_hechos.py:421:37:comparador comparador: Eq → NotEq
muerto: tools/tareas_hechos.py:421:44:constante constante: 2 → 3
muerto: tools/tareas_hechos.py:445:15:comparador comparador: In → NotIn
muerto: tools/tareas_hechos.py:448:29:constante constante: 0 → 1
muerto: tools/tareas_hechos.py:454:15:comparador comparador: Is → IsNot
muerto: tools/tareas_hechos.py:465:29:constante constante: 0 → 1
muerto: tools/tareas_hechos.py:479:15:comparador comparador: Is → IsNot
muerto: tools/tareas_hechos.py:487:29:constante constante: 0 → 1
muerto: tools/tareas_hechos.py:495:25:constante constante: 0 → 1
muerto: tools/tareas_hechos.py:498:29:constante constante: 0 → 1
muerto: tools/tareas_hechos.py:508:26:constante constante: True → False
muerto: tools/tareas_hechos.py:509:34:constante constante: False → True
muerto: tools/tareas_hechos.py:510:29:constante constante: False → True
muerto: tools/tareas_hechos.py:511:27:constante constante: False → True
muerto: tools/tareas_hechos.py:512:28:constante constante: False → True
muerto: tools/tareas_hechos.py:517:4:retorno retorno: return <algo> → return None
muerto: tools/tareas_hechos.py:528:11:booleano booleano: and ↔ or
muerto: tools/tareas_hechos.py:528:11:comparador comparador: In → NotIn
muerto: tools/tareas_hechos.py:531:11:booleano booleano: and ↔ or
muerto: tools/tareas_hechos.py:531:11:comparador comparador: IsNot → Is
muerto: tools/tareas_hechos.py:533:11:booleano booleano: and ↔ or
muerto: tools/tareas_hechos.py:533:11:comparador comparador: Is → IsNot
muerto: tools/tareas_hechos.py:533:29:negacion negacion: se borra el `not`
muerto: tools/tareas_hechos.py:538:11:comparador comparador: Is → IsNot
muerto: tools/tareas_hechos.py:545:11:comparador comparador: Gt → GtE
muerto: tools/tareas_hechos.py:547:93:constante constante: 1024 → 1025
muerto: tools/tareas_hechos.py:547:100:constante constante: 1024 → 1025
muerto: tools/tareas_hechos.py:551:50:constante constante: False → True
muerto: tools/tareas_hechos.py:554:7:negacion negacion: se borra el `not`
muerto: tools/tareas_hechos.py:580:11:comparador comparador: Is → IsNot
muerto: tools/tareas_hechos.py:584:23:booleano booleano: and ↔ or
muerto: tools/tareas_hechos.py:591:19:comparador comparador: In → NotIn
muerto: tools/tareas_hechos.py:593:45:constante constante: True → False
muerto: tools/tareas_hechos.py:600:45:constante constante: True → False
muerto: tools/tareas_hechos.py:605:19:booleano booleano: and ↔ or
muerto: tools/tareas_hechos.py:605:19:comparador comparador: NotIn → In
muerto: tools/tareas_hechos.py:605:49:negacion negacion: se borra el `not`
muerto: tools/tareas_hechos.py:613:40:constante constante: 0 → 1
muerto: tools/tareas_hechos.py:614:34:constante constante: False → True
muerto: tools/tareas_hechos.py:615:42:constante constante: True → False
muerto: tools/tareas_hechos.py:629:59:constante constante: 1 → 2
muerto: tools/tareas_hechos.py:633:11:comparador comparador: Gt → GtE
muerto: tools/tareas_hechos.py:653:11:booleano booleano: and ↔ or
muerto: tools/tareas_hechos.py:653:11:negacion negacion: se borra el `not`
muerto: tools/tareas_hechos.py:653:33:comparador comparador: NotEq → Eq
muerto: tools/tareas_hechos.py:656:11:negacion negacion: se borra el `not`
muerto: tools/tareas_hechos.py:661:11:comparador comparador: Is → IsNot
muerto: tools/tareas_hechos.py:664:11:comparador comparador: Gt → GtE
muerto: tools/tareas_hechos.py:667:25:constante constante: 0 → 1
muerto: tools/tareas_hechos.py:668:93:constante constante: 1024 → 1025
muerto: tools/tareas_hechos.py:668:100:constante constante: 1024 → 1025
muerto: tools/tareas_hechos.py:674:53:constante constante: 1 → 2
muerto: tools/tareas_hechos.py:678:11:comparador comparador: Gt → GtE
muerto: tools/tareas_hechos.py:681:25:constante constante: 0 → 1
muerto: tools/tareas_hechos.py:682:93:constante constante: 1024 → 1025
muerto: tools/tareas_hechos.py:682:100:constante constante: 1024 → 1025
muerto: tools/tareas_hechos.py:686:11:comparador comparador: In → NotIn
muerto: tools/tareas_hechos.py:689:25:constante constante: 0 → 1
muerto: tools/tareas_hechos.py:699:25:constante constante: 0 → 1
muerto: tools/tareas_hechos.py:704:27:constante constante: False → True
muerto: tools/tareas_hechos.py:706:68:constante constante: 1 → 2
muerto: tools/tareas_hechos.py:707:15:negacion negacion: se borra el `not`
muerto: tools/tareas_hechos.py:710:39:constante constante: True → False
muerto: tools/tareas_hechos.py:712:69:constante constante: 1 → 2
muerto: tools/tareas_hechos.py:713:66:constante constante: 1 → 2
muerto: tools/tareas_hechos.py:719:20:booleano booleano: and ↔ or
muerto: tools/tareas_hechos.py:720:43:constante constante: 1 → 2
muerto: tools/tareas_hechos.py:721:24:comparador comparador: GtE → Gt
muerto: tools/tareas_hechos.py:721:47:constante constante: 1 → 2
muerto: tools/tareas_hechos.py:723:39:constante constante: False → True
muerto: tools/tareas_hechos.py:734:100:constante constante: 1 → 2
muerto: tools/tareas_hechos.py:743:48:constante constante: 1 → 2
muerto: tools/tareas_hechos.py:748:56:constante constante: 1 → 2
muerto: tools/tareas_hechos.py:749:54:constante constante: 1 → 2
muerto: tools/tareas_hechos.py:783:23:booleano booleano: and ↔ or
muerto: tools/tareas_hechos.py:783:23:comparador comparador: LtE → Lt
muerto: tools/tareas_hechos.py:783:26:constante constante: 0 → 1
muerto: tools/tareas_hechos.py:783:47:comparador comparador: LtE → Lt
muerto: tools/tareas_hechos.py:783:62:constante constante: 1 → 2
muerto: tools/tareas_hechos.py:786:40:constante constante: 1 → 2
muerto: tools/tareas_hechos.py:799:11:comparador comparador: NotIn → In
muerto: tools/tareas_hechos.py:809:15:comparador comparador: Eq → NotEq
muerto: tools/tareas_hechos.py:809:39:constante constante: 0 → 1
muerto: tools/tareas_hechos.py:819:4:retorno retorno: return <algo> → return None
muerto: tools/tareas_hechos.py:856:8:retorno retorno: return <algo> → return None
muerto: tools/tareas_hechos.py:856:15:constante constante: 1 → 2
muerto: tools/tareas_hechos.py:862:4:retorno retorno: return <algo> → return None
muerto: tools/tareas_hechos.py:862:11:constante constante: 0 → 1
{"id": "mutacion_de_codigo", "mutantes": 258, "baseline_verde": true, "baseline_estado": "pasaron", "bytecode_frio": true, "tests_fallaron": 255, "errores_arnes": 0, "timeouts": 0, "rondas_ejecutadas": 259, "rondas_cache_verificadas": 259, "mutantes_reutilizados": 0, "primer_fallo_id": "tools/tareas_hechos.py:36:24:constante", "primer_fallo_estado": "tests_fallaron", "primer_fallo_codigo_salida": 1, "primer_fallo_salida": ".F\n======================================================================\nFAIL: test_auxiliares_y_ocultos_no_son_documentos_centrales (tests.test_tareas_hechos_mutacion.DatosHechosTests.test_auxiliares_y_ocultos_no_son_documentos_centrales)\nUn TAREA.md bajo carpeta oculta se inventaría como archivo, sin prechequeo de tarea central.\n----------------------------------------------------------------------\nTraceback (most recent call last):\n  File \"/tmp/oracle-mutacion-9fde3skd/proyecto/tests/test_tareas_hechos_mutacion.py\", line 295, in test_auxiliares_y_ocultos_no_son_documentos_centrales\n    self.assertEqual(datos[\"omision_seguimiento\"], [{\"ruta\": \"tareas/.oculto/TAREA.md\", \"linea\": 0,\n    ~~~~~~~~~~~~~~~~^^^^^^^^^^^^^^^^^^^^^^^^^^^^^^^^^^^^^^^^^^^^^^^^^^^^^^^^^^^^^^^^^^^^^^^^^^^^^^^\n                     \"motivo\": \"archivo Markdown supera el límite de 2 MiB\"}])\n                     ^^^^^^^^^^^^^^^^^^^^^^^^^^^^^^^^^^^^^^^^^^^^^^^^^^^^^^^^^\nAssertionError: Lists differ: [] != [{'ruta': 'tareas/.oculto/TAREA.md', 'line[58 chars]iB'}]\n\nSecond list contains 1 additional elements.\nFirst extra element 0:\n{'ruta': 'tareas/.oculto/TAREA.md', 'linea': 0, 'motivo': 'archivo Markdown supera el límite de 2 MiB'}\n\n- []\n+ [{'linea': 0,\n+   'motivo': 'archivo Markdown supera el límite de 2 MiB',\n+   'ruta': 'tareas/.oculto/TAREA.md'}]\n\n----------------------------------------------------------------------\nRan 2 tests in 0.364s\n\nFAILED (failures=1)", "primer_fallo_salida_truncada": false, "primer_inconcluso_id": "", "primer_inconcluso_estado": "", "primer_inconcluso_codigo_salida": null, "primer_inconcluso_salida": "", "primer_inconcluso_salida_truncada": false, "aislada": true, "fuentes_originales_intactas": true}
