Initialized empty Git repository in /tmp/oracle-cierre-novato/agy2/recorrido/batalla-naval/.git/
[main (root-commit) 3fabbf4] base
 59 files changed, 5416 insertions(+)
 create mode 100644 catalogos/naval/naval.alternancia_turnos.oracle
 create mode 100644 catalogos/naval/naval.barcos_dentro_del_tablero.oracle
 create mode 100644 catalogos/naval/naval.barcos_sin_solapamiento.oracle
 create mode 100644 catalogos/naval/naval.fin_de_juego_sin_tiros_posteriores.oracle
 create mode 100644 catalogos/naval/naval.flota_reglamentaria.oracle
 create mode 100644 catalogos/naval/naval.ganador_legitimo.oracle
 create mode 100644 catalogos/naval/naval.tiros_dentro_del_tablero.oracle
 create mode 100644 catalogos/naval/naval.tiros_sin_repeticion.oracle
 create mode 100644 catalogos/naval/naval.turnos_sin_huecos.oracle
 create mode 100644 catalogos/naval/naval.veracidad_impacto_negativo.oracle
 create mode 100644 catalogos/naval/naval.veracidad_impacto_positivo.oracle
 create mode 100644 corpus/naval/001-tiro-fuera-de-tablero.caso
 create mode 100644 corpus/naval/002-tiro-valido.caso
 create mode 100644 corpus/naval/003-mismo-tirador-seguido.caso
 create mode 100644 corpus/naval/004-tiradores-alternos.caso
 create mode 100644 corpus/naval/005-barco-fila-desbordada.caso
 create mode 100644 corpus/naval/006-barco-en-borde.caso
 create mode 100644 corpus/naval/007-barcos-superpuestos.caso
 create mode 100644 corpus/naval/008-barcos-separados.caso
 create mode 100644 corpus/naval/009-tiro-despues-del-final.caso
 create mode 100644 corpus/naval/010-tiro-en-turno-final.caso
 create mode 100644 corpus/naval/011-flota-de-dieciseis.caso
 create mode 100644 corpus/naval/012-flota-de-diecisiete.caso
 create mode 100644 corpus/naval/013-ganador-con-dieciseis-impactos.caso
 create mode 100644 corpus/naval/014-ganador-con-diecisiete-impactos.caso
 create mode 100644 corpus/naval/015-tiro-repetido.caso
 create mode 100644 corpus/naval/016-tiros-distintos.caso
 create mode 100644 corpus/naval/017-turno-saltado.caso
 create mode 100644 corpus/naval/018-turnos-contiguos.caso
 create mode 100644 corpus/naval/019-barco-reportado-como-agua.caso
 create mode 100644 corpus/naval/020-agua-reportada-como-agua.caso
 create mode 100644 corpus/naval/021-impacto-fantasma.caso
 create mode 100644 corpus/naval/022-impacto-real.caso
 create mode 100644 corpus/naval/023-columna-desbordada.caso
 create mode 100644 corpus/naval/024-fila-negativa.caso
 create mode 100644 corpus/naval/025-columna-negativa.caso
 create mode 100644 corpus/naval/026-barco-columna-desbordada.caso
 create mode 100644 corpus/naval/027-barco-fila-negativa.caso
 create mode 100644 corpus/naval/028-barco-columna-negativa.caso
 create mode 100644 corpus/naval/029-flota-sin-celdas.caso
 create mode 100644 corpus/naval/030-sin-tiros-registrados.caso
 create mode 100644 corpus/naval/031-distinta-fila-igual-turno-ajeno.caso
 create mode 100644 corpus/naval/032-agua-declarada-agua.caso
 create mode 100644 corpus/naval/033-fila-confundida-con-turno.caso
 create mode 100644 css/style.css
 create mode 100644 hechos_partida.json
 create mode 100644 index.html
 create mode 100644 js/audio.js
 create mode 100644 js/engine.js
 create mode 100644 js/trace.js
 create mode 100644 js/ui.js
 create mode 100644 oracle.json
 create mode 100644 requisitos/naval.barcos_rectos.requisito
 create mode 100644 requisitos/naval.disparos.requisito
 create mode 100644 requisitos/naval.final.requisito
 create mode 100644 requisitos/naval.flota.requisito
 create mode 100644 requisitos/naval.impactos.requisito
 create mode 100644 requisitos/naval.turnos.requisito
 create mode 100644 sin-tiros.json
