objetivos: tools/cli.py

     ·  tools/cli.py:70:40:constante                         constante: 1 → 2
     ·  tools/cli.py:81:19:constante                         constante: 10 → 11
     ·  tools/cli.py:205:8:retorno                           retorno: return <algo> → return None
     ·  tools/cli.py:218:36:comparador                       comparador: IsNot → Is
     ·  tools/cli.py:220:24:booleano                         booleano: and ↔ or
     ·  tools/cli.py:220:24:comparador                       comparador: IsNot → Is
     ·  tools/cli.py:220:47:comparador                       comparador: In → NotIn
     ·  tools/cli.py:221:4:retorno                           retorno: return <algo> → return None
     ·  tools/cli.py:221:36:booleano                         booleano: and ↔ or
     ·  tools/cli.py:222:46:comparador                       comparador: IsNot → Is
     ·  tools/cli.py:233:7:comparador                        comparador: In → NotIn
     ·  tools/cli.py:235:11:booleano                         booleano: and ↔ or
     ·  tools/cli.py:235:11:comparador                       comparador: GtE → Gt
     ·  tools/cli.py:235:15:constante                        constante: 1 → 2
     ·  tools/cli.py:235:44:constante                        constante: 1 → 2
     ·  tools/cli.py:237:12:retorno                          retorno: return <algo> → return None
     ·  tools/cli.py:237:19:constante                        constante: 1 → 2
     ·  tools/cli.py:238:28:constante                        constante: 1 → 2
     ·  tools/cli.py:240:55:constante                        constante: False → True
     ·  tools/cli.py:247:12:retorno                          retorno: return <algo> → return None
     ·  tools/cli.py:247:19:constante                        constante: 1 → 2
     ·  tools/cli.py:250:8:retorno                           retorno: return <algo> → return None
     ·  tools/cli.py:250:15:constante                        constante: 0 → 1
     ·  tools/cli.py:252:4:retorno                           retorno: return <algo> → return None
     ·  tools/cli.py:252:11:constante                        constante: 0 → 1
     ·  tools/cli.py:257:7:comparador                        comparador: NotIn → In
     ·  tools/cli.py:258:8:retorno                           retorno: return <algo> → return None
     ·  tools/cli.py:260:7:booleano                          booleano: and ↔ or
     ·  tools/cli.py:260:7:comparador                        comparador: GtE → Gt
     ·  tools/cli.py:260:11:constante                        constante: 1 → 2
     ·  tools/cli.py:260:38:constante                        constante: 1 → 2
     ·  tools/cli.py:261:8:retorno                           retorno: return <algo> → return None
     ·  tools/cli.py:262:4:retorno                           retorno: return <algo> → return None
     ·  tools/cli.py:262:20:constante                        constante: 1 → 2
     ·  tools/cli.py:267:8:retorno                           retorno: return <algo> → return None
     ·  tools/cli.py:290:7:booleano                          booleano: and ↔ or
     ·  tools/cli.py:290:7:comparador                        comparador: In → NotIn
     ·  tools/cli.py:290:27:comparador                       comparador: In → NotIn
     ·  tools/cli.py:292:8:retorno                           retorno: return <algo> → return None
     ·  tools/cli.py:292:15:constante                        constante: 0 → 1
     ·  tools/cli.py:298:11:comparador                       comparador: Gt → GtE
     ·  tools/cli.py:298:32:constante                        constante: 1 → 2
     ·  tools/cli.py:300:12:retorno                          retorno: return <algo> → return None
     ·  tools/cli.py:300:19:constante                        constante: 1 → 2
     ·  tools/cli.py:304:12:retorno                          retorno: return <algo> → return None
     ·  tools/cli.py:304:19:constante                        constante: 1 → 2
     ·  tools/cli.py:308:25:constante                        constante: 1 → 2
     ·  tools/cli.py:308:56:constante                        constante: 1 → 2
     ·  tools/cli.py:309:24:booleano                         booleano: and ↔ or
     ·  tools/cli.py:309:24:comparador                       comparador: In → NotIn
     ·  tools/cli.py:309:40:comparador                       comparador: Eq → NotEq
     ·  tools/cli.py:310:50:booleano                         booleano: and ↔ or
     ·  tools/cli.py:310:50:comparador                       comparador: NotIn → In
     ·  tools/cli.py:310:77:comparador                       comparador: NotIn → In
     ·  tools/cli.py:312:73:constante                        constante: 0 → 1
     ·  tools/cli.py:313:8:retorno                           retorno: return <algo> → return None
     ·  tools/cli.py:313:15:constante                        constante: 1 → 2
     ·  tools/cli.py:316:45:comparador                       comparador: IsNot → Is
     ·  tools/cli.py:318:45:comparador                       comparador: IsNot → Is
     ·  tools/cli.py:321:24:comparador                       comparador: IsNot → Is
     ·  tools/cli.py:326:24:comparador                       comparador: IsNot → Is
     ·  tools/cli.py:337:11:comparador                       comparador: IsNot → Is
     ·  tools/cli.py:340:16:booleano                         booleano: and ↔ or
     ·  tools/cli.py:340:16:comparador                       comparador: IsNot → Is
     ·  tools/cli.py:341:24:comparador                       comparador: Eq → NotEq
     ·  tools/cli.py:344:15:comparador                       comparador: IsNot → Is
     ·  tools/cli.py:355:8:retorno                           retorno: return <algo> → return None
     ·  tools/cli.py:355:15:constante                        constante: 1 → 2
     ·  tools/cli.py:358:7:comparador                        comparador: IsNot → Is
     ·  tools/cli.py:363:4:retorno                           retorno: return <algo> → return None
     ·  tools/cli.py:363:11:constante                        constante: 0 → 1
     ·  tools/cli.py:410:4:retorno                           retorno: return <algo> → return None
     ·  tools/cli.py:425:48:comparador                       comparador: Eq → NotEq
     ·  tools/cli.py:426:55:comparador                       comparador: Eq → NotEq
     ·  tools/cli.py:427:4:retorno                           retorno: return <algo> → return None
     ·  tools/cli.py:433:4:retorno                           retorno: return <algo> → return None
     ·  tools/cli.py:433:11:constante                        constante: 1 → 2
     ·  tools/cli.py:443:19:booleano                         booleano: and ↔ or
     ·  tools/cli.py:448:8:retorno                           retorno: return <algo> → return None
     ·  tools/cli.py:448:15:constante                        constante: 1 → 2
     ·  tools/cli.py:463:4:retorno                           retorno: return <algo> → return None
     ·  tools/cli.py:463:11:constante                        constante: 0 → 1
     ·  tools/cli.py:478:8:retorno                           retorno: return <algo> → return None
     ·  tools/cli.py:478:15:constante                        constante: 1 → 2
     ·  tools/cli.py:480:60:comparador                       comparador: IsNot → Is
     ·  tools/cli.py:481:7:negacion                          negacion: se borra el `not`
     ·  tools/cli.py:485:8:retorno                           retorno: return <algo> → return None
     ·  tools/cli.py:485:15:constante                        constante: 0 → 1
     ·  tools/cli.py:490:38:comparador                       comparador: In → NotIn
     ·  tools/cli.py:506:8:retorno                           retorno: return <algo> → return None
     ·  tools/cli.py:506:15:constante                        constante: 1 → 2
     ·  tools/cli.py:507:4:retorno                           retorno: return <algo> → return None
     ·  tools/cli.py:507:11:constante                        constante: 0 → 1
     ·  tools/cli.py:512:7:comparador                        comparador: Is → IsNot
     ·  tools/cli.py:513:8:retorno                           retorno: return <algo> → return None
     ·  tools/cli.py:513:15:constante                        constante: 1 → 2
     ·  tools/cli.py:520:4:retorno                           retorno: return <algo> → return None
     ·  tools/cli.py:520:11:constante                        constante: 0 → 1
     ·  tools/cli.py:525:7:comparador                        comparador: Is → IsNot
     ·  tools/cli.py:526:8:retorno                           retorno: return <algo> → return None
     ·  tools/cli.py:526:15:constante                        constante: 1 → 2
     ·  tools/cli.py:533:17:booleano                         booleano: and ↔ or
     ·  tools/cli.py:534:37:constante                        constante: 0 → 1
     ·  tools/cli.py:535:28:constante                        constante: 1 → 2
     ·  tools/cli.py:538:4:retorno                           retorno: return <algo> → return None
     ·  tools/cli.py:538:11:constante                        constante: 0 → 1
     ·  tools/cli.py:543:7:comparador                        comparador: IsNot → Is
     ·  tools/cli.py:545:9:comparador                        comparador: In → NotIn
     ·  tools/cli.py:547:11:comparador                       comparador: GtE → Gt
     ·  tools/cli.py:547:15:constante                        constante: 1 → 2
     ·  tools/cli.py:549:12:retorno                          retorno: return <algo> → return None
     ·  tools/cli.py:549:19:constante                        constante: 1 → 2
     ·  tools/cli.py:550:29:constante                        constante: 1 → 2
     ·  tools/cli.py:560:36:constante                        constante: True → False
     ·  tools/cli.py:560:51:constante                        constante: True → False
     ·  tools/cli.py:561:34:constante                        constante: True → False
     ·  tools/cli.py:562:39:constante                        constante: True → False
     ·  tools/cli.py:563:11:negacion                         negacion: se borra el `not`
     ·  tools/cli.py:575:67:constante                        constante: True → False
     ·  tools/cli.py:576:60:constante                        constante: 2 → 3
     ·  tools/cli.py:579:8:retorno                           retorno: return <algo> → return None
     ·  tools/cli.py:579:15:constante                        constante: 1 → 2
     ·  tools/cli.py:590:4:retorno                           retorno: return <algo> → return None
     ·  tools/cli.py:590:11:constante                        constante: 0 → 1
     ·  tools/cli.py:594:4:retorno                           retorno: return <algo> → return None
     ·  tools/cli.py:598:4:retorno                           retorno: return <algo> → return None
     ·  tools/cli.py:602:4:retorno                           retorno: return <algo> → return None
     ·  tools/cli.py:606:4:retorno                           retorno: return <algo> → return None
     ·  tools/cli.py:610:4:retorno                           retorno: return <algo> → return None
     ·  tools/cli.py:615:7:negacion                          negacion: se borra el `not`
     ·  tools/cli.py:617:7:negacion                          negacion: se borra el `not`
     ·  tools/cli.py:619:8:retorno                           retorno: return <algo> → return None
     ·  tools/cli.py:619:15:constante                        constante: 1 → 2
     ·  tools/cli.py:622:12:retorno                          retorno: return <algo> → return None
     ·  tools/cli.py:625:8:retorno                           retorno: return <algo> → return None
     ·  tools/cli.py:625:15:constante                        constante: 1 → 2
     ·  tools/cli.py:629:31:constante                        constante: False → True
     ·  tools/cli.py:631:7:negacion                          negacion: se borra el `not`
     ·  tools/cli.py:633:7:negacion                          negacion: se borra el `not`
     ·  tools/cli.py:635:8:retorno                           retorno: return <algo> → return None
     ·  tools/cli.py:635:15:constante                        constante: 1 → 2
     ·  tools/cli.py:638:68:booleano                         booleano: and ↔ or
     ·  tools/cli.py:639:12:retorno                          retorno: return <algo> → return None
     ·  tools/cli.py:642:8:retorno                           retorno: return <algo> → return None
     ·  tools/cli.py:642:15:constante                        constante: 1 → 2
     ·  tools/cli.py:648:40:comparador                       comparador: In → NotIn
     ·  tools/cli.py:650:4:retorno                           retorno: return <algo> → return None
     ·  tools/cli.py:650:11:constante                        constante: 0 → 1
     ·  tools/cli.py:654:7:comparador                        comparador: In → NotIn
     ·  tools/cli.py:654:24:booleano                         booleano: and ↔ or
     ·  tools/cli.py:655:8:retorno                           retorno: return <algo> → return None
     ·  tools/cli.py:656:4:retorno                           retorno: return <algo> → return None
     ·  tools/cli.py:660:15:booleano                         booleano: and ↔ or
     ·  tools/cli.py:660:15:negacion                         negacion: se borra el `not`
     ·  tools/cli.py:661:7:booleano                          booleano: and ↔ or
     ·  tools/cli.py:661:20:negacion                         negacion: se borra el `not`
     ·  tools/cli.py:662:8:retorno                           retorno: return <algo> → return None
     ·  tools/cli.py:662:56:constante                        constante: True → False
     ·  tools/cli.py:665:12:retorno                          retorno: return <algo> → return None
     ·  tools/cli.py:668:8:retorno                           retorno: return <algo> → return None
     ·  tools/cli.py:668:15:constante                        constante: 1 → 2
     ·  tools/cli.py:673:7:negacion                          negacion: se borra el `not`
     ·  tools/cli.py:675:7:negacion                          negacion: se borra el `not`
     ·  tools/cli.py:677:8:retorno                           retorno: return <algo> → return None
     ·  tools/cli.py:677:15:constante                        constante: 1 → 2
     ·  tools/cli.py:678:4:retorno                           retorno: return <algo> → return None
     ·  tools/cli.py:696:7:negacion                          negacion: se borra el `not`
     ·  tools/cli.py:698:7:negacion                          negacion: se borra el `not`
     ·  tools/cli.py:700:8:retorno                           retorno: return <algo> → return None
     ·  tools/cli.py:700:15:constante                        constante: 1 → 2
     ·  tools/cli.py:706:8:retorno                           retorno: return <algo> → return None
     ·  tools/cli.py:706:15:constante                        constante: 1 → 2
     ·  tools/cli.py:709:11:comparador                       comparador: Eq → NotEq
     ·  tools/cli.py:711:13:comparador                       comparador: Eq → NotEq
     ·  tools/cli.py:712:70:constante                        constante: False → True
     ·  tools/cli.py:713:13:comparador                       comparador: Eq → NotEq
     ·  tools/cli.py:714:71:constante                        constante: False → True
     ·  tools/cli.py:714:85:constante                        constante: 2 → 3
     ·  tools/cli.py:716:40:booleano                         booleano: and ↔ or
     ·  tools/cli.py:717:12:retorno                          retorno: return <algo> → return None
     ·  tools/cli.py:717:19:constante                        constante: 1 → 2
     ·  tools/cli.py:720:8:retorno                           retorno: return <algo> → return None
     ·  tools/cli.py:720:15:constante                        constante: 1 → 2
     ·  tools/cli.py:724:8:retorno                           retorno: return <algo> → return None
     ·  tools/cli.py:724:15:constante                        constante: 1 → 2
     ·  tools/cli.py:725:4:retorno                           retorno: return <algo> → return None
     ·  tools/cli.py:725:11:constante                        constante: 0 → 1
     ·  tools/cli.py:739:57:constante                        constante: True → False
     ·  tools/cli.py:739:68:constante                        constante: True → False
     ·  tools/cli.py:742:28:comparador                       comparador: Eq → NotEq
     ·  tools/cli.py:742:52:constante                        constante: 0 → 1
     ·  tools/cli.py:743:4:retorno                           retorno: return <algo> → return None
     ·  tools/cli.py:762:13:comparador                       comparador: In → NotIn
     ·  tools/cli.py:763:11:comparador                       comparador: In → NotIn
     ·  tools/cli.py:766:7:booleano                          booleano: and ↔ or
     ·  tools/cli.py:769:8:retorno                           retorno: return <algo> → return None
     ·  tools/cli.py:769:15:constante                        constante: 1 → 2
     ·  tools/cli.py:775:8:retorno                           retorno: return <algo> → return None
     ·  tools/cli.py:775:15:constante                        constante: 1 → 2
     ·  tools/cli.py:777:7:booleano                          booleano: and ↔ or
     ·  tools/cli.py:777:49:negacion                         negacion: se borra el `not`
     ·  tools/cli.py:777:82:negacion                         negacion: se borra el `not`
     ·  tools/cli.py:781:8:retorno                           retorno: return <algo> → return None
     ·  tools/cli.py:781:15:constante                        constante: 1 → 2
     ·  tools/cli.py:790:8:retorno                           retorno: return <algo> → return None
     ·  tools/cli.py:790:15:constante                        constante: 1 → 2
     ·  tools/cli.py:794:8:retorno                           retorno: return <algo> → return None
     ·  tools/cli.py:794:15:constante                        constante: 1 → 2
     ·  tools/cli.py:808:15:comparador                       comparador: NotEq → Eq
     ·  tools/cli.py:808:31:constante                        constante: 0 → 1
     ·  tools/cli.py:820:7:booleano                          booleano: and ↔ or
     ·  tools/cli.py:820:7:comparador                        comparador: Eq → NotEq
     ·  tools/cli.py:820:23:constante                        constante: 0 → 1
     ·  tools/cli.py:820:29:comparador                       comparador: Eq → NotEq
     ·  tools/cli.py:820:52:constante                        constante: 0 → 1
     ·  tools/cli.py:820:58:comparador                       comparador: Eq → NotEq
     ·  tools/cli.py:820:84:constante                        constante: 0 → 1
     ·  tools/cli.py:833:8:retorno                           retorno: return <algo> → return None
     ·  tools/cli.py:833:15:constante                        constante: 0 → 1
     ·  tools/cli.py:847:7:negacion                          negacion: se borra el `not`
     ·  tools/cli.py:864:15:comparador                       comparador: Gt → GtE
     ·  tools/cli.py:867:13:negacion                         negacion: se borra el `not`
     ·  tools/cli.py:886:7:negacion                          negacion: se borra el `not`
     ·  tools/cli.py:897:19:comparador                       comparador: NotEq → Eq
     ·  tools/cli.py:897:36:constante                        constante: 0 → 1
     ·  tools/cli.py:908:7:negacion                          negacion: se borra el `not`
     ·  tools/cli.py:914:19:comparador                       comparador: NotEq → Eq
     ·  tools/cli.py:914:37:constante                        constante: 0 → 1
     ·  tools/cli.py:925:11:comparador                       comparador: NotEq → Eq
     ·  tools/cli.py:925:24:constante                        constante: 0 → 1
     ·  tools/cli.py:930:11:comparador                       comparador: NotEq → Eq
     ·  tools/cli.py:930:22:constante                        constante: 0 → 1
     ·  tools/cli.py:935:11:comparador                       comparador: NotEq → Eq
     ·  tools/cli.py:935:24:constante                        constante: 0 → 1
     ·  tools/cli.py:940:7:comparador                        comparador: Eq → NotEq
     ·  tools/cli.py:940:24:constante                        constante: 0 → 1
     ·  tools/cli.py:949:19:comparador                       comparador: NotEq → Eq
     ·  tools/cli.py:949:31:constante                        constante: 0 → 1
     ·  tools/cli.py:961:15:comparador                       comparador: NotEq → Eq
     ·  tools/cli.py:961:34:constante                        constante: 0 → 1
     ·  tools/cli.py:981:8:retorno                           retorno: return <algo> → return None
     ·  tools/cli.py:981:15:constante                        constante: 1 → 2
     ·  tools/cli.py:984:4:retorno                           retorno: return <algo> → return None
     ·  tools/cli.py:984:11:constante                        constante: 0 → 1
     ·  tools/cli.py:1003:32:comparador                      comparador: Is → IsNot
     ·  tools/cli.py:1003:25:constante                       constante: 1 → 2
     ·  tools/cli.py:1005:7:booleano                         booleano: and ↔ or
     ·  tools/cli.py:1005:7:negacion                         negacion: se borra el `not`
     ·  tools/cli.py:1005:27:comparador                      comparador: In → NotIn
     ·  tools/cli.py:1005:40:constante                       constante: 0 → 1
     ·  tools/cli.py:1007:8:retorno                          retorno: return <algo> → return None
     ·  tools/cli.py:1007:15:constante                       constante: 0 → 1
     ·  tools/cli.py:1008:7:comparador                       comparador: In → NotIn
     ·  tools/cli.py:1008:20:constante                       constante: 0 → 1
     ·  tools/cli.py:1010:8:retorno                          retorno: return <algo> → return None
     ·  tools/cli.py:1010:15:constante                       constante: 0 → 1
     ·  tools/cli.py:1012:30:constante                       constante: 0 → 1
     ·  tools/cli.py:1013:25:constante                       constante: 1 → 2
     ·  tools/cli.py:1018:7:comparador                       comparador: In → NotIn
     ·  tools/cli.py:1020:8:retorno                          retorno: return <algo> → return None
     ·  tools/cli.py:1020:45:constante                       constante: 1 → 2
     ·  tools/cli.py:1020:52:comparador                      comparador: NotEq → Eq
     ·  tools/cli.py:1022:7:booleano                         booleano: and ↔ or
     ·  tools/cli.py:1022:7:comparador                       comparador: In → NotIn
     ·  tools/cli.py:1023:8:booleano                         booleano: and ↔ or
     ·  tools/cli.py:1023:8:comparador                       comparador: Eq → NotEq
     ·  tools/cli.py:1023:47:comparador                      comparador: In → NotIn
     ·  tools/cli.py:1023:53:constante                       constante: 0 → 1
     ·  tools/cli.py:1029:11:comparador                      comparador: Eq → NotEq
     ·  tools/cli.py:1030:30:constante                       constante: 0 → 1
     ·  tools/cli.py:1031:8:retorno                          retorno: return <algo> → return None
     ·  tools/cli.py:1034:7:booleano                         booleano: and ↔ or
     ·  tools/cli.py:1034:7:comparador                       comparador: Eq → NotEq
     ·  tools/cli.py:1034:35:booleano                        booleano: and ↔ or
     ·  tools/cli.py:1034:35:negacion                        negacion: se borra el `not`
     ·  tools/cli.py:1034:48:comparador                      comparador: In → NotIn
     ·  tools/cli.py:1034:54:constante                       constante: 0 → 1
     ·  tools/cli.py:1036:8:retorno                          retorno: return <algo> → return None
     ·  tools/cli.py:1036:15:constante                       constante: 0 → 1
     ·  tools/cli.py:1037:7:booleano                         booleano: and ↔ or
     ·  tools/cli.py:1037:7:comparador                       comparador: Eq → NotEq
     ·  tools/cli.py:1037:33:booleano                        booleano: and ↔ or
     ·  tools/cli.py:1037:33:negacion                        negacion: se borra el `not`
     ·  tools/cli.py:1037:46:comparador                      comparador: In → NotIn
     ·  tools/cli.py:1037:52:constante                       constante: 0 → 1
     ·  tools/cli.py:1039:8:retorno                          retorno: return <algo> → return None
     ·  tools/cli.py:1039:15:constante                       constante: 0 → 1
     ·  tools/cli.py:1040:7:booleano                         booleano: and ↔ or
     ·  tools/cli.py:1040:7:comparador                       comparador: Eq → NotEq
     ·  tools/cli.py:1040:37:booleano                        booleano: and ↔ or
     ·  tools/cli.py:1040:37:negacion                        negacion: se borra el `not`
     ·  tools/cli.py:1040:50:comparador                      comparador: In → NotIn
     ·  tools/cli.py:1040:56:constante                       constante: 0 → 1
     ·  tools/cli.py:1042:8:retorno                          retorno: return <algo> → return None
     ·  tools/cli.py:1042:15:constante                       constante: 0 → 1
     ·  tools/cli.py:1043:7:booleano                         booleano: and ↔ or
     ·  tools/cli.py:1043:7:comparador                       comparador: Eq → NotEq
     ·  tools/cli.py:1043:39:booleano                        booleano: and ↔ or
     ·  tools/cli.py:1043:39:negacion                        negacion: se borra el `not`
     ·  tools/cli.py:1043:52:comparador                      comparador: In → NotIn
     ·  tools/cli.py:1043:58:constante                       constante: 0 → 1
     ·  tools/cli.py:1045:8:retorno                          retorno: return <algo> → return None
     ·  tools/cli.py:1045:15:constante                       constante: 0 → 1
     ·  tools/cli.py:1046:7:booleano                         booleano: and ↔ or
     ·  tools/cli.py:1046:7:comparador                       comparador: Eq → NotEq
     ·  tools/cli.py:1046:34:booleano                        booleano: and ↔ or
     ·  tools/cli.py:1046:34:negacion                        negacion: se borra el `not`
     ·  tools/cli.py:1046:47:comparador                      comparador: In → NotIn
     ·  tools/cli.py:1046:53:constante                       constante: 0 → 1
     ·  tools/cli.py:1048:8:retorno                          retorno: return <algo> → return None
     ·  tools/cli.py:1048:15:constante                       constante: 0 → 1
     ·  tools/cli.py:1049:7:booleano                         booleano: and ↔ or
     ·  tools/cli.py:1049:7:comparador                       comparador: In → NotIn
     ·  tools/cli.py:1050:16:comparador                      comparador: In → NotIn
     ·  tools/cli.py:1050:22:constante                       constante: 0 → 1
     ·  tools/cli.py:1052:8:retorno                          retorno: return <algo> → return None
     ·  tools/cli.py:1052:15:constante                       constante: 0 → 1
     ·  tools/cli.py:1055:7:comparador                       comparador: Eq → NotEq
     ·  tools/cli.py:1056:27:booleano                        booleano: and ↔ or
     ·  tools/cli.py:1056:37:negacion                        negacion: se borra el `not`
     ·  tools/cli.py:1056:47:constante                       constante: 0 → 1
     ·  tools/cli.py:1056:21:constante                       constante: 0 → 1
     ·  tools/cli.py:1057:11:booleano                        booleano: and ↔ or
     ·  tools/cli.py:1057:11:comparador                      comparador: IsNot → Is
     ·  tools/cli.py:1057:32:comparador                      comparador: NotIn → In
     ·  tools/cli.py:1058:12:retorno                         retorno: return <algo> → return None
     ·  tools/cli.py:1059:11:comparador                      comparador: In → NotIn
     ·  tools/cli.py:1062:54:constante                       constante: 1 → 2
     ·  tools/cli.py:1063:15:booleano                        booleano: and ↔ or
     ·  tools/cli.py:1063:15:comparador                      comparador: GtE → Gt
     ·  tools/cli.py:1065:16:retorno                         retorno: return <algo> → return None
     ·  tools/cli.py:1065:23:constante                       constante: 2 → 3
     ·  tools/cli.py:1068:13:comparador                      comparador: In → NotIn
     ·  tools/cli.py:1070:13:comparador                      comparador: In → NotIn
     ·  tools/cli.py:1074:8:retorno                          retorno: return <algo> → return None
     ·  tools/cli.py:1074:15:constante                       constante: 0 → 1
     ·  tools/cli.py:1076:7:comparador                       comparador: Eq → NotEq
     ·  tools/cli.py:1077:36:comparador                      comparador: NotEq → Eq
     ·  tools/cli.py:1078:20:constante                       constante: 0 → 1
     ·  tools/cli.py:1079:8:retorno                          retorno: return <algo> → return None
     ·  tools/cli.py:1080:7:booleano                         booleano: and ↔ or
     ·  tools/cli.py:1080:7:comparador                       comparador: Eq → NotEq
     ·  tools/cli.py:1080:46:comparador                      comparador: Eq → NotEq
     ·  tools/cli.py:1080:52:constante                       constante: 0 → 1
     ·  tools/cli.py:1081:33:constante                       constante: 1 → 2
     ·  tools/cli.py:1081:40:comparador                      comparador: NotEq → Eq
     ·  tools/cli.py:1082:20:constante                       constante: 0 → 1
     ·  tools/cli.py:1083:8:retorno                          retorno: return <algo> → return None
     ·  tools/cli.py:1086:7:booleano                         booleano: and ↔ or
     ·  tools/cli.py:1086:7:comparador                       comparador: Eq → NotEq
     ·  tools/cli.py:1086:44:comparador                      comparador: NotIn → In
     ·  tools/cli.py:1086:50:constante                       constante: 0 → 1
     ·  tools/cli.py:1087:8:retorno                          retorno: return <algo> → return None
     ·  tools/cli.py:1087:50:constante                       constante: 0 → 1
     ·  tools/cli.py:1089:7:booleano                         booleano: and ↔ or
     ·  tools/cli.py:1089:7:comparador                       comparador: Eq → NotEq
     ·  tools/cli.py:1089:42:comparador                      comparador: NotIn → In
     ·  tools/cli.py:1089:48:constante                       constante: 0 → 1
     ·  tools/cli.py:1091:11:booleano                        booleano: and ↔ or
     ·  tools/cli.py:1091:11:comparador                      comparador: NotIn → In
     ·  tools/cli.py:1091:28:constante                       constante: 0 → 1
     ·  tools/cli.py:1091:35:negacion                        negacion: se borra el `not`
     ·  tools/cli.py:1091:66:constante                       constante: 0 → 1
     ·  tools/cli.py:1092:12:retorno                         retorno: return <algo> → return None
     ·  tools/cli.py:1092:52:constante                       constante: 0 → 1
     ·  tools/cli.py:1094:7:booleano                         booleano: and ↔ or
     ·  tools/cli.py:1094:7:comparador                       comparador: Eq → NotEq
     ·  tools/cli.py:1094:46:comparador                      comparador: NotIn → In
     ·  tools/cli.py:1094:52:constante                       constante: 0 → 1
     ·  tools/cli.py:1095:8:retorno                          retorno: return <algo> → return None
     ·  tools/cli.py:1095:52:constante                       constante: 0 → 1
     ·  tools/cli.py:1097:7:booleano                         booleano: and ↔ or
     ·  tools/cli.py:1097:7:comparador                       comparador: Eq → NotEq
     ·  tools/cli.py:1097:43:comparador                      comparador: NotIn → In
     ·  tools/cli.py:1097:49:constante                       constante: 0 → 1
     ·  tools/cli.py:1098:8:retorno                          retorno: return <algo> → return None
     ·  tools/cli.py:1098:49:constante                       constante: 0 → 1
     ·  tools/cli.py:1100:7:comparador                       comparador: Eq → NotEq
     ·  tools/cli.py:1101:22:constante                       constante: 0 → 1
     ·  tools/cli.py:1102:11:comparador                      comparador: NotIn → In
     ·  tools/cli.py:1103:12:retorno                         retorno: return <algo> → return None
     ·  tools/cli.py:1104:11:comparador                      comparador: Eq → NotEq
     ·  tools/cli.py:1105:15:comparador                      comparador: Lt → LtE
     ·  tools/cli.py:1105:28:constante                       constante: 2 → 3
     ·  tools/cli.py:1107:16:retorno                         retorno: return <algo> → return None
     ·  tools/cli.py:1107:23:constante                       constante: 1 → 2
     ·  tools/cli.py:1108:15:comparador                      comparador: Gt → GtE
     ·  tools/cli.py:1108:28:constante                       constante: 3 → 4
     ·  tools/cli.py:1110:16:retorno                         retorno: return <algo> → return None
     ·  tools/cli.py:1110:23:constante                       constante: 1 → 2
     ·  tools/cli.py:1111:12:retorno                         retorno: return <algo> → return None
     ·  tools/cli.py:1111:46:constante                       constante: 1 → 2
     ·  tools/cli.py:1111:62:comparador                      comparador: Gt → GtE
     ·  tools/cli.py:1111:75:constante                       constante: 2 → 3
     ·  tools/cli.py:1111:56:constante                       constante: 2 → 3
     ·  tools/cli.py:1112:11:comparador                      comparador: Eq → NotEq
     ·  tools/cli.py:1113:15:comparador                      comparador: Gt → GtE
     ·  tools/cli.py:1113:28:constante                       constante: 1 → 2
     ·  tools/cli.py:1115:16:retorno                         retorno: return <algo> → return None
     ·  tools/cli.py:1115:23:constante                       constante: 1 → 2
     ·  tools/cli.py:1118:12:retorno                         retorno: return <algo> → return None
     ·  tools/cli.py:1119:11:comparador                      comparador: Lt → LtE
     ·  tools/cli.py:1119:24:constante                       constante: 2 → 3
     ·  tools/cli.py:1121:12:retorno                         retorno: return <algo> → return None
     ·  tools/cli.py:1121:19:constante                       constante: 1 → 2
     ·  tools/cli.py:1122:11:comparador                      comparador: Gt → GtE
     ·  tools/cli.py:1122:24:constante                       constante: 2 → 3
     ·  tools/cli.py:1124:12:retorno                         retorno: return <algo> → return None
     ·  tools/cli.py:1124:19:constante                       constante: 1 → 2
     ·  tools/cli.py:1125:11:comparador                      comparador: Eq → NotEq
     ·  tools/cli.py:1126:12:retorno                         retorno: return <algo> → return None
     ·  tools/cli.py:1126:50:constante                       constante: 1 → 2
     ·  tools/cli.py:1127:8:retorno                          retorno: return <algo> → return None
     ·  tools/cli.py:1127:43:constante                       constante: 1 → 2
     ·  tools/cli.py:1129:7:comparador                       comparador: Eq → NotEq
     ·  tools/cli.py:1131:22:constante                       constante: 0 → 1
     ·  tools/cli.py:1133:21:constante                       constante: 1 → 2
     ·  tools/cli.py:1134:8:retorno                          retorno: return <algo> → return None
     ·  tools/cli.py:1141:8:retorno                          retorno: return <algo> → return None
     ·  tools/cli.py:1141:15:constante                       constante: 1 → 2
     ·  tools/cli.py:1144:7:comparador                       comparador: Eq → NotEq
     ·  tools/cli.py:1145:22:constante                       constante: 0 → 1
     ·  tools/cli.py:1146:33:constante                       constante: 1 → 2
     ·  tools/cli.py:1146:40:comparador                      comparador: NotEq → Eq
     ·  tools/cli.py:1147:11:comparador                      comparador: In → NotIn
     ·  tools/cli.py:1148:15:negacion                        negacion: se borra el `not`
     ·  tools/cli.py:1150:16:retorno                         retorno: return <algo> → return None
     ·  tools/cli.py:1150:23:constante                       constante: 1 → 2
     ·  tools/cli.py:1151:12:retorno                         retorno: return <algo> → return None
     ·  tools/cli.py:1151:40:constante                       constante: 0 → 1
     ·  tools/cli.py:1152:11:comparador                      comparador: In → NotIn
     ·  tools/cli.py:1153:15:negacion                        negacion: se borra el `not`
     ·  tools/cli.py:1155:16:retorno                         retorno: return <algo> → return None
     ·  tools/cli.py:1155:23:constante                       constante: 1 → 2
     ·  tools/cli.py:1156:12:retorno                         retorno: return <algo> → return None
     ·  tools/cli.py:1156:42:constante                       constante: 0 → 1
     ·  tools/cli.py:1157:11:comparador                      comparador: In → NotIn
     ·  tools/cli.py:1158:15:negacion                        negacion: se borra el `not`
     ·  tools/cli.py:1160:16:retorno                         retorno: return <algo> → return None
     ·  tools/cli.py:1160:23:constante                       constante: 1 → 2
     ·  tools/cli.py:1161:16:booleano                        booleano: and ↔ or
     ·  tools/cli.py:1161:16:comparador                      comparador: NotIn → In
     ·  tools/cli.py:1162:23:comparador                      comparador: GtE → Gt
     ·  tools/cli.py:1162:45:constante                       constante: 1 → 2
     ·  tools/cli.py:1163:50:constante                       constante: 1 → 2
     ·  tools/cli.py:1167:16:retorno                         retorno: return <algo> → return None
     ·  tools/cli.py:1167:23:constante                       constante: 1 → 2
     ·  tools/cli.py:1168:12:retorno                         retorno: return <algo> → return None
     ·  tools/cli.py:1170:21:constante                       constante: 0 → 1
     ·  tools/cli.py:1171:43:constante                       constante: 1 → 2
     ·  tools/cli.py:1173:24:comparador                      comparador: In → NotIn
     ·  tools/cli.py:1175:11:comparador                      comparador: In → NotIn
     ·  tools/cli.py:1176:12:retorno                         retorno: return <algo> → return None
     ·  tools/cli.py:1177:11:comparador                      comparador: In → NotIn
     ·  tools/cli.py:1178:15:negacion                        negacion: se borra el `not`
     ·  tools/cli.py:1180:16:retorno                         retorno: return <algo> → return None
     ·  tools/cli.py:1180:23:constante                       constante: 1 → 2
     ·  tools/cli.py:1181:12:retorno                         retorno: return <algo> → return None
     ·  tools/cli.py:1181:43:constante                       constante: 0 → 1
     ·  tools/cli.py:1184:7:comparador                       comparador: Eq → NotEq
     ·  tools/cli.py:1185:22:constante                       constante: 0 → 1
     ·  tools/cli.py:1186:33:constante                       constante: 1 → 2
     ·  tools/cli.py:1186:40:comparador                      comparador: NotEq → Eq
     ·  tools/cli.py:1187:11:comparador                      comparador: In → NotIn
     ·  tools/cli.py:1188:15:negacion                        negacion: se borra el `not`
     ·  tools/cli.py:1190:16:retorno                         retorno: return <algo> → return None
     ·  tools/cli.py:1190:23:constante                       constante: 1 → 2
     ·  tools/cli.py:1191:12:retorno                         retorno: return <algo> → return None
     ·  tools/cli.py:1191:39:constante                       constante: 0 → 1
     ·  tools/cli.py:1192:11:comparador                      comparador: In → NotIn
     ·  tools/cli.py:1193:12:retorno                         retorno: return <algo> → return None
     ·  tools/cli.py:1194:11:comparador                      comparador: In → NotIn
     ·  tools/cli.py:1195:15:negacion                        negacion: se borra el `not`
     ·  tools/cli.py:1197:16:retorno                         retorno: return <algo> → return None
     ·  tools/cli.py:1197:23:constante                       constante: 1 → 2
     ·  tools/cli.py:1198:12:retorno                         retorno: return <algo> → return None
     ·  tools/cli.py:1198:47:constante                       constante: 0 → 1
     ·  tools/cli.py:1200:8:retorno                          retorno: return <algo> → return None
     ·  tools/cli.py:1203:7:comparador                       comparador: Eq → NotEq
     ·  tools/cli.py:1204:22:constante                       constante: 0 → 1
     ·  tools/cli.py:1205:11:comparador                      comparador: Eq → NotEq
     ·  tools/cli.py:1206:12:retorno                         retorno: return <algo> → return None
     ·  tools/cli.py:1207:11:comparador                      comparador: In → NotIn
     ·  tools/cli.py:1208:12:retorno                         retorno: return <algo> → return None
     ·  tools/cli.py:1209:11:comparador                      comparador: In → NotIn
     ·  tools/cli.py:1210:12:retorno                         retorno: return <algo> → return None
     ·  tools/cli.py:1211:11:comparador                      comparador: In → NotIn
     ·  tools/cli.py:1212:12:retorno                         retorno: return <algo> → return None
     ·  tools/cli.py:1215:7:comparador                       comparador: Eq → NotEq
     ·  tools/cli.py:1216:8:retorno                          retorno: return <algo> → return None
     ·  tools/cli.py:1218:7:comparador                       comparador: In → NotIn
     ·  tools/cli.py:1219:36:comparador                      comparador: NotEq → Eq
     ·  tools/cli.py:1220:11:negacion                        negacion: se borra el `not`
     ·  tools/cli.py:1222:12:retorno                         retorno: return <algo> → return None
     ·  tools/cli.py:1222:19:constante                       constante: 1 → 2
     ·  tools/cli.py:1223:8:retorno                          retorno: return <algo> → return None
     ·  tools/cli.py:1223:36:constante                       constante: 0 → 1
     ·  tools/cli.py:1225:7:comparador                       comparador: In → NotIn
     ·  tools/cli.py:1226:36:comparador                      comparador: NotEq → Eq
     ·  tools/cli.py:1227:11:negacion                        negacion: se borra el `not`
     ·  tools/cli.py:1229:12:retorno                         retorno: return <algo> → return None
     ·  tools/cli.py:1229:19:constante                       constante: 1 → 2
     ·  tools/cli.py:1230:8:retorno                          retorno: return <algo> → return None
     ·  tools/cli.py:1230:35:constante                       constante: 0 → 1
     ·  tools/cli.py:1232:7:comparador                       comparador: In → NotIn
     ·  tools/cli.py:1233:36:comparador                      comparador: NotEq → Eq
     ·  tools/cli.py:1234:11:negacion                        negacion: se borra el `not`
     ·  tools/cli.py:1236:12:retorno                         retorno: return <algo> → return None
     ·  tools/cli.py:1236:19:constante                       constante: 1 → 2
     ·  tools/cli.py:1237:8:retorno                          retorno: return <algo> → return None
     ·  tools/cli.py:1237:38:constante                       constante: 0 → 1
     ·  tools/cli.py:1239:7:comparador                       comparador: In → NotIn
     ·  tools/cli.py:1240:8:retorno                          retorno: return <algo> → return None
     ·  tools/cli.py:1242:7:comparador                       comparador: In → NotIn
     ·  tools/cli.py:1243:8:retorno                          retorno: return <algo> → return None
     ·  tools/cli.py:1245:7:comparador                       comparador: In → NotIn
     ·  tools/cli.py:1246:8:retorno                          retorno: return <algo> → return None
     ·  tools/cli.py:1248:7:comparador                       comparador: In → NotIn
     ·  tools/cli.py:1251:8:retorno                          retorno: return <algo> → return None
     ·  tools/cli.py:1253:7:comparador                       comparador: In → NotIn
     ·  tools/cli.py:1254:8:retorno                          retorno: return <algo> → return None
     ·  tools/cli.py:1256:7:comparador                       comparador: Eq → NotEq
     ·  tools/cli.py:1257:36:comparador                      comparador: NotEq → Eq
     ·  tools/cli.py:1258:11:negacion                        negacion: se borra el `not`
     ·  tools/cli.py:1260:12:retorno                         retorno: return <algo> → return None
     ·  tools/cli.py:1260:19:constante                       constante: 1 → 2
     ·  tools/cli.py:1261:8:retorno                          retorno: return <algo> → return None
     ·  tools/cli.py:1261:40:constante                       constante: 0 → 1
     ·  tools/cli.py:1263:7:comparador                       comparador: In → NotIn
     ·  tools/cli.py:1264:36:comparador                      comparador: NotEq → Eq
     ·  tools/cli.py:1265:11:negacion                        negacion: se borra el `not`
     ·  tools/cli.py:1267:12:retorno                         retorno: return <algo> → return None
     ·  tools/cli.py:1267:19:constante                       constante: 1 → 2
     ·  tools/cli.py:1268:8:retorno                          retorno: return <algo> → return None
     ·  tools/cli.py:1268:39:constante                       constante: 0 → 1
     ·  tools/cli.py:1279:7:booleano                         booleano: and ↔ or
     ·  tools/cli.py:1280:8:retorno                          retorno: return <algo> → return None
     ·  tools/cli.py:1284:4:retorno                          retorno: return <algo> → return None
     ·  tools/cli.py:1284:11:constante                       constante: 1 → 2

mutantes: 539 · murieron 539 · sobrevivieron 0 · timeout 0 · errores de arnés 0 · equivalentes declarados: 0
  ✓ proceso.codigo_con_mutante_que_lo_mata       valor 0 (<= 0)
  ✓ proceso.ronda_mutacion_concluyente           valor 0 (<= 0)
  ✗ proceso.test_con_mutante_que_lo_mata         valor 0 (<= 0)
  ✓ proceso.arnes_con_bytecode_frio              valor 0 (<= 0)

Todos los mutantes murieron: los tests fijan el código del núcleo.
