UNITARIOS: salteados (sólo aplican al propio Oracle)

CORPUS OK · 190 casos · esquema, evidencia L0 y trazabilidad en regla

SINTAXIS OK · 27 medidas · 0 macros · 190 casos

catálogo: 66 medidas · corpus: 190 casos

  verde 001-perdida-clip-base-con-curva-sintetico animacion.clip_perdio_curva_de_linea_base  (valor 0)
  ROJO  002-perdida-clip-base-sin-curva-sintetico animacion.clip_perdio_curva_de_linea_base  (valor 1)
  verde 003-perdida-clip-fuera-base-sin-curva-sintetico animacion.clip_perdio_curva_de_linea_base  (valor 0)
  verde 004-perdida-clip-fuera-base-con-curva-sintetico animacion.clip_perdio_curva_de_linea_base  (valor 0)
  verde 005-perdida-relacion-vacia-sintetico   animacion.clip_perdio_curva_de_linea_base  (valor 0)
  ROJO  006-perdida-clips-mezclados-sintetico  animacion.clip_perdio_curva_de_linea_base  (valor 1)
  verde 007-perdida-dos-curvas-del-mismo-clip-sintetico animacion.clip_perdio_curva_de_linea_base  (valor 0)
  verde 008-perdida-relacion-vacia-sin-clave-sintetico animacion.clip_perdio_curva_de_linea_base  (valor 0)
  verde 009-linea-base-clip-base-con-curva-sintetico animacion.linea_base_vacia  (valor 1)
  verde 010-linea-base-clip-base-sin-curva-sintetico animacion.linea_base_vacia  (valor 1)
  ROJO  011-linea-base-clip-fuera-base-sin-curva-sintetico animacion.linea_base_vacia  (valor 0)
  ROJO  012-linea-base-clip-fuera-base-con-curva-sintetico animacion.linea_base_vacia  (valor 0)
  ROJO  013-linea-base-relacion-vacia-sintetico animacion.linea_base_vacia  (valor 0)
  verde 014-linea-base-clips-mezclados-sintetico animacion.linea_base_vacia  (valor 1)
  verde 015-linea-base-dos-curvas-del-mismo-clip-sintetico animacion.linea_base_vacia  (valor 1)
  ROJO  016-linea-base-relacion-vacia-sin-clave-sintetico animacion.linea_base_vacia  (valor 0)
  verde 017-perdida-clip-ausente-sintetico     animacion.clip_perdio_curva_de_linea_base  (valor 0)
  ROJO  018-ausencia-un-clip-sintetico         animacion.clip_de_linea_base_ausente_del_lote  (valor 1)
  verde 019-ausencia-clip-presente-sin-curva-sintetico animacion.clip_de_linea_base_ausente_del_lote  (valor 0)
  verde 020-ausencia-clip-presente-con-curva-sintetico animacion.clip_de_linea_base_ausente_del_lote  (valor 0)
  verde 021-ausencia-fuera-de-base-sintetico   animacion.clip_de_linea_base_ausente_del_lote  (valor 0)
  verde 022-ausencia-fuera-de-base-presente-sintetico animacion.clip_de_linea_base_ausente_del_lote  (valor 0)
  verde 023-ausencia-relacion-vacia-sintetico  animacion.clip_de_linea_base_ausente_del_lote  (valor 0)
  verde 024-ausencia-relacion-vacia-sin-clave-sintetico animacion.clip_de_linea_base_ausente_del_lote  (valor 0)
  ROJO  025-ausencia-dos-curvas-mismo-clip-sintetico animacion.clip_de_linea_base_ausente_del_lote  (valor 1)
  ROJO  026-ausencia-lote-mixto-sintetico      animacion.clip_de_linea_base_ausente_del_lote  (valor 1)
  verde 027-perdida-retarget-prueba-medida     animacion.clip_perdio_curva_de_linea_base  (valor 0)
  ROJO  028-ausencia-retarget-prueba-medida    animacion.clip_de_linea_base_ausente_del_lote  (valor 19)
  ROJO  001-fbx-entrada-faltante-sintetico     ml_deformer.entrada_fbx_faltante  (valor 1)
  verde 002-fbx-entrada-presente-sintetico     ml_deformer.entrada_fbx_faltante  (valor 0)
  ROJO  003-ground-truth-faltante-sintetico    ml_deformer.ground_truth_faltante  (valor 1)
  verde 004-ground-truth-presente-sintetico    ml_deformer.ground_truth_faltante  (valor 0)
  ROJO  005-manifiesto-ausente-sintetico       ml_deformer.manifiesto_ausente_o_incompleto  (valor 1)
  verde 006-manifiesto-completo-sintetico      ml_deformer.manifiesto_ausente_o_incompleto  (valor 0)
  ROJO  007-manifiesto-incompleto-sintetico    ml_deformer.manifiesto_ausente_o_incompleto  (valor 1)
  ROJO  008-malla-objetivo-fragmentada-real    ml_deformer.malla_objetivo_fragmentada  (valor 1)
  verde 009-malla-objetivo-continua-sintetico  ml_deformer.malla_objetivo_fragmentada  (valor 0)
  ROJO  010-region-pelvis-rigida-real          ml_deformer.region_objetivo_rigida  (valor 1)
  verde 011-region-torso-con-blending-real     ml_deformer.region_objetivo_rigida  (valor 0)
  verde 012-region-declarada-sin-vertices-sintetico ml_deformer.region_objetivo_rigida  (valor 0)
  verde 013-region-rigida-no-declarada-objetivo-real ml_deformer.region_objetivo_rigida  (valor 0)
  ROJO  014-autoria-habilitada-sin-malla-confirmada-real ml_deformer.autoria_habilitada_sin_malla_deformable  (valor 1)
  verde 015-autoria-congelada-sin-malla-confirmada ml_deformer.autoria_habilitada_sin_malla_deformable  (valor 0)
  verde 016-autoria-habilitada-sobre-malla-confirmada-sintetico ml_deformer.autoria_habilitada_sin_malla_deformable  (valor 0)
  ROJO  017-ground-truth-ausente-en-corrida-del-dataset ml_deformer.ground_truth_faltante  (valor 37)
  ROJO  018-ground-truth-ausente-capturado-por-el-recorrido ml_deformer.ground_truth_faltante  (valor 37)
  ROJO  019-malla-partida-en-exactamente-dos   ml_deformer.malla_objetivo_fragmentada  (valor 1)
  ROJO  020-region-objetivo-con-un-solo-vertice ml_deformer.region_objetivo_rigida  (valor 1)
  ROJO  021-region-objetivo-ausente-sintetico  ml_deformer.region_objetivo_ausente_en_la_malla  (valor 1)
  verde 022-region-objetivo-un-vertice-presente-sintetico ml_deformer.region_objetivo_ausente_en_la_malla  (valor 0)
  verde 023-region-ausente-no-objetivo-sintetico ml_deformer.region_objetivo_ausente_en_la_malla  (valor 0)
  verde 024-regiones-ausencia-relacion-vacia-sintetico ml_deformer.region_objetivo_ausente_en_la_malla  (valor 0)
  ROJO  025-objetivos-dos-cascaras-sintetico   ml_deformer.regiones_objetivo_en_cascaras_distintas  (valor 1)
  ROJO  026-una-region-repartida-sintetico     ml_deformer.regiones_objetivo_en_cascaras_distintas  (valor 1)
  verde 027-objetivos-misma-cascara-con-accesorios-sintetico ml_deformer.regiones_objetivo_en_cascaras_distintas  (valor 0)
  verde 028-cascara-menor-no-objetivo-sintetico ml_deformer.regiones_objetivo_en_cascaras_distintas  (valor 0)
  verde 029-cascara-mayor-no-objetivo-sintetico ml_deformer.regiones_objetivo_en_cascaras_distintas  (valor 0)
  verde 030-cascaras-en-mallas-distintas-sintetico ml_deformer.regiones_objetivo_en_cascaras_distintas  (valor 0)
  verde 031-ocupacion-menor-sin-vertices-sintetico ml_deformer.regiones_objetivo_en_cascaras_distintas  (valor 0)
  verde 032-ocupacion-mayor-sin-vertices-sintetico ml_deformer.regiones_objetivo_en_cascaras_distintas  (valor 0)
  verde 033-cascaras-relacion-vacia-sintetico  ml_deformer.regiones_objetivo_en_cascaras_distintas  (valor 0)
  verde 034-objetivo-una-sola-ocupacion-sintetico ml_deformer.regiones_objetivo_en_cascaras_distintas  (valor 0)
  ROJO  035-exclusion-sin-declarar-sintetico   ml_deformer.cascara_excluida_no_declarada  (valor 1)
  verde 036-exclusion-con-razon-sintetico      ml_deformer.cascara_excluida_no_declarada  (valor 0)
  verde 037-cascara-objetivo-sin-exclusion-sintetico ml_deformer.cascara_excluida_no_declarada  (valor 0)
  verde 038-cascara-objetivo-con-razon-sintetico ml_deformer.cascara_excluida_no_declarada  (valor 0)
  verde 039-exclusiones-relacion-vacia-sintetico ml_deformer.cascara_excluida_no_declarada  (valor 0)
  ROJO  040-mayoria-excluida-por-un-vertice-sintetico ml_deformer.region_objetivo_mayoritariamente_excluida  (valor 1)
  verde 041-mayoria-incluida-por-un-vertice-sintetico ml_deformer.region_objetivo_mayoritariamente_excluida  (valor 0)
  verde 042-region-exclusion-empatada-sintetico ml_deformer.region_objetivo_mayoritariamente_excluida  (valor 0)
  verde 043-mayoria-excluida-no-objetivo-sintetico ml_deformer.region_objetivo_mayoritariamente_excluida  (valor 0)
  ROJO  044-region-totalmente-excluida-sintetico ml_deformer.region_objetivo_mayoritariamente_excluida  (valor 1)
  verde 045-region-totalmente-incluida-sintetico ml_deformer.region_objetivo_mayoritariamente_excluida  (valor 0)
  verde 046-region-exclusion-sin-vertices-sintetico ml_deformer.region_objetivo_mayoritariamente_excluida  (valor 0)
  verde 047-mayoria-excluida-relacion-vacia-sintetico ml_deformer.region_objetivo_mayoritariamente_excluida  (valor 0)
  verde 048-confirmada-con-firma-completa-sintetico ml_deformer.malla_confirmada_sin_firma  (valor 0)
  ROJO  049-confirmada-sin-responsable-sintetico ml_deformer.malla_confirmada_sin_firma  (valor 1)
  ROJO  050-confirmada-sin-fecha-sintetico     ml_deformer.malla_confirmada_sin_firma  (valor 1)
  ROJO  051-confirmada-sin-firma-sintetico     ml_deformer.malla_confirmada_sin_firma  (valor 1)
  verde 052-no-confirmada-sin-firma-sintetico  ml_deformer.malla_confirmada_sin_firma  (valor 0)
  verde 053-no-confirmada-sin-responsable-sintetico ml_deformer.malla_confirmada_sin_firma  (valor 0)
  verde 054-no-confirmada-sin-fecha-sintetico  ml_deformer.malla_confirmada_sin_firma  (valor 0)
  verde 055-no-confirmada-con-firma-completa-sintetico ml_deformer.malla_confirmada_sin_firma  (valor 0)
  verde 056-firma-relacion-vacia-sintetico     ml_deformer.malla_confirmada_sin_firma  (valor 0)
  ROJO  057-piel-confirmada-sin-firma-medida   ml_deformer.malla_confirmada_sin_firma  (valor 1)
  verde 001-ausencia-ancla-requerida-presente-sintetico personaje.ancla_requerida_ausente  (valor 0)
  verde 001-flexion-medida-personaje           personaje.retarget_altera_flexion_digital  (valor 0)
  ROJO  002-ausencia-ancla-requerida-ausente-sintetico personaje.ancla_requerida_ausente  (valor 1)
  ROJO  002-flexion-medida-personaje           personaje.retarget_altera_flexion_digital  (valor 125)
  verde 003-ausencia-ancla-no-requerida-ausente-sintetico personaje.ancla_requerida_ausente  (valor 0)
  ROJO  003-flexion-medida-personaje           personaje.retarget_altera_flexion_digital  (valor 130)
  verde 004-ausencia-ancla-no-requerida-presente-sintetico personaje.ancla_requerida_ausente  (valor 0)
  ROJO  004-flexion-medida-personaje           personaje.retarget_altera_flexion_digital  (valor 101)
  verde 005-ausencia-socket-requerido-no-decidible-sintetico personaje.ancla_requerida_ausente  (valor 0)
  ROJO  005-flexion-medida-personaje           personaje.retarget_altera_flexion_digital  (valor 76)
  verde 006-ausencia-socket-no-requerido-no-decidible-sintetico personaje.ancla_requerida_ausente  (valor 0)
  verde 006-frontera-personaje                 personaje.retarget_altera_flexion_digital  (valor 0)
  verde 007-ausencia-relacion-vacia-sintetico  personaje.ancla_requerida_ausente  (valor 0)
  ROJO  007-frontera-personaje                 personaje.retarget_altera_flexion_digital  (valor 1)
  ROJO  008-ausencia-anclas-mezcladas-sintetico personaje.ancla_requerida_ausente  (valor 2)
  verde 008-frontera-personaje                 personaje.retarget_altera_flexion_digital  (valor 0)
  verde 009-decidibilidad-ancla-requerida-presente-sintetico personaje.ancla_no_decidible_declarada_requerida  (valor 0)
  ROJO  009-flexion-candidato-personaje        personaje.retarget_altera_flexion_digital  (valor 26)
  verde 010-decidibilidad-ancla-requerida-ausente-sintetico personaje.ancla_no_decidible_declarada_requerida  (valor 0)
  ROJO  010-flexion-candidato-personaje        personaje.retarget_altera_flexion_digital  (valor 75)
  verde 011-decidibilidad-ancla-no-requerida-ausente-sintetico personaje.ancla_no_decidible_declarada_requerida  (valor 0)
  verde 011-flexion-candidato-personaje        personaje.retarget_altera_flexion_digital  (valor 0)
  verde 012-aislamiento-dedos-personaje        personaje.correccion_dedos_altera_otros_canales  (valor 0)
  verde 012-decidibilidad-ancla-no-requerida-presente-sintetico personaje.ancla_no_decidible_declarada_requerida  (valor 0)
  ROJO  013-aislamiento-dedos-personaje        personaje.correccion_dedos_altera_otros_canales  (valor 1)
  ROJO  013-decidibilidad-socket-requerido-no-decidible-sintetico personaje.ancla_no_decidible_declarada_requerida  (valor 1)
  verde 014-aislamiento-dedos-personaje        personaje.correccion_dedos_altera_otros_canales  (valor 0)
  verde 014-decidibilidad-socket-no-requerido-no-decidible-sintetico personaje.ancla_no_decidible_declarada_requerida  (valor 0)
  verde 015-aislamiento-dedos-personaje        personaje.correccion_dedos_altera_otros_canales  (valor 0)
  verde 015-decidibilidad-relacion-vacia-sintetico personaje.ancla_no_decidible_declarada_requerida  (valor 0)
  ROJO  016-decidibilidad-anclas-mezcladas-sintetico personaje.ancla_no_decidible_declarada_requerida  (valor 2)
  verde 016-flexion-aplicada-personaje         personaje.retarget_altera_flexion_digital  (valor 0)
  verde 017-ausencia-uefn-motor-medido         personaje.ancla_requerida_ausente  (valor 0)
  verde 017-flexion-aplicada-personaje         personaje.retarget_altera_flexion_digital  (valor 0)
  verde 018-aislamiento-aplicado-personaje     personaje.correccion_dedos_altera_otros_canales  (valor 0)
  verde 018-decidibilidad-uefn-motor-medido    personaje.ancla_no_decidible_declarada_requerida  (valor 0)
  verde 019-aislamiento-aplicado-personaje     personaje.correccion_dedos_altera_otros_canales  (valor 0)
  ROJO  019-ausencia-piel-mh-motor-medido      personaje.ancla_requerida_ausente  (valor 1)
  verde 020-decidibilidad-piel-mh-motor-medido personaje.ancla_no_decidible_declarada_requerida  (valor 0)
  verde 021-ausencia-socket-arma-presente-sintetico personaje.ancla_requerida_ausente  (valor 0)
  verde 022-decidibilidad-socket-arma-presente-sintetico personaje.ancla_no_decidible_declarada_requerida  (valor 0)
  ROJO  023-ausencia-socket-arma-ausente-sintetico personaje.ancla_requerida_ausente  (valor 1)
  verde 024-decidibilidad-socket-arma-ausente-sintetico personaje.ancla_no_decidible_declarada_requerida  (valor 0)
  ROJO  025-decidibilidad-socket-arma-sin-motor-sintetico personaje.ancla_no_decidible_declarada_requerida  (valor 1)
  verde 026-ausencia-socket-prop-opcional-ausente-sintetico personaje.ancla_requerida_ausente  (valor 0)
  verde 027-ik-hueso-animado-sintetico         personaje.hueso_de_ik_sin_datos_que_lo_animen  (valor 0)
  ROJO  028-ik-hueso-presente-sin-pistas-sintetico personaje.hueso_de_ik_sin_datos_que_lo_animen  (valor 2)
  verde 029-ik-hueso-ausente-del-esqueleto-sintetico personaje.hueso_de_ik_sin_datos_que_lo_animen  (valor 0)
  verde 030-ik-sin-animaciones-miradas-sintetico personaje.hueso_de_ik_sin_datos_que_lo_animen  (valor 0)
  ROJO  031-ik-mezcla-un-solo-ofensor-sintetico personaje.hueso_de_ik_sin_datos_que_lo_animen  (valor 1)
  verde 032-ik-raiz-no-referenciada-sin-pistas-sintetico personaje.hueso_de_ik_sin_datos_que_lo_animen  (valor 0)
  ROJO  033-ik-referenciado-y-raiz-mezclados-sintetico personaje.hueso_de_ik_sin_datos_que_lo_animen  (valor 1)
  ROJO  034-cobertura-mymyles-sin-piernas-sintetico personaje.malla_no_cubre_la_capsula  (valor 1)
  verde 035-cobertura-preview-epic-sintetico   personaje.malla_no_cubre_la_capsula  (valor 0)
  ROJO  036-cobertura-capsula-86-pies-hundidos-sintetico personaje.malla_no_cubre_la_capsula  (valor 1)
  ROJO  037-cobertura-preview-capsula-86-sintetico personaje.malla_no_cubre_la_capsula  (valor 1)
  verde 038-cobertura-contacto-cero-sintetico  personaje.malla_no_cubre_la_capsula  (valor 0)
  verde 039-cobertura-holgura-dos-sintetico    personaje.malla_no_cubre_la_capsula  (valor 0)
  ROJO  040-cobertura-penetracion-minima-sintetico personaje.malla_no_cubre_la_capsula  (valor 1)
  ROJO  041-cobertura-holgura-excedida-sintetico personaje.malla_no_cubre_la_capsula  (valor 1)
  verde 042-cobertura-holgura-interior-sintetico personaje.malla_no_cubre_la_capsula  (valor 0)
  ROJO  043-cobertura-pawns-mezclados-sintetico personaje.malla_no_cubre_la_capsula  (valor 2)
  verde 044-cobertura-relacion-vacia-sintetico personaje.malla_no_cubre_la_capsula  (valor 0)
  ROJO  045-aimoffset-en-mannequin-sin-compatibilidad-sintetico personaje.animacion_en_esqueleto_incompatible  (valor 6)
  verde 046-aimoffset-con-compatibilidad-mutua-sintetico personaje.animacion_en_esqueleto_incompatible  (valor 0)
  verde 047-animacion-en-esqueleto-propio-del-personaje-sintetico personaje.animacion_en_esqueleto_incompatible  (valor 0)
  verde 048-animacion-no-referenciada-por-personaje-sintetico personaje.animacion_en_esqueleto_incompatible  (valor 0)
  verde 049-animacion-esqueleto-relacion-vacia-sintetico personaje.animacion_en_esqueleto_incompatible  (valor 0)
  ROJO  050-animaciones-mezcladas-un-ofensor-sintetico personaje.animacion_en_esqueleto_incompatible  (valor 1)
  ROJO  051-compatibilidad-solo-de-ida-incompleta-sintetico personaje.animacion_en_esqueleto_incompatible  (valor 1)
  ROJO  052-compatibilidad-solo-de-vuelta-incompleta-sintetico personaje.animacion_en_esqueleto_incompatible  (valor 1)
  ROJO  001-politica-constante-recarga         recarga.objetivo_ik_contradice_pose_autorada  (valor 13)
  ROJO  001-slot-cuerpo-entero-sintetico       recarga.montage_en_slot_cuerpo_entero  (valor 1)
  ROJO  002-politica-curva-inversa-recarga     recarga.objetivo_ik_contradice_pose_autorada  (valor 12)
  verde 002-slot-superior-sintetico            recarga.montage_en_slot_cuerpo_entero  (valor 0)
  verde 003-politica-liberada-recarga          recarga.objetivo_ik_contradice_pose_autorada  (valor 0)
  ROJO  003-root-motion-habilitado-sintetico   recarga.root_motion_habilitado  (valor 1)
  verde 004-frontera-recarga                   recarga.objetivo_ik_contradice_pose_autorada  (valor 0)
  verde 004-root-motion-deshabilitado-sintetico recarga.root_motion_habilitado  (valor 0)
  ROJO  005-frontera-recarga                   recarga.objetivo_ik_contradice_pose_autorada  (valor 1)
  ROJO  005-tags-bloquean-salto-sintetico      recarga.ability_bloquea_salto_por_tags  (valor 1)
  verde 006-frontera-recarga                   recarga.objetivo_ik_contradice_pose_autorada  (valor 0)
  verde 006-tags-no-bloquean-salto-sintetico   recarga.ability_bloquea_salto_por_tags  (valor 0)
  ROJO  007-frontera-recarga                   recarga.objetivo_ik_contradice_pose_autorada  (valor 1)
  ROJO  007-tags-owned-bloquean-salto-sintetico recarga.ability_bloquea_salto_por_tags  (valor 1)
  ROJO  008-default-slot-real                  recarga.montage_en_slot_cuerpo_entero  (valor 1)
  verde 008-frontera-recarga                   recarga.objetivo_ik_contradice_pose_autorada  (valor 0)
  verde 009-root-motion-real-deshabilitado     recarga.root_motion_habilitado  (valor 0)
  verde 010-tags-reales-no-bloquean-salto      recarga.ability_bloquea_salto_por_tags  (valor 0)
  verde 011-montage-ik-aplicado                recarga.ik_altera_mano_del_montage  (valor 0)
  verde 011-montage-ik-candidato               recarga.ik_altera_mano_del_montage  (valor 0)
  ROJO  011-montage-ik-original                recarga.ik_altera_mano_del_montage  (valor 3)
  verde 012-control-ik-aplicado                recarga.ensayo_ik_no_discriminante  (valor 0)
  verde 012-control-ik-candidato               recarga.ensayo_ik_no_discriminante  (valor 0)
  verde 012-control-ik-original                recarga.ensayo_ik_no_discriminante  (valor 0)
  ROJO  020-ensayo-invalido-efecto-agarre-cm   recarga.ensayo_ik_no_discriminante  (valor 1)
  ROJO  021-ensayo-invalido-efecto-agarre-cm   recarga.ensayo_ik_no_discriminante  (valor 1)
  ROJO  022-ensayo-invalido-peso-montage-minimo recarga.ensayo_ik_no_discriminante  (valor 1)
  ROJO  023-ensayo-invalido-recorrido-sin-ik-cm recarga.ensayo_ik_no_discriminante  (valor 1)
  ROJO  024-ensayo-invalido-recorrido-sin-ik-cm recarga.ensayo_ik_no_discriminante  (valor 1)
  ROJO  025-ensayo-invalido-pares-recarga      recarga.ensayo_ik_no_discriminante  (valor 1)
  verde 030-montage-frontera                   recarga.ik_altera_mano_del_montage  (valor 0)
  ROJO  031-montage-frontera                   recarga.ik_altera_mano_del_montage  (valor 1)
  verde 032-montage-frontera                   recarga.ik_altera_mano_del_montage  (valor 0)
  verde 033-agarre-difiere-pero-montage-no     recarga.ik_altera_mano_del_montage  (valor 0)

defectos que se pusieron rojos: 76 · verdes correctos: 114 · huecos declarados: 0

nivel meta — el marco medido con sus propias medidas:
  ✓ meta.el_caso_reclama_una_medida_que_existe          0 (<= 0)
  ✓ meta.el_caso_se_pone_como_debe                      0 (<= 0)
  ✓ meta.el_hueco_declarado_explica_por_que             0 (<= 0)
  ✓ meta.el_nivel_no_se_confunde_con_el_dominio         0 (<= 0)
  ✗ meta.la_medida_no_se_fija_solo_con_evidencia_fabricada       17 (<= 0)   [EN SOMBRA]
      → _={'medida': 'animacion.linea_base_vacia', 'casos': 8, 'no_observados': 8}; _={'medida': 'ml_deformer.entrada_fbx_faltante', 'casos': 2, 'no_observados': 2}; _={'medida': 'ml_deformer.manifiesto_ausente_o_incompleto', 'casos': 3, 'no_observados': 3} +14
  ✓ meta.ningun_campo_sin_unidad_declarada              0 (<= 0)
  ✓ meta.ningun_flotante_comparado_por_igualdad_en_un_filtro        0 (<= 0)
  ✓ meta.ningun_umbral_de_igualdad                      0 (<= 0)
  ✓ meta.ningun_umbral_flotante_de_igualdad             0 (<= 0)
  ✓ meta.ninguna_medida_sin_alcance                     0 (<= 0)
  ✗ meta.toda_cantidad_comparada_tiene_unidad_derivable       60 (<= 0)   [EN SOMBRA]
      → c={'medida': 'animacion.clip_de_linea_base_ausente_del_lote', 'unidad': 'sin_declarar', 'es_derivable': False}; c={'medida': 'animacion.clip_de_linea_base_ausente_del_lote', 'unidad': 'sin_declarar', 'es_derivable': False}; c={'medida': 'animacion.clip_perdio_curva_de_linea_base', 'unidad': 'sin_declarar', 'es_derivable': False} +57
  ✓ meta.toda_medida_de_ausencia_declara_requiere        0 (<= 0)
  ✓ meta.toda_medida_declara_su_ambito                  0 (<= 0)
  ✓ meta.toda_medida_filtra_o_agrupa                    0 (<= 0)
  ✓ meta.toda_medida_lee_campos_que_existen             0 (<= 0)
  ✓ meta.todo_caso_observado_declara_de_donde_salio        0 (<= 0)
  ✓ meta.todo_tanteo_explica_por_que                    0 (<= 0)
  ✗ meta.todo_umbral_declara_de_donde_sale             26 (<= 0)   [EN SOMBRA]
      → m=animacion.clip_de_linea_base_ausente_del_lote; m=animacion.clip_perdio_curva_de_linea_base; m=animacion.linea_base_vacia +23

EN SOMBRA — 3 medida(s) que se miden y no hacen fallar:
  · meta.la_medida_no_se_fija_solo_con_evidencia_fabricada  (hace 15 días)
      porque: 9 medidas fijadas sólo con evidencia construida; se cierran corriendo los sensores contra los assets reales con el editor abierto, que es trabajo con Unreal y no de escritorio Medido el 2026-09-16: hoy son 17, y ésa es la cota: la sombra apaga la consecuencia, no la medición, y sin cota la deuda podía crecer sin que nada fallara. Si sube, la corrida vuelve a ponerse roja.
  · meta.toda_cantidad_comparada_tiene_unidad_derivable  (hace 15 días)
      porque: 16 comparaciones sin unidad derivable; hay que declarar los campos de las relaciones de UE en relaciones/, y se hace por relación, no de golpe Medido el 2026-09-16: hoy son 60, y ésa es la cota: la sombra apaga la consecuencia, no la medición, y sin cota la deuda podía crecer sin que nada fallara. Si sube, la corrida vuelve a ponerse roja.
  · meta.todo_umbral_declara_de_donde_sale  (hace 15 días)
      porque: 9 umbrales anteriores a que existiera `segun`; cada uno necesita que alguien diga de dónde salió el número, y eso no se completa adivinando Medido el 2026-09-16: hoy son 26, y ésa es la cota: la sombra apaga la consecuencia, no la medición, y sin cota la deuda podía crecer sin que nada fallara. Si sube, la corrida vuelve a ponerse roja.
  ✓ meta.ninguna_cota_mas_alta_que_su_deuda             0 (<= 0)
  ✓ meta.ninguna_sombra_envejece_sin_revisarse          0 (<= 90)
  ✓ meta.ninguna_sombra_sobre_una_medida_que_no_existe        0 (<= 0)
  ✓ meta.ninguna_sombra_supera_su_cota                  0 (<= 0)
  ✓ meta.ninguna_sombra_ya_en_verde                     0 (<= 0)
  ✓ meta.toda_sombra_declara_desde_y_porque             0 (<= 0)
  ✓ meta.toda_sombra_declara_una_fecha_real             0 (<= 0)

ACEPTACIÓN ✓ — 76 defectos en rojo, 114 verdes correctos, 0 huecos declarados sin tapar

ml_deformer.json · 320 mundos · origen: LyraGASP · ml_deformer (implementación independiente)

  ✓ acuerdo global: 320 escenarios (20 verdes / 300 rojos) · 0 desacuerdos
  ✓ estabilidad individual: 3 medidas × 320 escenarios · 0 cambios

recarga.json · 260 mundos · origen: LyraGASP · recarga (implementación independiente)

  ✓ acuerdo global: 260 escenarios (20 verdes / 240 rojos) · 0 desacuerdos
  ✓ estabilidad individual: 3 medidas × 260 escenarios · 0 cambios


DIFERENCIAL ✓ — 580 acuerdos globales con referencias independientes · 1740 veredictos individuales estables

mutantes de medida (medida × mutador): 466 · murieron 466 · sobrevivieron 0
  con 30 mutadores: 6 de quien escribió el lenguaje y 24 de otro autor (ver DECISION-011)
  de los muertos: 404 por conducta (invirtió el veredicto, cambió testigos o cambió el valor) · 62 rechazados por el álgebra sin evaluar
detecciones evaluadas (mutante × caso): 30812

juzgado por las medidas del catálogo:
  ✓ meta.toda_medida_esta_ejercitada                    0 (<= 0)
  ✓ meta.toda_medida_esta_fijada                        0 (<= 0)
  ⊘ proceso.codigo_con_mutante_que_lo_mata       SIN EVIDENCIA («mutante con m.tipo == "codigo"» vacía; no se midió)
  ✓ proceso.test_con_mutante_que_lo_mata                0 (<= 0)

MUTACIÓN DE CÓDIGO: salteada (sólo aplica al propio Oracle)

VEREDICTO: VERDE (todas las verificaciones aplicables en regla)
