objetivos: tools/juzgar.py

     ·  tools/juzgar.py:25:26:constante                      constante: 50 → 51
     ·  tools/juzgar.py:25:31:constante                      constante: 1024 → 1025
     ·  tools/juzgar.py:25:38:constante                      constante: 1024 → 1025
     ·  tools/juzgar.py:51:4:retorno                         retorno: return <algo> → return None
     ·  tools/juzgar.py:65:8:retorno                         retorno: return <algo> → return None
     ·  tools/juzgar.py:67:8:retorno                         retorno: return <algo> → return None
     ·  tools/juzgar.py:69:8:retorno                         retorno: return <algo> → return None
     ·  tools/juzgar.py:72:7:comparador                      comparador: Gt → GtE
     ·  tools/juzgar.py:73:8:retorno                         retorno: return <algo> → return None
     ·  tools/juzgar.py:79:8:retorno                         retorno: return <algo> → return None
     ·  tools/juzgar.py:84:8:retorno                         retorno: return <algo> → return None
     ·  tools/juzgar.py:89:8:retorno                         retorno: return <algo> → return None
     ·  tools/juzgar.py:91:7:negacion                        negacion: se borra el `not`
     ·  tools/juzgar.py:92:8:retorno                         retorno: return <algo> → return None
     ·  tools/juzgar.py:96:11:negacion                       negacion: se borra el `not`
     ·  tools/juzgar.py:97:12:retorno                        retorno: return <algo> → return None
     ·  tools/juzgar.py:99:11:negacion                       negacion: se borra el `not`
     ·  tools/juzgar.py:100:12:retorno                       retorno: return <algo> → return None
     ·  tools/juzgar.py:103:15:negacion                      negacion: se borra el `not`
     ·  tools/juzgar.py:104:16:retorno                       retorno: return <algo> → return None
     ·  tools/juzgar.py:107:4:retorno                        retorno: return <algo> → return None
     ·  tools/juzgar.py:150:15:comparador                    comparador: NotIn → In
     ·  tools/juzgar.py:153:15:negacion                      negacion: se borra el `not`
     ·  tools/juzgar.py:164:16:comparador                    comparador: Eq → NotEq
     ·  tools/juzgar.py:170:4:retorno                        retorno: return <algo> → return None
     ·  tools/juzgar.py:175:7:booleano                       booleano: and ↔ or
     ·  tools/juzgar.py:175:7:comparador                     comparador: In → NotIn
     ·  tools/juzgar.py:175:23:comparador                    comparador: In → NotIn
     ·  tools/juzgar.py:177:8:retorno                        retorno: return <algo> → return None
     ·  tools/juzgar.py:177:15:constante                     constante: 0 → 1
     ·  tools/juzgar.py:183:14:constante                     constante: False → True
     ·  tools/juzgar.py:186:8:constante                      constante: 0 → 1
     ·  tools/juzgar.py:187:10:comparador                    comparador: Lt → LtE
     ·  tools/juzgar.py:189:11:comparador                    comparador: Eq → NotEq
     ·  tools/juzgar.py:190:15:comparador                    comparador: IsNot → Is
     ·  tools/juzgar.py:192:16:retorno                       retorno: return <algo> → return None
     ·  tools/juzgar.py:192:23:constante                     constante: 2 → 3
     ·  tools/juzgar.py:193:15:booleano                      booleano: and ↔ or
     ·  tools/juzgar.py:193:15:comparador                    comparador: GtE → Gt
     ·  tools/juzgar.py:193:19:constante                     constante: 1 → 2
     ·  tools/juzgar.py:193:46:constante                     constante: 1 → 2
     ·  tools/juzgar.py:195:16:retorno                       retorno: return <algo> → return None
     ·  tools/juzgar.py:195:23:constante                     constante: 2 → 3
     ·  tools/juzgar.py:196:42:constante                     constante: 1 → 2
     ·  tools/juzgar.py:197:17:constante                     constante: 2 → 3
     ·  tools/juzgar.py:198:13:comparador                    comparador: Eq → NotEq
     ·  tools/juzgar.py:199:15:booleano                      booleano: and ↔ or
     ·  tools/juzgar.py:199:15:comparador                    comparador: GtE → Gt
     ·  tools/juzgar.py:199:19:constante                     constante: 1 → 2
     ·  tools/juzgar.py:199:46:constante                     constante: 1 → 2
     ·  tools/juzgar.py:201:16:retorno                       retorno: return <algo> → return None
     ·  tools/juzgar.py:201:23:constante                     constante: 2 → 3
     ·  tools/juzgar.py:202:27:constante                     constante: 1 → 2
     ·  tools/juzgar.py:203:15:comparador                    comparador: In → NotIn
     ·  tools/juzgar.py:205:16:retorno                       retorno: return <algo> → return None
     ·  tools/juzgar.py:205:23:constante                     constante: 2 → 3
     ·  tools/juzgar.py:207:17:constante                     constante: 2 → 3
     ·  tools/juzgar.py:208:13:comparador                    comparador: Eq → NotEq
     ·  tools/juzgar.py:209:22:constante                     constante: True → False
     ·  tools/juzgar.py:210:17:constante                     constante: 1 → 2
     ·  tools/juzgar.py:211:13:comparador                    comparador: Eq → NotEq
     ·  tools/juzgar.py:212:17:constante                     constante: 1 → 2
     ·  tools/juzgar.py:213:13:comparador                    comparador: Eq → NotEq
     ·  tools/juzgar.py:214:15:booleano                      booleano: and ↔ or
     ·  tools/juzgar.py:214:15:comparador                    comparador: GtE → Gt
     ·  tools/juzgar.py:214:19:constante                     constante: 1 → 2
     ·  tools/juzgar.py:214:46:constante                     constante: 1 → 2
     ·  tools/juzgar.py:216:16:retorno                       retorno: return <algo> → return None
     ·  tools/juzgar.py:216:23:constante                     constante: 2 → 3
     ·  tools/juzgar.py:217:17:constante                     constante: 2 → 3
     ·  tools/juzgar.py:220:12:retorno                       retorno: return <algo> → return None
     ·  tools/juzgar.py:220:19:constante                     constante: 2 → 3
     ·  tools/juzgar.py:222:7:comparador                     comparador: Is → IsNot
     ·  tools/juzgar.py:224:8:retorno                        retorno: return <algo> → return None
     ·  tools/juzgar.py:224:15:constante                     constante: 2 → 3
     ·  tools/juzgar.py:232:8:retorno                        retorno: return <algo> → return None
     ·  tools/juzgar.py:232:15:constante                     constante: 2 → 3
     ·  tools/juzgar.py:236:7:booleano                       booleano: and ↔ or
     ·  tools/juzgar.py:236:49:negacion                      negacion: se borra el `not`
     ·  tools/juzgar.py:242:8:retorno                        retorno: return <algo> → return None
     ·  tools/juzgar.py:242:15:constante                     constante: 2 → 3
     ·  tools/juzgar.py:246:7:comparador                     comparador: IsNot → Is
     ·  tools/juzgar.py:248:8:retorno                        retorno: return <algo> → return None
     ·  tools/juzgar.py:248:15:constante                     constante: 2 → 3
     ·  tools/juzgar.py:259:16:retorno                       retorno: return <algo> → return None
     ·  tools/juzgar.py:259:23:constante                     constante: 2 → 3
     ·  tools/juzgar.py:260:15:negacion                      negacion: se borra el `not`
     ·  tools/juzgar.py:267:16:retorno                       retorno: return <algo> → return None
     ·  tools/juzgar.py:267:23:constante                     constante: 1 → 2
     ·  tools/juzgar.py:271:8:retorno                        retorno: return <algo> → return None
     ·  tools/juzgar.py:271:15:constante                     constante: 2 → 3
     ·  tools/juzgar.py:274:8:retorno                        retorno: return <algo> → return None
     ·  tools/juzgar.py:274:15:constante                     constante: 2 → 3
     ·  tools/juzgar.py:277:8:retorno                        retorno: return <algo> → return None
     ·  tools/juzgar.py:277:15:constante                     constante: 2 → 3
     ·  tools/juzgar.py:280:8:retorno                        retorno: return <algo> → return None
     ·  tools/juzgar.py:280:15:constante                     constante: 2 → 3
     ·  tools/juzgar.py:283:8:retorno                        retorno: return <algo> → return None
     ·  tools/juzgar.py:283:15:constante                     constante: 2 → 3
     ·  tools/juzgar.py:299:30:comparador                    comparador: In → NotIn
     ·  tools/juzgar.py:308:51:constante                     constante: False → True
     ·  tools/juzgar.py:313:15:comparador                    comparador: In → NotIn
     ·  tools/juzgar.py:329:11:negacion                      negacion: se borra el `not`
     ·  tools/juzgar.py:332:15:comparador                    comparador: Eq → NotEq
     ·  tools/juzgar.py:348:4:retorno                        retorno: return <algo> → return None
     ·  tools/juzgar.py:348:11:constante                     constante: 0 → 1
     ·  tools/juzgar.py:348:33:constante                     constante: 1 → 2

mutantes: 107 · murieron 107 · sobrevivieron 0 · timeout 0 · errores de arnés 0 · equivalentes declarados: 0
  ✓ proceso.codigo_con_mutante_que_lo_mata       valor 0 (<= 0)
  ✓ proceso.ronda_mutacion_concluyente           valor 0 (<= 0)
  ✗ proceso.test_con_mutante_que_lo_mata         valor 0 (<= 0)
  ✓ proceso.arnes_con_bytecode_frio              valor 0 (<= 0)

Todos los mutantes murieron: los tests fijan el código del núcleo.
