objetivos: tools/aceptacion.py

     ·  tools/aceptacion.py:25:40:constante                  constante: 1 → 2
     ·  tools/aceptacion.py:26:16:constante                  constante: 0 → 1
     ·  tools/aceptacion.py:62:4:retorno                     retorno: return <algo> → return None
     ·  tools/aceptacion.py:62:55:booleano                   booleano: and ↔ or
     ·  tools/aceptacion.py:76:4:retorno                     retorno: return <algo> → return None
     ·  tools/aceptacion.py:86:17:booleano                   booleano: and ↔ or
     ·  tools/aceptacion.py:87:11:comparador                 comparador: In → NotIn
     ·  tools/aceptacion.py:99:4:retorno                     retorno: return <algo> → return None
     ·  tools/aceptacion.py:106:8:retorno                    retorno: return <algo> → return None
     ·  tools/aceptacion.py:106:15:constante                 constante: 1 → 2
     ·  tools/aceptacion.py:110:12:constante                 constante: 0 → 1
     ·  tools/aceptacion.py:111:13:constante                 constante: 0 → 1
     ·  tools/aceptacion.py:117:7:negacion                   negacion: se borra el `not`
     ·  tools/aceptacion.py:119:8:retorno                    retorno: return <algo> → return None
     ·  tools/aceptacion.py:119:15:constante                 constante: 1 → 2
     ·  tools/aceptacion.py:123:11:negacion                  negacion: se borra el `not`
     ·  tools/aceptacion.py:125:15:comparador                comparador: Eq → NotEq
     ·  tools/aceptacion.py:126:80:constante                 constante: 70 → 71
     ·  tools/aceptacion.py:127:17:comparador                comparador: In → NotIn
     ·  tools/aceptacion.py:130:11:comparador                comparador: NotIn → In
     ·  tools/aceptacion.py:134:22:comparador                comparador: Eq → NotEq
     ·  tools/aceptacion.py:141:31:constante                 constante: 0 → 1
     ·  tools/aceptacion.py:142:15:comparador                comparador: NotEq → Eq
     ·  tools/aceptacion.py:145:26:constante                 constante: 1 → 2
     ·  tools/aceptacion.py:148:25:constante                 constante: 1 → 2
  VIVO  tools/aceptacion.py:209:11:comparador                comparador: In → NotIn
  VIVO  tools/aceptacion.py:212:11:comparador                comparador: NotIn → In
     ·  tools/aceptacion.py:219:11:comparador                comparador: In → NotIn
     ·  tools/aceptacion.py:224:11:comparador                comparador: In → NotIn
     ·  tools/aceptacion.py:247:22:comparador                comparador: In → NotIn
     ·  tools/aceptacion.py:251:66:comparador                comparador: Eq → NotEq
     ·  tools/aceptacion.py:252:58:comparador                comparador: GtE → Gt
     ·  tools/aceptacion.py:252:75:constante                 constante: 0 → 1
     ·  tools/aceptacion.py:254:35:booleano                  booleano: and ↔ or
     ·  tools/aceptacion.py:261:15:negacion                  negacion: se borra el `not`
     ·  tools/aceptacion.py:283:66:comparador                comparador: In → NotIn
     ·  tools/aceptacion.py:285:11:booleano                  booleano: and ↔ or
     ·  tools/aceptacion.py:288:12:retorno                   retorno: return <algo> → return None
     ·  tools/aceptacion.py:288:19:constante                 constante: 1 → 2
     ·  tools/aceptacion.py:290:45:constante                 constante: False → True
     ·  tools/aceptacion.py:290:59:constante                 constante: 2 → 3
     ·  tools/aceptacion.py:290:72:constante                 constante: True → False
     ·  tools/aceptacion.py:296:8:retorno                    retorno: return <algo> → return None
     ·  tools/aceptacion.py:296:15:constante                 constante: 0 → 1
     ·  tools/aceptacion.py:302:8:retorno                    retorno: return <algo> → return None
     ·  tools/aceptacion.py:302:15:constante                 constante: 1 → 2
     ·  tools/aceptacion.py:305:4:retorno                    retorno: return <algo> → return None
     ·  tools/aceptacion.py:305:11:constante                 constante: 0 → 1
     ·  tools/aceptacion.py:309:32:comparador                comparador: Is → IsNot
     ·  tools/aceptacion.py:309:25:constante                 constante: 1 → 2
     ·  tools/aceptacion.py:310:7:booleano                   booleano: and ↔ or
     ·  tools/aceptacion.py:310:7:comparador                 comparador: In → NotIn
     ·  tools/aceptacion.py:310:23:comparador                comparador: In → NotIn
     ·  tools/aceptacion.py:312:8:retorno                    retorno: return <algo> → return None
     ·  tools/aceptacion.py:312:15:constante                 constante: 0 → 1
     ·  tools/aceptacion.py:319:7:comparador                 comparador: In → NotIn
     ·  tools/aceptacion.py:321:11:comparador                comparador: GtE → Gt
     ·  tools/aceptacion.py:321:15:constante                 constante: 1 → 2
     ·  tools/aceptacion.py:323:12:retorno                   retorno: return <algo> → return None
     ·  tools/aceptacion.py:323:19:constante                 constante: 1 → 2
     ·  tools/aceptacion.py:324:26:constante                 constante: 1 → 2
     ·  tools/aceptacion.py:325:23:constante                 constante: 2 → 3
     ·  tools/aceptacion.py:327:7:comparador                 comparador: In → NotIn
     ·  tools/aceptacion.py:329:11:comparador                comparador: GtE → Gt
     ·  tools/aceptacion.py:329:15:constante                 constante: 1 → 2
     ·  tools/aceptacion.py:331:12:retorno                   retorno: return <algo> → return None
     ·  tools/aceptacion.py:331:19:constante                 constante: 1 → 2
     ·  tools/aceptacion.py:332:41:constante                 constante: 1 → 2
     ·  tools/aceptacion.py:333:23:constante                 constante: 2 → 3
     ·  tools/aceptacion.py:334:11:negacion                  negacion: se borra el `not`
     ·  tools/aceptacion.py:336:12:retorno                   retorno: return <algo> → return None
     ·  tools/aceptacion.py:336:19:constante                 constante: 1 → 2
     ·  tools/aceptacion.py:338:7:comparador                 comparador: Is → IsNot
     ·  tools/aceptacion.py:339:8:retorno                    retorno: return <algo> → return None
     ·  tools/aceptacion.py:339:15:constante                 constante: 1 → 2
     ·  tools/aceptacion.py:342:12:retorno                   retorno: return <algo> → return None
     ·  tools/aceptacion.py:345:8:retorno                    retorno: return <algo> → return None
     ·  tools/aceptacion.py:345:15:constante                 constante: 1 → 2

mutantes: 78 · murieron 76 · sobrevivieron 2 · timeout 0 · errores de arnés 0 · equivalentes declarados: 0
  ✗ proceso.codigo_con_mutante_que_lo_mata       valor 2 (<= 0)
  ✓ proceso.ronda_mutacion_concluyente           valor 0 (<= 0)
  ✗ proceso.test_con_mutante_que_lo_mata         valor 0 (<= 0)
  ✓ proceso.arnes_con_bytecode_frio              valor 0 (<= 0)

CÓDIGO QUE NINGÚN TEST FIJA:
  · tools/aceptacion.py:209:11:comparador
      comparador: In → NotIn
  · tools/aceptacion.py:212:11:comparador
      comparador: NotIn → In

Cada uno es un test que falta, o un mutante equivalente que hay que DECLARAR en
equivalentes.json con su razón escrita. Declararlo sin razón es una excusa.
