Alcance: diagnóstico con módulos propios
muerto: tools/tareas.py:56:17:constante constante: 2 → 3
muerto: tools/tareas.py:71:8:retorno retorno: return <algo> → return None
vivo: tools/tareas.py:59:18:constante constante: True → False
muerto: tools/tareas.py:85:51:negacion negacion: se borra el `not`
muerto: tools/tareas.py:87:4:retorno retorno: return <algo> → return None
vivo: tools/tareas.py:91:7:booleano booleano: and ↔ or
muerto: tools/tareas.py:91:7:negacion negacion: se borra el `not`
muerto: tools/tareas.py:91:27:negacion negacion: se borra el `not`
vivo: tools/tareas.py:93:7:booleano booleano: and ↔ or
muerto: tools/tareas.py:93:7:comparador comparador: In → NotIn
muerto: tools/tareas.py:93:30:comparador comparador: In → NotIn
muerto: tools/tareas.py:93:54:comparador comparador: In → NotIn
muerto: tools/tareas.py:93:78:comparador comparador: In → NotIn
muerto: tools/tareas.py:97:7:negacion negacion: se borra el `not`
vivo: tools/tareas.py:104:47:constante constante: True → False
vivo: tools/tareas.py:113:47:constante constante: True → False
muerto: tools/tareas.py:124:27:constante constante: False → True
muerto: tools/tareas.py:136:7:comparador comparador: Is → IsNot
muerto: tools/tareas.py:137:26:booleano booleano: and ↔ or
muerto: tools/tareas.py:138:11:comparador comparador: In → NotIn
muerto: tools/tareas.py:140:15:booleano booleano: and ↔ or
muerto: tools/tareas.py:140:15:comparador comparador: GtE → Gt
muerto: tools/tareas.py:140:21:constante constante: 1 → 2
muerto: tools/tareas.py:140:62:constante constante: 1 → 2
muerto: tools/tareas.py:142:39:constante constante: 1 → 2
muerto: tools/tareas.py:144:22:booleano booleano: and ↔ or
muerto: tools/tareas.py:146:7:comparador comparador: IsNot → Is
muerto: tools/tareas.py:150:11:booleano booleano: and ↔ or
muerto: tools/tareas.py:150:11:negacion negacion: se borra el `not`
muerto: tools/tareas.py:150:34:negacion negacion: se borra el `not`
muerto: tools/tareas.py:152:8:retorno retorno: return <algo> → return None
muerto: tools/tareas.py:156:10:constante constante: True → False
muerto: tools/tareas.py:158:12:retorno retorno: return <algo> → return None
muerto: tools/tareas.py:162:11:comparador comparador: Eq → NotEq
muerto: tools/tareas.py:167:8:retorno retorno: return <algo> → return None
muerto: tools/tareas.py:177:10:constante constante: 0 → 1
muerto: tools/tareas.py:178:10:booleano booleano: and ↔ or
vivo: tools/tareas.py:178:10:comparador comparador: Lt → LtE
muerto: tools/tareas.py:178:32:negacion negacion: se borra el `not`
muerto: tools/tareas.py:179:15:constante constante: 1 → 2
vivo: tools/tareas.py:181:7:comparador comparador: GtE → Gt
muerto: tools/tareas.py:185:7:negacion negacion: se borra el `not`
muerto: tools/tareas.py:190:26:constante constante: 2 → 3
vivo: tools/tareas.py:191:11:constante constante: 1 → 2
muerto: tools/tareas.py:192:10:booleano booleano: and ↔ or
muerto: tools/tareas.py:192:10:comparador comparador: Lt → LtE
muerto: tools/tareas.py:192:32:negacion negacion: se borra el `not`
muerto: tools/tareas.py:193:15:constante constante: 1 → 2
muerto: tools/tareas.py:199:10:comparador comparador: Lt → LtE
muerto: tools/tareas.py:201:11:negacion negacion: se borra el `not`
muerto: tools/tareas.py:204:11:negacion negacion: se borra el `not`
muerto: tools/tareas.py:207:30:constante constante: 1 → 2
muerto: tools/tareas.py:208:24:constante constante: 2 → 3
muerto: tools/tareas.py:211:11:comparador comparador: In → NotIn
muerto: tools/tareas.py:216:11:comparador comparador: NotIn → In
muerto: tools/tareas.py:219:15:constante constante: 1 → 2
muerto: tools/tareas.py:221:7:comparador comparador: NotIn → In
muerto: tools/tareas.py:224:7:comparador comparador: NotIn → In
muerto: tools/tareas.py:229:7:comparador comparador: NotIn → In
muerto: tools/tareas.py:246:4:retorno retorno: return <algo> → return None
muerto: tools/tareas.py:265:61:constante constante: False → True
muerto: tools/tareas.py:276:47:constante constante: True → False
muerto: tools/tareas.py:286:7:comparador comparador: NotIn → In
muerto: tools/tareas.py:300:7:comparador comparador: Eq → NotEq
muerto: tools/tareas.py:301:8:retorno retorno: return <algo> → return None
muerto: tools/tareas.py:301:15:constante constante: False → True
muerto: tools/tareas.py:305:15:constante constante: 0 → 1
muerto: tools/tareas.py:306:43:constante constante: True → False
muerto: tools/tareas.py:308:11:booleano booleano: and ↔ or
muerto: tools/tareas.py:308:21:comparador comparador: Eq → NotEq
muerto: tools/tareas.py:308:33:constante constante: 1 → 2
muerto: tools/tareas.py:309:32:constante constante: 2 → 3
muerto: tools/tareas.py:310:44:constante constante: 2 → 3
muerto: tools/tareas.py:311:41:constante constante: 2 → 3
muerto: tools/tareas.py:314:12:retorno retorno: return <algo> → return None
muerto: tools/tareas.py:314:19:constante constante: True → False
muerto: tools/tareas.py:325:12:booleano booleano: and ↔ or
muerto: tools/tareas.py:335:8:retorno retorno: return <algo> → return None
muerto: tools/tareas.py:340:15:constante constante: 1 → 2
vivo: tools/tareas.py:341:10:comparador comparador: Lt → LtE
vivo: tools/tareas.py:341:21:constante constante: 10000 → 10001
muerto: tools/tareas.py:346:12:retorno retorno: return <algo> → return None
muerto: tools/tareas.py:348:24:constante constante: 1 → 2
muerto: tools/tareas.py:359:7:negacion negacion: se borra el `not`
vivo: tools/tareas.py:363:7:booleano booleano: and ↔ or
muerto: tools/tareas.py:365:11:negacion negacion: se borra el `not`
muerto: tools/tareas.py:367:8:retorno retorno: return <algo> → return None
muerto: tools/tareas.py:373:11:negacion negacion: se borra el `not`
muerto: tools/tareas.py:379:7:negacion negacion: se borra el `not`
muerto: tools/tareas.py:383:7:comparador comparador: Gt → GtE
muerto: tools/tareas.py:383:25:constante constante: 1 → 2
muerto: tools/tareas.py:389:4:retorno retorno: return <algo> → return None
muerto: tools/tareas.py:389:22:constante constante: 0 → 1
vivo: tools/tareas.py:395:8:retorno retorno: return <algo> → return None
muerto: tools/tareas.py:397:7:negacion negacion: se borra el `not`
vivo: tools/tareas.py:398:8:retorno retorno: return <algo> → return None
vivo: tools/tareas.py:409:48:constante constante: True → False
muerto: tools/tareas.py:420:15:comparador comparador: In → NotIn
muerto: tools/tareas.py:426:15:negacion negacion: se borra el `not`
muerto: tools/tareas.py:431:15:negacion negacion: se borra el `not`
vivo: tools/tareas.py:437:56:constante constante: True → False
muerto: tools/tareas.py:465:4:retorno retorno: return <algo> → return None
muerto: tools/tareas.py:485:27:constante constante: True → False
muerto: tools/tareas.py:486:27:booleano booleano: and ↔ or
muerto: tools/tareas.py:490:8:retorno retorno: return <algo> → return None
vivo: tools/tareas.py:490:15:constante constante: 1 → 2
muerto: tools/tareas.py:498:8:retorno retorno: return <algo> → return None
vivo: tools/tareas.py:498:15:constante constante: 1 → 2
vivo: tools/tareas.py:501:34:constante constante: True → False
muerto: tools/tareas.py:501:49:constante constante: True → False
vivo: tools/tareas.py:504:8:retorno retorno: return <algo> → return None
vivo: tools/tareas.py:504:15:constante constante: 1 → 2
muerto: tools/tareas.py:512:8:retorno retorno: return <algo> → return None
vivo: tools/tareas.py:512:15:constante constante: 1 → 2
vivo: tools/tareas.py:519:77:constante constante: 0 → 1
vivo: tools/tareas.py:521:36:constante constante: 420 → 421
vivo: tools/tareas.py:528:8:retorno retorno: return <algo> → return None
vivo: tools/tareas.py:528:15:constante constante: 1 → 2
muerto: tools/tareas.py:531:4:retorno retorno: return <algo> → return None
muerto: tools/tareas.py:531:11:constante constante: 0 → 1
muerto: tools/tareas.py:550:16:constante constante: 50 → 51
muerto: tools/tareas.py:559:7:negacion negacion: se borra el `not`
vivo: tools/tareas.py:561:8:retorno retorno: return <algo> → return None
vivo: tools/tareas.py:561:15:constante constante: 1 → 2
muerto: tools/tareas.py:562:7:booleano booleano: and ↔ or
muerto: tools/tareas.py:562:7:comparador comparador: In → NotIn
muerto: tools/tareas.py:562:32:comparador comparador: In → NotIn
muerto: tools/tareas.py:564:8:retorno retorno: return <algo> → return None
vivo: tools/tareas.py:564:15:constante constante: 1 → 2
muerto: tools/tareas.py:568:11:booleano booleano: and ↔ or
muerto: tools/tareas.py:568:11:comparador comparador: In → NotIn
muerto: tools/tareas.py:568:27:comparador comparador: In → NotIn
muerto: tools/tareas.py:570:12:retorno retorno: return <algo> → return None
vivo: tools/tareas.py:570:19:constante constante: 1 → 2
vivo: tools/tareas.py:579:8:retorno retorno: return <algo> → return None
vivo: tools/tareas.py:579:15:constante constante: 1 → 2
muerto: tools/tareas.py:587:8:retorno retorno: return <algo> → return None
vivo: tools/tareas.py:587:15:constante constante: 1 → 2
muerto: tools/tareas.py:589:13:booleano booleano: and ↔ or
muerto: tools/tareas.py:589:52:constante constante: 40 → 41
vivo: tools/tareas.py:595:8:retorno retorno: return <algo> → return None
vivo: tools/tareas.py:595:15:constante constante: 1 → 2
vivo: tools/tareas.py:609:8:retorno retorno: return <algo> → return None
vivo: tools/tareas.py:609:15:constante constante: 1 → 2
muerto: tools/tareas.py:617:4:retorno retorno: return <algo> → return None
muerto: tools/tareas.py:617:11:constante constante: 0 → 1
muerto: tools/tareas.py:635:7:booleano booleano: and ↔ or
muerto: tools/tareas.py:640:8:retorno retorno: return <algo> → return None
muerto: tools/tareas.py:640:15:constante constante: 1 → 2
vivo: tools/tareas.py:646:8:retorno retorno: return <algo> → return None
vivo: tools/tareas.py:646:15:constante constante: 1 → 2
muerto: tools/tareas.py:658:8:retorno retorno: return <algo> → return None
muerto: tools/tareas.py:658:15:constante constante: 1 → 2
muerto: tools/tareas.py:662:11:negacion negacion: se borra el `not`
muerto: tools/tareas.py:663:15:booleano booleano: and ↔ or
vivo: tools/tareas.py:663:35:comparador comparador: NotEq → Eq
muerto: tools/tareas.py:665:15:booleano booleano: and ↔ or
muerto: tools/tareas.py:665:15:negacion negacion: se borra el `not`
muerto: tools/tareas.py:665:39:comparador comparador: NotEq → Eq
muerto: tools/tareas.py:669:15:negacion negacion: se borra el `not`
muerto: tools/tareas.py:669:23:comparador comparador: Eq → NotEq
muerto: tools/tareas.py:673:15:booleano booleano: and ↔ or
muerto: tools/tareas.py:673:15:comparador comparador: NotIn → In
muerto: tools/tareas.py:673:55:comparador comparador: NotIn → In
muerto: tools/tareas.py:682:8:retorno retorno: return <algo> → return None
muerto: tools/tareas.py:682:15:constante constante: 0 → 1
muerto: tools/tareas.py:684:7:negacion negacion: se borra el `not`
muerto: tools/tareas.py:686:8:retorno retorno: return <algo> → return None
muerto: tools/tareas.py:686:15:constante constante: 0 → 1
muerto: tools/tareas.py:692:4:retorno retorno: return <algo> → return None
muerto: tools/tareas.py:692:11:constante constante: 0 → 1
muerto: tools/tareas.py:706:7:booleano booleano: and ↔ or
muerto: tools/tareas.py:708:8:retorno retorno: return <algo> → return None
muerto: tools/tareas.py:708:15:constante constante: 1 → 2
vivo: tools/tareas.py:714:8:retorno retorno: return <algo> → return None
vivo: tools/tareas.py:714:15:constante constante: 1 → 2
muerto: tools/tareas.py:721:8:retorno retorno: return <algo> → return None
muerto: tools/tareas.py:721:15:constante constante: 1 → 2
muerto: tools/tareas.py:724:7:negacion negacion: se borra el `not`
vivo: tools/tareas.py:726:8:retorno retorno: return <algo> → return None
vivo: tools/tareas.py:726:15:constante constante: 1 → 2
muerto: tools/tareas.py:732:8:retorno retorno: return <algo> → return None
vivo: tools/tareas.py:732:15:constante constante: 1 → 2
vivo: tools/tareas.py:738:8:retorno retorno: return <algo> → return None
vivo: tools/tareas.py:738:15:constante constante: 1 → 2
muerto: tools/tareas.py:747:8:retorno retorno: return <algo> → return None
vivo: tools/tareas.py:747:15:constante constante: 1 → 2
vivo: tools/tareas.py:753:8:retorno retorno: return <algo> → return None
vivo: tools/tareas.py:753:15:constante constante: 1 → 2
muerto: tools/tareas.py:757:8:retorno retorno: return <algo> → return None
muerto: tools/tareas.py:757:15:constante constante: 0 → 1
vivo: tools/tareas.py:761:8:retorno retorno: return <algo> → return None
vivo: tools/tareas.py:761:15:constante constante: 0 → 1
vivo: tools/tareas.py:771:16:constante constante: 60 → 61
muerto: tools/tareas.py:777:4:retorno retorno: return <algo> → return None
muerto: tools/tareas.py:777:11:constante constante: 0 → 1
vivo: tools/tareas.py:793:8:retorno retorno: return <algo> → return None
vivo: tools/tareas.py:793:15:constante constante: 1 → 2
muerto: tools/tareas.py:800:8:retorno retorno: return <algo> → return None
vivo: tools/tareas.py:800:15:constante constante: 1 → 2
muerto: tools/tareas.py:803:7:negacion negacion: se borra el `not`
vivo: tools/tareas.py:805:8:retorno retorno: return <algo> → return None
vivo: tools/tareas.py:805:15:constante constante: 1 → 2
muerto: tools/tareas.py:811:8:retorno retorno: return <algo> → return None
vivo: tools/tareas.py:811:15:constante constante: 1 → 2
muerto: tools/tareas.py:817:8:retorno retorno: return <algo> → return None
muerto: tools/tareas.py:817:15:constante constante: 1 → 2
muerto: tools/tareas.py:823:4:retorno retorno: return <algo> → return None
muerto: tools/tareas.py:823:11:constante constante: 0 → 1
vivo: tools/tareas.py:839:8:retorno retorno: return <algo> → return None
vivo: tools/tareas.py:839:15:constante constante: 1 → 2
muerto: tools/tareas.py:846:8:retorno retorno: return <algo> → return None
vivo: tools/tareas.py:846:15:constante constante: 1 → 2
muerto: tools/tareas.py:849:7:negacion negacion: se borra el `not`
vivo: tools/tareas.py:851:8:retorno retorno: return <algo> → return None
vivo: tools/tareas.py:851:15:constante constante: 1 → 2
muerto: tools/tareas.py:857:8:retorno retorno: return <algo> → return None
vivo: tools/tareas.py:857:15:constante constante: 1 → 2
muerto: tools/tareas.py:863:8:retorno retorno: return <algo> → return None
vivo: tools/tareas.py:863:15:constante constante: 1 → 2
muerto: tools/tareas.py:869:4:retorno retorno: return <algo> → return None
muerto: tools/tareas.py:869:11:constante constante: 0 → 1
vivo: tools/tareas.py:885:8:retorno retorno: return <algo> → return None
vivo: tools/tareas.py:885:15:constante constante: 1 → 2
muerto: tools/tareas.py:892:18:comparador comparador: Eq → NotEq
muerto: tools/tareas.py:892:36:constante constante: 0 → 1
muerto: tools/tareas.py:897:8:retorno retorno: return <algo> → return None
muerto: tools/tareas.py:897:20:negacion negacion: se borra el `not`
muerto: tools/tareas.py:897:15:constante constante: 0 → 1
muerto: tools/tareas.py:897:39:constante constante: 1 → 2
muerto: tools/tareas.py:906:8:retorno retorno: return <algo> → return None
muerto: tools/tareas.py:906:15:constante constante: 1 → 2
muerto: tools/tareas.py:909:4:retorno retorno: return <algo> → return None
muerto: tools/tareas.py:909:11:constante constante: 0 → 1
vivo: tools/tareas.py:965:7:booleano booleano: and ↔ or
muerto: tools/tareas.py:965:7:negacion negacion: se borra el `not`
muerto: tools/tareas.py:965:20:comparador comparador: In → NotIn
vivo: tools/tareas.py:967:8:retorno retorno: return <algo> → return None
vivo: tools/tareas.py:967:15:constante constante: 0 → 1
muerto: tools/tareas.py:969:7:comparador comparador: Eq → NotEq
muerto: tools/tareas.py:970:8:retorno retorno: return <algo> → return None
muerto: tools/tareas.py:971:7:comparador comparador: Eq → NotEq
muerto: tools/tareas.py:972:8:retorno retorno: return <algo> → return None
muerto: tools/tareas.py:973:7:comparador comparador: In → NotIn
muerto: tools/tareas.py:974:8:retorno retorno: return <algo> → return None
muerto: tools/tareas.py:975:7:comparador comparador: Eq → NotEq
muerto: tools/tareas.py:976:8:retorno retorno: return <algo> → return None
muerto: tools/tareas.py:977:7:comparador comparador: Eq → NotEq
muerto: tools/tareas.py:978:8:retorno retorno: return <algo> → return None
muerto: tools/tareas.py:979:7:comparador comparador: Eq → NotEq
muerto: tools/tareas.py:980:8:retorno retorno: return <algo> → return None
muerto: tools/tareas.py:981:7:comparador comparador: Eq → NotEq
muerto: tools/tareas.py:982:8:retorno retorno: return <algo> → return None
muerto: tools/tareas.py:983:7:comparador comparador: In → NotIn
muerto: tools/tareas.py:993:12:retorno retorno: return <algo> → return None
vivo: tools/tareas.py:997:12:retorno retorno: return <algo> → return None
vivo: tools/tareas.py:997:19:constante constante: 1 → 2
vivo: tools/tareas.py:998:7:comparador comparador: Eq → NotEq
vivo: tools/tareas.py:1000:8:retorno retorno: return <algo> → return None
vivo: tools/tareas.py:1001:7:comparador comparador: Eq → NotEq
vivo: tools/tareas.py:1003:8:retorno retorno: return <algo> → return None
vivo: tools/tareas.py:1006:4:retorno retorno: return <algo> → return None
vivo: tools/tareas.py:1006:11:constante constante: 1 → 2
vivo: tools/tareas.py:1010:38:comparador comparador: Is → IsNot
vivo: tools/tareas.py:1010:31:constante constante: 1 → 2
vivo: tools/tareas.py:1011:7:booleano booleano: and ↔ or
vivo: tools/tareas.py:1011:7:negacion negacion: se borra el `not`
vivo: tools/tareas.py:1011:25:comparador comparador: In → NotIn
vivo: tools/tareas.py:1011:36:constante constante: 0 → 1
vivo: tools/tareas.py:1013:8:retorno retorno: return <algo> → return None
vivo: tools/tareas.py:1013:15:constante constante: 0 → 1
vivo: tools/tareas.py:1015:23:constante constante: 0 → 1
vivo: tools/tareas.py:1016:22:constante constante: 1 → 2
vivo: tools/tareas.py:1017:4:retorno retorno: return <algo> → return None
{"id": "mutacion_de_codigo", "mutantes": 274, "baseline_verde": true, "baseline_estado": "pasaron", "bytecode_frio": true, "tests_fallaron": 185, "errores_arnes": 0, "timeouts": 0, "rondas_ejecutadas": 275, "rondas_cache_verificadas": 275, "mutantes_reutilizados": 0, "primer_fallo_id": "tools/tareas.py:56:17:constante", "primer_fallo_estado": "tests_fallaron", "primer_fallo_codigo_salida": 1, "primer_fallo_salida": ".........F\n======================================================================\nFAIL: test_parser_subcomando_opcion_invalida_sale_con_codigo_2_exacto (tests.test_tareas_mutacion.TestMutacionCliComandosYCodigos.test_parser_subcomando_opcion_invalida_sale_con_codigo_2_exacto)\nEvita que errores de sintaxis o banderas desconocidas devuelvan un código distinto a 2.\n----------------------------------------------------------------------\nTraceback (most recent call last):\n  File \"/tmp/oracle-mutacion-0p3koeq9/proyecto/tests/test_tareas_mutacion.py\", line 305, in test_parser_subcomando_opcion_invalida_sale_con_codigo_2_exacto\n    self.assertEqual(rc, 2)\n    ~~~~~~~~~~~~~~~~^^^^^^^\nAssertionError: 3 != 2\n\n----------------------------------------------------------------------\nRan 10 tests in 0.008s\n\nFAILED (failures=1)", "primer_fallo_salida_truncada": false, "primer_inconcluso_id": "", "primer_inconcluso_estado": "", "primer_inconcluso_codigo_salida": null, "primer_inconcluso_salida": "", "primer_inconcluso_salida_truncada": false, "aislada": true, "fuentes_originales_intactas": true}
