Alcance: diagnóstico con módulos propios
muerto: tools/tareas_contexto.py:39:23:constante constante: 20 → 21
muerto: tools/tareas_contexto.py:39:28:constante constante: 1024 → 1025
muerto: tools/tareas_contexto.py:39:35:constante constante: 1024 → 1025
vivo: tools/tareas_contexto.py:40:24:constante constante: 2 → 3
vivo: tools/tareas_contexto.py:40:28:constante constante: 1024 → 1025
vivo: tools/tareas_contexto.py:40:35:constante constante: 1024 → 1025
vivo: tools/tareas_contexto.py:41:21:constante constante: 64 → 65
vivo: tools/tareas_contexto.py:41:26:constante constante: 1024 → 1025
vivo: tools/tareas_contexto.py:138:7:booleano booleano: and ↔ or
muerto: tools/tareas_contexto.py:138:7:negacion negacion: se borra el `not`
muerto: tools/tareas_contexto.py:138:18:negacion negacion: se borra el `not`
muerto: tools/tareas_contexto.py:141:11:booleano booleano: and ↔ or
vivo: tools/tareas_contexto.py:141:26:comparador comparador: Lt → LtE
vivo: tools/tareas_contexto.py:141:35:constante constante: 32 → 33
muerto: tools/tareas_contexto.py:141:41:comparador comparador: Eq → NotEq
vivo: tools/tareas_contexto.py:141:51:constante constante: 127 → 128
muerto: tools/tareas_contexto.py:152:7:comparador comparador: NotIn → In
muerto: tools/tareas_contexto.py:155:7:negacion negacion: se borra el `not`
muerto: tools/tareas_contexto.py:164:4:retorno retorno: return <algo> → return None
muerto: tools/tareas_contexto.py:178:8:retorno retorno: return <algo> → return None
muerto: tools/tareas_contexto.py:178:42:constante constante: False → True
vivo: tools/tareas_contexto.py:183:8:retorno retorno: return <algo> → return None
vivo: tools/tareas_contexto.py:183:56:constante constante: True → False
muerto: tools/tareas_contexto.py:185:7:negacion negacion: se borra el `not`
muerto: tools/tareas_contexto.py:186:8:retorno retorno: return <algo> → return None
muerto: tools/tareas_contexto.py:186:67:constante constante: False → True
vivo: tools/tareas_contexto.py:188:7:comparador comparador: Gt → GtE
vivo: tools/tareas_contexto.py:189:39:constante constante: 1024 → 1025
vivo: tools/tareas_contexto.py:189:46:constante constante: 1024 → 1025
vivo: tools/tareas_contexto.py:190:8:retorno retorno: return <algo> → return None
vivo: tools/tareas_contexto.py:190:63:constante constante: False → True
muerto: tools/tareas_contexto.py:193:7:comparador comparador: In → NotIn
muerto: tools/tareas_contexto.py:194:8:retorno retorno: return <algo> → return None
muerto: tools/tareas_contexto.py:194:40:constante constante: False → True
muerto: tools/tareas_contexto.py:196:7:booleano booleano: and ↔ or
muerto: tools/tareas_contexto.py:196:18:comparador comparador: NotIn → In
vivo: tools/tareas_contexto.py:197:8:retorno retorno: return <algo> → return None
vivo: tools/tareas_contexto.py:197:59:constante constante: False → True
vivo: tools/tareas_contexto.py:200:56:constante constante: 0 → 1
vivo: tools/tareas_contexto.py:200:87:constante constante: 0 → 1
vivo: tools/tareas_contexto.py:203:40:constante constante: True → False
vivo: tools/tareas_contexto.py:204:53:constante constante: 1 → 2
muerto: tools/tareas_contexto.py:212:8:retorno retorno: return <algo> → return None
muerto: tools/tareas_contexto.py:212:63:constante constante: True → False
vivo: tools/tareas_contexto.py:214:7:comparador comparador: Gt → GtE
vivo: tools/tareas_contexto.py:215:39:constante constante: 1024 → 1025
vivo: tools/tareas_contexto.py:215:46:constante constante: 1024 → 1025
vivo: tools/tareas_contexto.py:216:8:retorno retorno: return <algo> → return None
vivo: tools/tareas_contexto.py:216:63:constante constante: False → True
muerto: tools/tareas_contexto.py:218:7:comparador comparador: In → NotIn
vivo: tools/tareas_contexto.py:219:8:retorno retorno: return <algo> → return None
vivo: tools/tareas_contexto.py:219:63:constante constante: False → True
vivo: tools/tareas_contexto.py:224:8:retorno retorno: return <algo> → return None
vivo: tools/tareas_contexto.py:224:47:constante constante: False → True
muerto: tools/tareas_contexto.py:226:4:retorno retorno: return <algo> → return None
muerto: tools/tareas_contexto.py:226:37:constante constante: False → True
muerto: tools/tareas_contexto.py:252:7:booleano booleano: and ↔ or
muerto: tools/tareas_contexto.py:252:7:comparador comparador: IsNot → Is
muerto: tools/tareas_contexto.py:252:34:negacion negacion: se borra el `not`
vivo: tools/tareas_contexto.py:254:8:retorno retorno: return <algo> → return None
vivo: tools/tareas_contexto.py:254:15:constante constante: 1 → 2
muerto: tools/tareas_contexto.py:256:7:booleano booleano: and ↔ or
muerto: tools/tareas_contexto.py:256:7:negacion negacion: se borra el `not`
muerto: tools/tareas_contexto.py:256:26:negacion negacion: se borra el `not`
muerto: tools/tareas_contexto.py:261:8:retorno retorno: return <algo> → return None
muerto: tools/tareas_contexto.py:261:15:constante constante: 1 → 2
muerto: tools/tareas_contexto.py:263:7:booleano booleano: and ↔ or
muerto: tools/tareas_contexto.py:263:24:negacion negacion: se borra el `not`
muerto: tools/tareas_contexto.py:268:8:retorno retorno: return <algo> → return None
muerto: tools/tareas_contexto.py:268:15:constante constante: 1 → 2
muerto: tools/tareas_contexto.py:275:12:retorno retorno: return <algo> → return None
muerto: tools/tareas_contexto.py:275:19:constante constante: 1 → 2
vivo: tools/tareas_contexto.py:281:8:retorno retorno: return <algo> → return None
vivo: tools/tareas_contexto.py:281:15:constante constante: 1 → 2
vivo: tools/tareas_contexto.py:288:8:retorno retorno: return <algo> → return None
vivo: tools/tareas_contexto.py:288:15:constante constante: 1 → 2
muerto: tools/tareas_contexto.py:291:7:negacion negacion: se borra el `not`
vivo: tools/tareas_contexto.py:293:8:retorno retorno: return <algo> → return None
vivo: tools/tareas_contexto.py:293:15:constante constante: 1 → 2
vivo: tools/tareas_contexto.py:299:8:retorno retorno: return <algo> → return None
vivo: tools/tareas_contexto.py:299:15:constante constante: 1 → 2
vivo: tools/tareas_contexto.py:305:8:retorno retorno: return <algo> → return None
vivo: tools/tareas_contexto.py:305:15:constante constante: 1 → 2
vivo: tools/tareas_contexto.py:311:8:retorno retorno: return <algo> → return None
vivo: tools/tareas_contexto.py:311:15:constante constante: 1 → 2
vivo: tools/tareas_contexto.py:317:8:retorno retorno: return <algo> → return None
vivo: tools/tareas_contexto.py:317:15:constante constante: 1 → 2
vivo: tools/tareas_contexto.py:319:11:comparador comparador: In → NotIn
vivo: tools/tareas_contexto.py:337:35:constante constante: 2 → 3
vivo: tools/tareas_contexto.py:342:44:constante constante: 2 → 3
vivo: tools/tareas_contexto.py:344:20:constante constante: 420 → 421
muerto: tools/tareas_contexto.py:346:50:constante constante: 511 → 512
muerto: tools/tareas_contexto.py:352:69:constante constante: False → True
vivo: tools/tareas_contexto.py:371:48:constante constante: True → False
vivo: tools/tareas_contexto.py:375:8:retorno retorno: return <algo> → return None
vivo: tools/tareas_contexto.py:375:15:constante constante: 1 → 2
vivo: tools/tareas_contexto.py:386:51:constante constante: False → True
vivo: tools/tareas_contexto.py:386:65:constante constante: 2 → 3
muerto: tools/tareas_contexto.py:391:4:retorno retorno: return <algo> → return None
muerto: tools/tareas_contexto.py:391:11:constante constante: 0 → 1
muerto: tools/tareas_contexto.py:411:7:negacion negacion: se borra el `not`
muerto: tools/tareas_contexto.py:413:8:retorno retorno: return <algo> → return None
muerto: tools/tareas_contexto.py:413:15:constante constante: 1 → 2
muerto: tools/tareas_contexto.py:420:8:retorno retorno: return <algo> → return None
muerto: tools/tareas_contexto.py:420:15:constante constante: 1 → 2
vivo: tools/tareas_contexto.py:426:8:retorno retorno: return <algo> → return None
vivo: tools/tareas_contexto.py:426:15:constante constante: 1 → 2
muerto: tools/tareas_contexto.py:428:7:negacion negacion: se borra el `not`
vivo: tools/tareas_contexto.py:433:8:retorno retorno: return <algo> → return None
vivo: tools/tareas_contexto.py:433:15:constante constante: 1 → 2
muerto: tools/tareas_contexto.py:436:7:booleano booleano: and ↔ or
vivo: tools/tareas_contexto.py:436:7:comparador comparador: Gt → GtE
muerto: tools/tareas_contexto.py:436:48:negacion negacion: se borra el `not`
vivo: tools/tareas_contexto.py:437:30:constante constante: 1024 → 1025
vivo: tools/tareas_contexto.py:437:37:constante constante: 1024 → 1025
muerto: tools/tareas_contexto.py:442:8:retorno retorno: return <algo> → return None
muerto: tools/tareas_contexto.py:442:15:constante constante: 1 → 2
vivo: tools/tareas_contexto.py:445:7:booleano booleano: and ↔ or
muerto: tools/tareas_contexto.py:445:7:negacion negacion: se borra el `not`
muerto: tools/tareas_contexto.py:445:29:comparador comparador: In → NotIn
vivo: tools/tareas_contexto.py:447:8:retorno retorno: return <algo> → return None
vivo: tools/tareas_contexto.py:447:15:constante constante: 1 → 2
vivo: tools/tareas_contexto.py:449:11:booleano booleano: and ↔ or
muerto: tools/tareas_contexto.py:449:11:comparador comparador: In → NotIn
muerto: tools/tareas_contexto.py:449:26:comparador comparador: Lt → LtE
muerto: tools/tareas_contexto.py:449:35:constante constante: 32 → 33
muerto: tools/tareas_contexto.py:449:41:comparador comparador: Eq → NotEq
vivo: tools/tareas_contexto.py:449:51:constante constante: 127 → 128
vivo: tools/tareas_contexto.py:454:8:retorno retorno: return <algo> → return None
vivo: tools/tareas_contexto.py:454:15:constante constante: 1 → 2
muerto: tools/tareas_contexto.py:456:7:comparador comparador: Eq → NotEq
muerto: tools/tareas_contexto.py:461:8:retorno retorno: return <algo> → return None
muerto: tools/tareas_contexto.py:461:15:constante constante: 1 → 2
vivo: tools/tareas_contexto.py:467:8:retorno retorno: return <algo> → return None
vivo: tools/tareas_contexto.py:467:15:constante constante: 1 → 2
vivo: tools/tareas_contexto.py:474:8:retorno retorno: return <algo> → return None
vivo: tools/tareas_contexto.py:474:15:constante constante: 1 → 2
muerto: tools/tareas_contexto.py:477:7:negacion negacion: se borra el `not`
vivo: tools/tareas_contexto.py:479:8:retorno retorno: return <algo> → return None
vivo: tools/tareas_contexto.py:479:15:constante constante: 1 → 2
vivo: tools/tareas_contexto.py:486:8:retorno retorno: return <algo> → return None
vivo: tools/tareas_contexto.py:486:15:constante constante: 1 → 2
muerto: tools/tareas_contexto.py:491:7:booleano booleano: and ↔ or
muerto: tools/tareas_contexto.py:496:8:retorno retorno: return <algo> → return None
muerto: tools/tareas_contexto.py:496:15:constante constante: 1 → 2
vivo: tools/tareas_contexto.py:502:11:booleano booleano: and ↔ or
vivo: tools/tareas_contexto.py:502:11:comparador comparador: NotEq → Eq
vivo: tools/tareas_contexto.py:502:46:negacion negacion: se borra el `not`
vivo: tools/tareas_contexto.py:504:12:retorno retorno: return <algo> → return None
vivo: tools/tareas_contexto.py:504:19:constante constante: 1 → 2
vivo: tools/tareas_contexto.py:507:8:retorno retorno: return <algo> → return None
vivo: tools/tareas_contexto.py:507:15:constante constante: 1 → 2
vivo: tools/tareas_contexto.py:510:21:constante constante: False → True
vivo: tools/tareas_contexto.py:511:77:constante constante: 0 → 1
vivo: tools/tareas_contexto.py:513:42:constante constante: 420 → 421
vivo: tools/tareas_contexto.py:514:25:constante constante: True → False
vivo: tools/tareas_contexto.py:515:20:constante constante: 0 → 1
muerto: tools/tareas_contexto.py:517:18:constante constante: True → False
muerto: tools/tareas_contexto.py:519:19:negacion negacion: se borra el `not`
muerto: tools/tareas_contexto.py:522:19:booleano booleano: and ↔ or
muerto: tools/tareas_contexto.py:522:19:negacion negacion: se borra el `not`
vivo: tools/tareas_contexto.py:522:50:comparador comparador: Gt → GtE
vivo: tools/tareas_contexto.py:523:38:constante constante: 1024 → 1025
vivo: tools/tareas_contexto.py:523:45:constante constante: 1024 → 1025
vivo: tools/tareas_contexto.py:531:11:booleano booleano: and ↔ or
vivo: tools/tareas_contexto.py:531:31:booleano booleano: and ↔ or
vivo: tools/tareas_contexto.py:532:38:constante constante: True → False
vivo: tools/tareas_contexto.py:534:8:retorno retorno: return <algo> → return None
vivo: tools/tareas_contexto.py:534:15:constante constante: 1 → 2
vivo: tools/tareas_contexto.py:542:15:comparador comparador: In → NotIn
vivo: tools/tareas_contexto.py:548:39:constante constante: 2 → 3
vivo: tools/tareas_contexto.py:553:48:constante constante: 2 → 3
vivo: tools/tareas_contexto.py:555:24:constante constante: 420 → 421
muerto: tools/tareas_contexto.py:557:54:constante constante: 511 → 512
muerto: tools/tareas_contexto.py:562:69:constante constante: False → True
vivo: tools/tareas_contexto.py:581:48:constante constante: True → False
muerto: tools/tareas_contexto.py:585:11:booleano booleano: and ↔ or
vivo: tools/tareas_contexto.py:586:38:constante constante: True → False
muerto: tools/tareas_contexto.py:588:8:retorno retorno: return <algo> → return None
muerto: tools/tareas_contexto.py:588:15:constante constante: 1 → 2
vivo: tools/tareas_contexto.py:596:51:constante constante: False → True
vivo: tools/tareas_contexto.py:596:65:constante constante: 2 → 3
muerto: tools/tareas_contexto.py:602:4:retorno retorno: return <algo> → return None
muerto: tools/tareas_contexto.py:602:11:constante constante: 0 → 1
muerto: tools/tareas_contexto.py:621:7:negacion negacion: se borra el `not`
vivo: tools/tareas_contexto.py:623:8:retorno retorno: return <algo> → return None
vivo: tools/tareas_contexto.py:623:15:constante constante: 1 → 2
vivo: tools/tareas_contexto.py:629:8:retorno retorno: return <algo> → return None
vivo: tools/tareas_contexto.py:629:15:constante constante: 1 → 2
muerto: tools/tareas_contexto.py:640:8:retorno retorno: return <algo> → return None
muerto: tools/tareas_contexto.py:640:15:constante constante: 1 → 2
vivo: tools/tareas_contexto.py:664:16:retorno retorno: return <algo> → return None
vivo: tools/tareas_contexto.py:664:23:constante constante: 1 → 2
vivo: tools/tareas_contexto.py:665:15:comparador comparador: IsNot → Is
muerto: tools/tareas_contexto.py:669:19:comparador comparador: IsNot → Is
vivo: tools/tareas_contexto.py:670:60:constante constante: 1 → 2
muerto: tools/tareas_contexto.py:671:19:comparador comparador: In → NotIn
vivo: tools/tareas_contexto.py:679:11:booleano booleano: and ↔ or
vivo: tools/tareas_contexto.py:685:81:constante constante: False → True
muerto: tools/tareas_contexto.py:722:24:retorno retorno: return <algo> → return None
muerto: tools/tareas_contexto.py:722:31:constante constante: 1 → 2
muerto: tools/tareas_contexto.py:723:23:comparador comparador: IsNot → Is
muerto: tools/tareas_contexto.py:727:27:comparador comparador: IsNot → Is
muerto: tools/tareas_contexto.py:728:68:constante constante: 1 → 2
muerto: tools/tareas_contexto.py:729:27:comparador comparador: In → NotIn
vivo: tools/tareas_contexto.py:739:16:retorno retorno: return <algo> → return None
vivo: tools/tareas_contexto.py:739:23:constante constante: 1 → 2
vivo: tools/tareas_contexto.py:749:49:constante constante: False → True
vivo: tools/tareas_contexto.py:749:63:constante constante: 2 → 3
muerto: tools/tareas_contexto.py:750:8:retorno retorno: return <algo> → return None
muerto: tools/tareas_contexto.py:750:15:constante constante: 0 → 1
muerto: tools/tareas_contexto.py:752:7:negacion negacion: se borra el `not`
muerto: tools/tareas_contexto.py:763:4:retorno retorno: return <algo> → return None
muerto: tools/tareas_contexto.py:763:11:constante constante: 0 → 1
vivo: tools/tareas_contexto.py:780:8:retorno retorno: return <algo> → return None
vivo: tools/tareas_contexto.py:780:15:constante constante: 1 → 2
muerto: tools/tareas_contexto.py:791:8:retorno retorno: return <algo> → return None
muerto: tools/tareas_contexto.py:791:15:constante constante: 1 → 2
vivo: tools/tareas_contexto.py:797:8:retorno retorno: return <algo> → return None
vivo: tools/tareas_contexto.py:797:15:constante constante: 1 → 2
vivo: tools/tareas_contexto.py:811:70:constante constante: False → True
muerto: tools/tareas_contexto.py:816:15:comparador comparador: In → NotIn
vivo: tools/tareas_contexto.py:851:16:retorno retorno: return <algo> → return None
vivo: tools/tareas_contexto.py:851:23:constante constante: 1 → 2
muerto: tools/tareas_contexto.py:852:15:comparador comparador: IsNot → Is
muerto: tools/tareas_contexto.py:856:19:comparador comparador: IsNot → Is
muerto: tools/tareas_contexto.py:857:60:constante constante: 1 → 2
vivo: tools/tareas_contexto.py:868:8:retorno retorno: return <algo> → return None
vivo: tools/tareas_contexto.py:868:15:constante constante: 1 → 2
vivo: tools/tareas_contexto.py:880:49:constante constante: False → True
vivo: tools/tareas_contexto.py:880:63:constante constante: 2 → 3
muerto: tools/tareas_contexto.py:881:8:retorno retorno: return <algo> → return None
muerto: tools/tareas_contexto.py:881:15:constante constante: 0 → 1
vivo: tools/tareas_contexto.py:883:7:negacion negacion: se borra el `not`
vivo: tools/tareas_contexto.py:895:4:retorno retorno: return <algo> → return None
vivo: tools/tareas_contexto.py:895:11:constante constante: 0 → 1
vivo: tools/tareas_contexto.py:911:8:retorno retorno: return <algo> → return None
vivo: tools/tareas_contexto.py:911:15:constante constante: 1 → 2
muerto: tools/tareas_contexto.py:923:8:retorno retorno: return <algo> → return None
muerto: tools/tareas_contexto.py:923:15:constante constante: 1 → 2
muerto: tools/tareas_contexto.py:926:42:constante constante: 0 → 1
muerto: tools/tareas_contexto.py:926:56:constante constante: 0 → 1
vivo: tools/tareas_contexto.py:930:50:constante constante: 0 → 1
muerto: tools/tareas_contexto.py:930:55:constante constante: 1 → 2
muerto: tools/tareas_contexto.py:934:58:constante constante: 0 → 1
muerto: tools/tareas_contexto.py:934:63:constante constante: 1 → 2
vivo: tools/tareas_contexto.py:944:49:constante constante: False → True
vivo: tools/tareas_contexto.py:944:63:constante constante: 2 → 3
muerto: tools/tareas_contexto.py:945:8:retorno retorno: return <algo> → return None
muerto: tools/tareas_contexto.py:945:15:constante constante: 0 → 1
vivo: tools/tareas_contexto.py:949:52:constante constante: 0 → 1
vivo: tools/tareas_contexto.py:950:52:constante constante: 0 → 1
vivo: tools/tareas_contexto.py:958:4:retorno retorno: return <algo> → return None
vivo: tools/tareas_contexto.py:958:11:constante constante: 0 → 1
{"id": "mutacion_de_codigo", "mutantes": 254, "baseline_verde": true, "baseline_estado": "pasaron", "bytecode_frio": true, "tests_fallaron": 111, "errores_arnes": 0, "timeouts": 0, "rondas_ejecutadas": 255, "rondas_cache_verificadas": 255, "mutantes_reutilizados": 0, "primer_fallo_id": "tools/tareas_contexto.py:39:23:constante", "primer_fallo_estado": "tests_fallaron", "primer_fallo_codigo_salida": 1, "primer_fallo_salida": "...F\n======================================================================\nFAIL: test_adjuntar_limite_20mib_sin_bandera_y_permite_con_ella (tests.test_tareas_contexto.TestAdjuntar.test_adjuntar_limite_20mib_sin_bandera_y_permite_con_ella)\nEvita saturar el repositorio con archivos grandes sin confirmación explícita.\n----------------------------------------------------------------------\nTraceback (most recent call last):\n  File \"/tmp/oracle-mutacion-wte8r5i3/proyecto/tests/test_tareas_contexto.py\", line 338, in test_adjuntar_limite_20mib_sin_bandera_y_permite_con_ella\n    self.assertEqual(rc, 1)\n    ~~~~~~~~~~~~~~~~^^^^^^^\nAssertionError: 0 != 1\n\n----------------------------------------------------------------------\nRan 4 tests in 0.009s\n\nFAILED (failures=1)", "primer_fallo_salida_truncada": false, "primer_inconcluso_id": "", "primer_inconcluso_estado": "", "primer_inconcluso_codigo_salida": null, "primer_inconcluso_salida": "", "primer_inconcluso_salida_truncada": false, "aislada": true, "fuentes_originales_intactas": true}
