Alcance: suite completa con prioridades
muerto: tools/tareas_git.py:17:18:negacion negacion: se borra el `not`
muerto: tools/tareas_git.py:20:8:retorno retorno: return <algo> → return None
muerto: tools/tareas_git.py:23:40:constante constante: True → False
muerto: tools/tareas_git.py:23:54:constante constante: 30 → 31
muerto: tools/tareas_git.py:36:4:retorno retorno: return <algo> → return None
muerto: tools/tareas_git.py:40:4:retorno retorno: return <algo> → return None
muerto: tools/tareas_git.py:54:15:comparador comparador: In → NotIn
muerto: tools/tareas_git.py:60:15:booleano booleano: and ↔ or
muerto: tools/tareas_git.py:67:4:retorno retorno: return <algo> → return None
muerto: tools/tareas_git.py:73:7:booleano booleano: and ↔ or
muerto: tools/tareas_git.py:73:31:negacion negacion: se borra el `not`
muerto: tools/tareas_git.py:78:11:comparador comparador: In → NotIn
muerto: tools/tareas_git.py:79:12:retorno retorno: return <algo> → return None
muerto: tools/tareas_git.py:90:20:comparador comparador: Eq → NotEq
muerto: tools/tareas_git.py:97:15:negacion negacion: se borra el `not`
muerto: tools/tareas_git.py:100:15:comparador comparador: NotIn → In
muerto: tools/tareas_git.py:102:8:retorno retorno: return <algo> → return None
muerto: tools/tareas_git.py:110:7:comparador comparador: NotIn → In
muerto: tools/tareas_git.py:110:41:constante constante: 0 → 1
muerto: tools/tareas_git.py:110:44:constante constante: 1 → 2
muerto: tools/tareas_git.py:112:60:negacion negacion: se borra el `not`
muerto: tools/tareas_git.py:120:11:negacion negacion: se borra el `not`
muerto: tools/tareas_git.py:122:38:constante constante: 3 → 4
muerto: tools/tareas_git.py:125:62:constante constante: 2 → 3
muerto: tools/tareas_git.py:130:41:comparador comparador: NotEq → Eq
muerto: tools/tareas_git.py:131:19:booleano booleano: and ↔ or
muerto: tools/tareas_git.py:131:19:comparador comparador: In → NotIn
muerto: tools/tareas_git.py:131:41:comparador comparador: NotIn → In
muerto: tools/tareas_git.py:134:13:booleano booleano: and ↔ or
muerto: tools/tareas_git.py:134:13:comparador comparador: NotIn → In
muerto: tools/tareas_git.py:134:36:comparador comparador: NotIn → In
muerto: tools/tareas_git.py:136:13:comparador comparador: NotEq → Eq
muerto: tools/tareas_git.py:140:70:comparador comparador: In → NotIn
muerto: tools/tareas_git.py:141:36:comparador comparador: In → NotIn
muerto: tools/tareas_git.py:141:67:comparador comparador: In → NotIn
muerto: tools/tareas_git.py:142:60:constante constante: 0 → 1
muerto: tools/tareas_git.py:142:78:constante constante: 1 → 2
muerto: tools/tareas_git.py:144:4:retorno retorno: return <algo> → return None
muerto: tools/tareas_git.py:160:8:retorno retorno: return <algo> → return None
muerto: tools/tareas_git.py:160:15:constante constante: 1 → 2
muerto: tools/tareas_git.py:163:9:comparador comparador: Is → IsNot
muerto: tools/tareas_git.py:168:62:booleano booleano: and ↔ or
muerto: tools/tareas_git.py:175:4:retorno retorno: return <algo> → return None
muerto: tools/tareas_git.py:175:11:constante constante: 0 → 1
{"id": "mutacion_de_codigo", "mutantes": 44, "baseline_verde": true, "baseline_estado": "pasaron", "bytecode_frio": true, "tests_fallaron": 44, "errores_arnes": 0, "timeouts": 0, "rondas_ejecutadas": 45, "rondas_cache_verificadas": 45, "mutantes_reutilizados": 0, "primer_fallo_id": "tools/tareas_git.py:17:18:negacion", "primer_fallo_estado": "tests_fallaron", "primer_fallo_codigo_salida": 1, "primer_fallo_salida": "..........\n----------------------------------------------------------------------\nRan 10 tests in 2.425s\n\nOK\n.....E\n======================================================================\nERROR: test_git_dir_heredado_no_redirige_el_proyecto (tests.test_tareas_git.SeguimientoGitTests.test_git_dir_heredado_no_redirige_el_proyecto)\nEl diagnóstico observa el proyecto pedido aunque la shell seleccione otro Git.\n----------------------------------------------------------------------\nTraceback (most recent call last):\n  File \"/tmp/oracle-mutacion-zbxmcgpy/proyecto/tests/test_tareas_git.py\", line 133, in test_git_dir_heredado_no_redirige_el_proyecto\n    self.assertEqual(self.fila()[\"estado\"], \"sin_seguimiento\")\n                     ~~~~~~~~~^^\n  File \"/tmp/oracle-mutacion-zbxmcgpy/proyecto/tests/test_tareas_git.py\", line 45, in fila\n    return self.filas()[(ruta or self.documento).relative_to(self.proyecto).as_posix()]\n           ~~~~~~~~~~~~^^^^^^^^^^^^^^^^^^^^^^^^^^^^^^^^^^^^^^^^^^^^^^^^^^^^^^^^^^^^^^^^\nKeyError: 'tareas/20260912-100000-ejemplo/TAREA.md'\n\n----------------------------------------------------------------------\nRan 6 tests in 0.037s\n\nFAILED (errors=1)", "primer_fallo_salida_truncada": false, "primer_inconcluso_id": "", "primer_inconcluso_estado": "", "primer_inconcluso_codigo_salida": null, "primer_inconcluso_salida": "", "primer_inconcluso_salida_truncada": false, "aislada": true, "fuentes_originales_intactas": true}
