Alcance: diagnóstico con módulos propios
muerto: tools/tareas_contexto.py:41:23:constante constante: 20 → 21
muerto: tools/tareas_contexto.py:41:28:constante constante: 1024 → 1025
muerto: tools/tareas_contexto.py:41:35:constante constante: 1024 → 1025
muerto: tools/tareas_contexto.py:42:24:constante constante: 2 → 3
muerto: tools/tareas_contexto.py:42:28:constante constante: 1024 → 1025
muerto: tools/tareas_contexto.py:42:35:constante constante: 1024 → 1025
muerto: tools/tareas_contexto.py:139:7:booleano booleano: and ↔ or
muerto: tools/tareas_contexto.py:139:7:negacion negacion: se borra el `not`
muerto: tools/tareas_contexto.py:139:18:negacion negacion: se borra el `not`
muerto: tools/tareas_contexto.py:142:11:booleano booleano: and ↔ or
muerto: tools/tareas_contexto.py:142:26:comparador comparador: Eq → NotEq
muerto: tools/tareas_contexto.py:153:7:comparador comparador: NotIn → In
muerto: tools/tareas_contexto.py:156:7:negacion negacion: se borra el `not`
muerto: tools/tareas_contexto.py:165:4:retorno retorno: return <algo> → return None
muerto: tools/tareas_contexto.py:179:8:retorno retorno: return <algo> → return None
muerto: tools/tareas_contexto.py:179:42:constante constante: False → True
muerto: tools/tareas_contexto.py:184:8:retorno retorno: return <algo> → return None
muerto: tools/tareas_contexto.py:184:56:constante constante: True → False
muerto: tools/tareas_contexto.py:186:7:negacion negacion: se borra el `not`
muerto: tools/tareas_contexto.py:187:8:retorno retorno: return <algo> → return None
muerto: tools/tareas_contexto.py:187:67:constante constante: False → True
muerto: tools/tareas_contexto.py:189:7:comparador comparador: Gt → GtE
muerto: tools/tareas_contexto.py:190:39:constante constante: 1024 → 1025
muerto: tools/tareas_contexto.py:190:46:constante constante: 1024 → 1025
muerto: tools/tareas_contexto.py:191:8:retorno retorno: return <algo> → return None
muerto: tools/tareas_contexto.py:191:63:constante constante: False → True
muerto: tools/tareas_contexto.py:194:7:comparador comparador: In → NotIn
muerto: tools/tareas_contexto.py:195:8:retorno retorno: return <algo> → return None
muerto: tools/tareas_contexto.py:195:40:constante constante: False → True
muerto: tools/tareas_contexto.py:197:7:booleano booleano: and ↔ or
muerto: tools/tareas_contexto.py:197:18:comparador comparador: NotIn → In
muerto: tools/tareas_contexto.py:198:8:retorno retorno: return <algo> → return None
muerto: tools/tareas_contexto.py:198:59:constante constante: False → True
vivo: tools/tareas_contexto.py:201:56:constante constante: 0 → 1
vivo: tools/tareas_contexto.py:201:87:constante constante: 0 → 1
vivo: tools/tareas_contexto.py:205:53:constante constante: 1 → 2
muerto: tools/tareas_contexto.py:213:8:retorno retorno: return <algo> → return None
muerto: tools/tareas_contexto.py:213:63:constante constante: True → False
muerto: tools/tareas_contexto.py:215:7:comparador comparador: Gt → GtE
muerto: tools/tareas_contexto.py:216:39:constante constante: 1024 → 1025
muerto: tools/tareas_contexto.py:216:46:constante constante: 1024 → 1025
muerto: tools/tareas_contexto.py:217:8:retorno retorno: return <algo> → return None
muerto: tools/tareas_contexto.py:217:63:constante constante: False → True
muerto: tools/tareas_contexto.py:219:7:comparador comparador: In → NotIn
muerto: tools/tareas_contexto.py:220:8:retorno retorno: return <algo> → return None
muerto: tools/tareas_contexto.py:220:63:constante constante: False → True
muerto: tools/tareas_contexto.py:225:8:retorno retorno: return <algo> → return None
muerto: tools/tareas_contexto.py:225:47:constante constante: False → True
muerto: tools/tareas_contexto.py:227:4:retorno retorno: return <algo> → return None
muerto: tools/tareas_contexto.py:227:37:constante constante: False → True
muerto: tools/tareas_contexto.py:253:7:booleano booleano: and ↔ or
muerto: tools/tareas_contexto.py:253:7:comparador comparador: IsNot → Is
muerto: tools/tareas_contexto.py:253:34:negacion negacion: se borra el `not`
muerto: tools/tareas_contexto.py:255:8:retorno retorno: return <algo> → return None
muerto: tools/tareas_contexto.py:255:15:constante constante: 1 → 2
muerto: tools/tareas_contexto.py:257:7:booleano booleano: and ↔ or
muerto: tools/tareas_contexto.py:257:7:negacion negacion: se borra el `not`
muerto: tools/tareas_contexto.py:257:26:negacion negacion: se borra el `not`
muerto: tools/tareas_contexto.py:262:8:retorno retorno: return <algo> → return None
muerto: tools/tareas_contexto.py:262:15:constante constante: 1 → 2
muerto: tools/tareas_contexto.py:264:7:booleano booleano: and ↔ or
muerto: tools/tareas_contexto.py:264:24:negacion negacion: se borra el `not`
muerto: tools/tareas_contexto.py:269:8:retorno retorno: return <algo> → return None
muerto: tools/tareas_contexto.py:269:15:constante constante: 1 → 2
muerto: tools/tareas_contexto.py:276:12:retorno retorno: return <algo> → return None
muerto: tools/tareas_contexto.py:276:19:constante constante: 1 → 2
muerto: tools/tareas_contexto.py:282:8:retorno retorno: return <algo> → return None
muerto: tools/tareas_contexto.py:282:15:constante constante: 1 → 2
muerto: tools/tareas_contexto.py:289:8:retorno retorno: return <algo> → return None
muerto: tools/tareas_contexto.py:289:15:constante constante: 1 → 2
muerto: tools/tareas_contexto.py:292:7:negacion negacion: se borra el `not`
muerto: tools/tareas_contexto.py:294:8:retorno retorno: return <algo> → return None
muerto: tools/tareas_contexto.py:294:15:constante constante: 1 → 2
muerto: tools/tareas_contexto.py:300:8:retorno retorno: return <algo> → return None
muerto: tools/tareas_contexto.py:300:15:constante constante: 1 → 2
muerto: tools/tareas_contexto.py:306:8:retorno retorno: return <algo> → return None
muerto: tools/tareas_contexto.py:306:15:constante constante: 1 → 2
muerto: tools/tareas_contexto.py:312:8:retorno retorno: return <algo> → return None
muerto: tools/tareas_contexto.py:312:15:constante constante: 1 → 2
muerto: tools/tareas_contexto.py:318:8:retorno retorno: return <algo> → return None
muerto: tools/tareas_contexto.py:318:15:constante constante: 1 → 2
muerto: tools/tareas_contexto.py:320:11:comparador comparador: In → NotIn
muerto: tools/tareas_contexto.py:338:35:constante constante: 2 → 3
muerto: tools/tareas_contexto.py:343:44:constante constante: 2 → 3
muerto: tools/tareas_contexto.py:349:8:retorno retorno: return <algo> → return None
muerto: tools/tareas_contexto.py:349:15:constante constante: 1 → 2
muerto: tools/tareas_contexto.py:365:4:retorno retorno: return <algo> → return None
muerto: tools/tareas_contexto.py:365:11:constante constante: 0 → 1
muerto: tools/tareas_contexto.py:389:8:retorno retorno: return <algo> → return None
muerto: tools/tareas_contexto.py:389:15:constante constante: 1 → 2
muerto: tools/tareas_contexto.py:392:8:retorno retorno: return <algo> → return None
muerto: tools/tareas_contexto.py:392:15:constante constante: 1 → 2
muerto: tools/tareas_contexto.py:399:8:retorno retorno: return <algo> → return None
muerto: tools/tareas_contexto.py:399:15:constante constante: 1 → 2
muerto: tools/tareas_contexto.py:401:7:negacion negacion: se borra el `not`
muerto: tools/tareas_contexto.py:406:8:retorno retorno: return <algo> → return None
muerto: tools/tareas_contexto.py:406:15:constante constante: 1 → 2
muerto: tools/tareas_contexto.py:409:7:booleano booleano: and ↔ or
muerto: tools/tareas_contexto.py:409:7:comparador comparador: Gt → GtE
muerto: tools/tareas_contexto.py:409:48:negacion negacion: se borra el `not`
vivo: tools/tareas_contexto.py:410:30:constante constante: 1024 → 1025
vivo: tools/tareas_contexto.py:410:37:constante constante: 1024 → 1025
muerto: tools/tareas_contexto.py:415:8:retorno retorno: return <algo> → return None
muerto: tools/tareas_contexto.py:415:15:constante constante: 1 → 2
muerto: tools/tareas_contexto.py:418:11:comparador comparador: Eq → NotEq
muerto: tools/tareas_contexto.py:423:8:retorno retorno: return <algo> → return None
muerto: tools/tareas_contexto.py:423:15:constante constante: 1 → 2
muerto: tools/tareas_contexto.py:425:7:comparador comparador: Eq → NotEq
muerto: tools/tareas_contexto.py:430:8:retorno retorno: return <algo> → return None
muerto: tools/tareas_contexto.py:430:15:constante constante: 1 → 2
muerto: tools/tareas_contexto.py:436:8:retorno retorno: return <algo> → return None
muerto: tools/tareas_contexto.py:436:15:constante constante: 1 → 2
muerto: tools/tareas_contexto.py:443:8:retorno retorno: return <algo> → return None
muerto: tools/tareas_contexto.py:443:15:constante constante: 1 → 2
muerto: tools/tareas_contexto.py:446:7:negacion negacion: se borra el `not`
muerto: tools/tareas_contexto.py:448:8:retorno retorno: return <algo> → return None
muerto: tools/tareas_contexto.py:448:15:constante constante: 1 → 2
muerto: tools/tareas_contexto.py:455:8:retorno retorno: return <algo> → return None
muerto: tools/tareas_contexto.py:455:15:constante constante: 1 → 2
muerto: tools/tareas_contexto.py:460:7:booleano booleano: and ↔ or
muerto: tools/tareas_contexto.py:465:8:retorno retorno: return <algo> → return None
muerto: tools/tareas_contexto.py:465:15:constante constante: 1 → 2
vivo: tools/tareas_contexto.py:470:21:constante constante: False → True
vivo: tools/tareas_contexto.py:471:77:constante constante: 0 → 1
vivo: tools/tareas_contexto.py:473:42:constante constante: 420 → 421
muerto: tools/tareas_contexto.py:474:25:constante constante: True → False
muerto: tools/tareas_contexto.py:475:20:constante constante: 0 → 1
muerto: tools/tareas_contexto.py:477:18:constante constante: True → False
muerto: tools/tareas_contexto.py:479:19:negacion negacion: se borra el `not`
muerto: tools/tareas_contexto.py:482:19:booleano booleano: and ↔ or
muerto: tools/tareas_contexto.py:482:19:negacion negacion: se borra el `not`
muerto: tools/tareas_contexto.py:482:50:comparador comparador: Gt → GtE
vivo: tools/tareas_contexto.py:483:38:constante constante: 1024 → 1025
vivo: tools/tareas_contexto.py:483:45:constante constante: 1024 → 1025
vivo: tools/tareas_contexto.py:491:11:booleano booleano: and ↔ or
muerto: tools/tareas_contexto.py:491:31:booleano booleano: and ↔ or
vivo: tools/tareas_contexto.py:492:38:constante constante: True → False
muerto: tools/tareas_contexto.py:494:8:retorno retorno: return <algo> → return None
muerto: tools/tareas_contexto.py:494:15:constante constante: 1 → 2
muerto: tools/tareas_contexto.py:502:15:comparador comparador: In → NotIn
muerto: tools/tareas_contexto.py:508:39:constante constante: 2 → 3
muerto: tools/tareas_contexto.py:513:48:constante constante: 2 → 3
muerto: tools/tareas_contexto.py:518:11:booleano booleano: and ↔ or
vivo: tools/tareas_contexto.py:519:38:constante constante: True → False
muerto: tools/tareas_contexto.py:521:8:retorno retorno: return <algo> → return None
muerto: tools/tareas_contexto.py:521:15:constante constante: 1 → 2
muerto: tools/tareas_contexto.py:535:4:retorno retorno: return <algo> → return None
muerto: tools/tareas_contexto.py:535:11:constante constante: 0 → 1
muerto: tools/tareas_contexto.py:554:7:negacion negacion: se borra el `not`
muerto: tools/tareas_contexto.py:556:8:retorno retorno: return <algo> → return None
muerto: tools/tareas_contexto.py:556:15:constante constante: 1 → 2
muerto: tools/tareas_contexto.py:562:8:retorno retorno: return <algo> → return None
muerto: tools/tareas_contexto.py:562:15:constante constante: 1 → 2
muerto: tools/tareas_contexto.py:573:8:retorno retorno: return <algo> → return None
muerto: tools/tareas_contexto.py:573:15:constante constante: 1 → 2
muerto: tools/tareas_contexto.py:597:16:retorno retorno: return <algo> → return None
muerto: tools/tareas_contexto.py:597:23:constante constante: 1 → 2
muerto: tools/tareas_contexto.py:598:15:comparador comparador: IsNot → Is
muerto: tools/tareas_contexto.py:602:19:comparador comparador: IsNot → Is
muerto: tools/tareas_contexto.py:603:60:constante constante: 1 → 2
muerto: tools/tareas_contexto.py:604:19:comparador comparador: In → NotIn
vivo: tools/tareas_contexto.py:612:11:booleano booleano: and ↔ or
muerto: tools/tareas_contexto.py:655:24:retorno retorno: return <algo> → return None
muerto: tools/tareas_contexto.py:655:31:constante constante: 1 → 2
muerto: tools/tareas_contexto.py:656:23:comparador comparador: IsNot → Is
muerto: tools/tareas_contexto.py:660:27:comparador comparador: IsNot → Is
muerto: tools/tareas_contexto.py:661:68:constante constante: 1 → 2
muerto: tools/tareas_contexto.py:662:27:comparador comparador: In → NotIn
muerto: tools/tareas_contexto.py:672:16:retorno retorno: return <algo> → return None
muerto: tools/tareas_contexto.py:672:23:constante constante: 1 → 2
muerto: tools/tareas_contexto.py:683:8:retorno retorno: return <algo> → return None
muerto: tools/tareas_contexto.py:683:15:constante constante: 0 → 1
muerto: tools/tareas_contexto.py:685:7:negacion negacion: se borra el `not`
muerto: tools/tareas_contexto.py:696:4:retorno retorno: return <algo> → return None
muerto: tools/tareas_contexto.py:696:11:constante constante: 0 → 1
muerto: tools/tareas_contexto.py:713:8:retorno retorno: return <algo> → return None
muerto: tools/tareas_contexto.py:713:15:constante constante: 1 → 2
muerto: tools/tareas_contexto.py:724:8:retorno retorno: return <algo> → return None
muerto: tools/tareas_contexto.py:724:15:constante constante: 1 → 2
muerto: tools/tareas_contexto.py:730:8:retorno retorno: return <algo> → return None
muerto: tools/tareas_contexto.py:730:15:constante constante: 1 → 2
muerto: tools/tareas_contexto.py:749:15:comparador comparador: In → NotIn
muerto: tools/tareas_contexto.py:784:16:retorno retorno: return <algo> → return None
muerto: tools/tareas_contexto.py:784:23:constante constante: 1 → 2
muerto: tools/tareas_contexto.py:785:15:comparador comparador: IsNot → Is
muerto: tools/tareas_contexto.py:789:19:comparador comparador: IsNot → Is
muerto: tools/tareas_contexto.py:790:60:constante constante: 1 → 2
muerto: tools/tareas_contexto.py:801:8:retorno retorno: return <algo> → return None
muerto: tools/tareas_contexto.py:801:15:constante constante: 1 → 2
muerto: tools/tareas_contexto.py:814:8:retorno retorno: return <algo> → return None
muerto: tools/tareas_contexto.py:814:15:constante constante: 0 → 1
muerto: tools/tareas_contexto.py:816:7:negacion negacion: se borra el `not`
muerto: tools/tareas_contexto.py:828:4:retorno retorno: return <algo> → return None
muerto: tools/tareas_contexto.py:828:11:constante constante: 0 → 1
muerto: tools/tareas_contexto.py:844:8:retorno retorno: return <algo> → return None
muerto: tools/tareas_contexto.py:844:15:constante constante: 1 → 2
muerto: tools/tareas_contexto.py:856:8:retorno retorno: return <algo> → return None
muerto: tools/tareas_contexto.py:856:15:constante constante: 1 → 2
muerto: tools/tareas_contexto.py:859:42:constante constante: 0 → 1
muerto: tools/tareas_contexto.py:859:56:constante constante: 0 → 1
muerto: tools/tareas_contexto.py:863:29:constante constante: 1 → 2
muerto: tools/tareas_contexto.py:867:58:constante constante: 0 → 1
muerto: tools/tareas_contexto.py:867:63:constante constante: 1 → 2
muerto: tools/tareas_contexto.py:878:8:retorno retorno: return <algo> → return None
muerto: tools/tareas_contexto.py:878:15:constante constante: 0 → 1
muerto: tools/tareas_contexto.py:891:4:retorno retorno: return <algo> → return None
muerto: tools/tareas_contexto.py:891:11:constante constante: 0 → 1
{"id": "mutacion_de_codigo", "mutantes": 207, "baseline_verde": true, "baseline_estado": "pasaron", "bytecode_frio": true, "tests_fallaron": 193, "errores_arnes": 0, "timeouts": 0, "rondas_ejecutadas": 208, "rondas_cache_verificadas": 208, "mutantes_reutilizados": 0, "primer_fallo_id": "tools/tareas_contexto.py:41:23:constante", "primer_fallo_estado": "tests_fallaron", "primer_fallo_codigo_salida": 1, "primer_fallo_salida": ".\n----------------------------------------------------------------------\nRan 1 test in 0.001s\n\nOK\n..F\n======================================================================\nFAIL: test_adjuntar_rechaza_crecimiento_durante_la_copia (tests.test_tareas_contexto_mutacion.ContextoMutacionTests.test_adjuntar_rechaza_crecimiento_durante_la_copia)\nEl límite se controla también al copiar cuando el tamaño anunciado quedó viejo.\n----------------------------------------------------------------------\nTraceback (most recent call last):\n  File \"/tmp/oracle-mutacion-iwj_7zph/proyecto/tests/test_tareas_contexto_mutacion.py\", line 241, in test_adjuntar_rechaza_crecimiento_durante_la_copia\n    err = self.fallo('adjuntar', self.id, str(self.origen))\n  File \"/tmp/oracle-mutacion-iwj_7zph/proyecto/tests/test_tareas_contexto_mutacion.py\", line 48, in fallo\n    self.assertEqual(rc, 1, (out, err))\n    ~~~~~~~~~~~~~~~~^^^^^^^^^^^^^^^^^^^\nAssertionError: 0 != 1 : ('Archivo adjuntado a la tarea 20260913-131727-contexto\\nRuta:      /tmp/tmpgt40jw4h/tareas/20260913-131727-contexto/captura.txt\\nDocumento: /tmp/tmpgt40jw4h/tareas/20260913-131727-contexto/TAREA.md\\n', '')\n\n----------------------------------------------------------------------\nRan 3 tests in 0.022s\n\nFAILED (failures=1)", "primer_fallo_salida_truncada": false, "primer_inconcluso_id": "", "primer_inconcluso_estado": "", "primer_inconcluso_codigo_salida": null, "primer_inconcluso_salida": "", "primer_inconcluso_salida_truncada": false, "aislada": true, "fuentes_originales_intactas": true}
