Tracker de tareas inicializado en /tmp/tmp.4dSPEQXI4j/tareas
Nota agregada a la tarea 20260912-225324-sinc
Documento: /tmp/tmp.4dSPEQXI4j/tareas/20260912-225324-sinc/TAREA.md
Archivo adjuntado a la tarea 20260912-225324-sinc
Ruta:      /tmp/tmp.4dSPEQXI4j/tareas/20260912-225324-sinc/registro-ejemplo.txt
Documento: /tmp/tmp.4dSPEQXI4j/tareas/20260912-225324-sinc/TAREA.md
tareas/20260912-225324-sinc/TAREA.md:9: Ejemplo de nota sobre monotonic clock
Referencias encontradas para «20260912-225324-sinc»:
referencias.md:1: Investigación relacionada: 20260912-225324-sinc
Resumen del tracker de tareas (/tmp/tmp.4dSPEQXI4j/tareas):
  Total tareas: 1
  Abiertas:     1
  Cerradas:     0
  Etiquetas:
    · bug: 1
    · sensor: 1
El proyecto no pertenece a un repositorio Git.
  sin repositorio: tareas/20260912-225324-sinc/TAREA.md
  sin repositorio: tareas/20260912-225324-sinc/registro-ejemplo.txt
  sin repositorio: tareas/README.md
Tarea cerrada: 20260912-225324-sinc
20260912-225324-sinc             CERRADA  P50  [bug, sensor]        Desincronización de eventos en sensor
Proyecto de práctica: /tmp/tmp.4dSPEQXI4j
