objetivos: nucleo/relacion.py

     ·  nucleo/relacion.py:62:8:retorno                      retorno: return <algo> → return None
     ·  nucleo/relacion.py:62:15:comparador                  comparador: Eq → NotEq
     ·  nucleo/relacion.py:66:8:retorno                      retorno: return <algo> → return None
     ·  nucleo/relacion.py:66:15:comparador                  comparador: NotEq → Eq
     ·  nucleo/relacion.py:69:8:retorno                      retorno: return <algo> → return None
     ·  nucleo/relacion.py:54:18:constante                   constante: True → False
     ·  nucleo/relacion.py:78:8:retorno                      retorno: return <algo> → return None
     ·  nucleo/relacion.py:72:18:constante                   constante: True → False
     ·  nucleo/relacion.py:94:15:comparador                  comparador: NotIn → In
     ·  nucleo/relacion.py:99:19:comparador                  comparador: NotIn → In
     ·  nucleo/relacion.py:102:8:retorno                     retorno: return <algo> → return None
     ·  nucleo/relacion.py:106:11:booleano                   booleano: and ↔ or
     ·  nucleo/relacion.py:106:11:negacion                   negacion: se borra el `not`
     ·  nucleo/relacion.py:106:38:comparador                 comparador: NotIn → In
     ·  nucleo/relacion.py:106:53:constante                  constante: 4 → 5
     ·  nucleo/relacion.py:106:56:constante                  constante: 5 → 6
     ·  nucleo/relacion.py:106:62:comparador                 comparador: NotEq → Eq
     ·  nucleo/relacion.py:106:64:constante                  constante: 0 → 1
     ·  nucleo/relacion.py:111:11:comparador                 comparador: Eq → NotEq
     ·  nucleo/relacion.py:111:21:constante                  constante: 4 → 5
     ·  nucleo/relacion.py:117:11:booleano                   booleano: and ↔ or
     ·  nucleo/relacion.py:117:11:negacion                   negacion: se borra el `not`
     ·  nucleo/relacion.py:117:42:comparador                 comparador: Is → IsNot
     ·  nucleo/relacion.py:122:11:negacion                   negacion: se borra el `not`
     ·  nucleo/relacion.py:122:16:booleano                   booleano: and ↔ or
     ·  nucleo/relacion.py:122:66:comparador                 comparador: Eq → NotEq
     ·  nucleo/relacion.py:122:78:constante                  constante: 0 → 1
     ·  nucleo/relacion.py:129:47:constante                  constante: 1 → 2
     ·  nucleo/relacion.py:129:58:constante                  constante: 1 → 2
     ·  nucleo/relacion.py:130:15:negacion                   negacion: se borra el `not`
     ·  nucleo/relacion.py:130:20:booleano                   booleano: and ↔ or
     ·  nucleo/relacion.py:130:47:comparador                 comparador: Eq → NotEq
     ·  nucleo/relacion.py:130:60:constante                  constante: 4 → 5
     ·  nucleo/relacion.py:130:66:comparador                 comparador: Eq → NotEq
     ·  nucleo/relacion.py:130:71:constante                  constante: 0 → 1
     ·  nucleo/relacion.py:135:15:booleano                   booleano: and ↔ or
     ·  nucleo/relacion.py:135:15:negacion                   negacion: se borra el `not`
     ·  nucleo/relacion.py:135:48:comparador                 comparador: Is → IsNot
     ·  nucleo/relacion.py:138:15:comparador                 comparador: In → NotIn
     ·  nucleo/relacion.py:143:15:booleano                   booleano: and ↔ or
     ·  nucleo/relacion.py:143:15:negacion                   negacion: se borra el `not`
     ·  nucleo/relacion.py:143:46:comparador                 comparador: NotIn → In
     ·  nucleo/relacion.py:148:15:booleano                   booleano: and ↔ or
     ·  nucleo/relacion.py:148:15:negacion                   negacion: se borra el `not`
     ·  nucleo/relacion.py:148:48:negacion                   negacion: se borra el `not`
     ·  nucleo/relacion.py:154:11:negacion                   negacion: se borra el `not`
     ·  nucleo/relacion.py:161:11:comparador                 comparador: IsNot → Is
     ·  nucleo/relacion.py:162:15:negacion                   negacion: se borra el `not`
     ·  nucleo/relacion.py:162:20:booleano                   booleano: and ↔ or
     ·  nucleo/relacion.py:162:76:comparador                 comparador: Eq → NotEq
     ·  nucleo/relacion.py:162:91:constante                  constante: 0 → 1
     ·  nucleo/relacion.py:165:15:comparador                 comparador: Lt → LtE
     ·  nucleo/relacion.py:165:37:constante                  constante: 3 → 4
     ·  nucleo/relacion.py:169:43:constante                  constante: 1 → 2
     ·  nucleo/relacion.py:170:15:booleano                   booleano: and ↔ or
     ·  nucleo/relacion.py:170:15:negacion                   negacion: se borra el `not`
     ·  nucleo/relacion.py:170:53:comparador                 comparador: NotIn → In
     ·  nucleo/relacion.py:174:57:comparador                 comparador: Eq → NotEq
     ·  nucleo/relacion.py:175:15:comparador                 comparador: NotEq → Eq
     ·  nucleo/relacion.py:182:39:constante                  constante: 2 → 3
     ·  nucleo/relacion.py:184:19:negacion                   negacion: se borra el `not`
     ·  nucleo/relacion.py:184:24:booleano                   booleano: and ↔ or
     ·  nucleo/relacion.py:184:51:comparador                 comparador: GtE → Gt
     ·  nucleo/relacion.py:184:64:constante                  constante: 3 → 4
     ·  nucleo/relacion.py:184:70:comparador                 comparador: Eq → NotEq
     ·  nucleo/relacion.py:184:75:constante                  constante: 0 → 1
     ·  nucleo/relacion.py:188:29:constante                  constante: 1 → 2
     ·  nucleo/relacion.py:189:19:booleano                   booleano: and ↔ or
     ·  nucleo/relacion.py:189:19:negacion                   negacion: se borra el `not`
     ·  nucleo/relacion.py:189:49:negacion                   negacion: se borra el `not`
     ·  nucleo/relacion.py:192:19:comparador                 comparador: In → NotIn
     ·  nucleo/relacion.py:200:35:constante                  constante: 2 → 3
     ·  nucleo/relacion.py:201:23:negacion                   negacion: se borra el `not`
     ·  nucleo/relacion.py:201:28:booleano                   booleano: and ↔ or
     ·  nucleo/relacion.py:201:57:comparador                 comparador: Eq → NotEq
     ·  nucleo/relacion.py:201:72:constante                  constante: 4 → 5
     ·  nucleo/relacion.py:201:78:comparador                 comparador: Eq → NotEq
     ·  nucleo/relacion.py:201:85:constante                  constante: 0 → 1
     ·  nucleo/relacion.py:206:23:booleano                   booleano: and ↔ or
     ·  nucleo/relacion.py:206:23:negacion                   negacion: se borra el `not`
     ·  nucleo/relacion.py:206:57:comparador                 comparador: Is → IsNot
     ·  nucleo/relacion.py:209:23:comparador                 comparador: In → NotIn
     ·  nucleo/relacion.py:212:23:comparador                 comparador: In → NotIn
     ·  nucleo/relacion.py:217:23:booleano                   booleano: and ↔ or
     ·  nucleo/relacion.py:217:23:negacion                   negacion: se borra el `not`
     ·  nucleo/relacion.py:217:55:comparador                 comparador: NotIn → In
     ·  nucleo/relacion.py:222:23:booleano                   booleano: and ↔ or
     ·  nucleo/relacion.py:222:23:negacion                   negacion: se borra el `not`
     ·  nucleo/relacion.py:222:57:negacion                   negacion: se borra el `not`
     ·  nucleo/relacion.py:227:23:comparador                 comparador: In → NotIn
     ·  nucleo/relacion.py:229:27:booleano                   booleano: and ↔ or
     ·  nucleo/relacion.py:229:27:comparador                 comparador: NotEq → Eq
     ·  nucleo/relacion.py:229:51:comparador                 comparador: NotEq → Eq
     ·  nucleo/relacion.py:240:11:negacion                   negacion: se borra el `not`
     ·  nucleo/relacion.py:240:16:booleano                   booleano: and ↔ or
     ·  nucleo/relacion.py:240:51:comparador                 comparador: Eq → NotEq
     ·  nucleo/relacion.py:240:72:constante                  constante: 2 → 3
     ·  nucleo/relacion.py:241:20:comparador                 comparador: Eq → NotEq
     ·  nucleo/relacion.py:241:33:constante                  constante: 0 → 1
     ·  nucleo/relacion.py:242:44:constante                  constante: 1 → 2
     ·  nucleo/relacion.py:242:70:constante                  constante: 1 → 2
     ·  nucleo/relacion.py:246:8:retorno                     retorno: return <algo> → return None
     ·  nucleo/relacion.py:249:33:constante                  constante: 1 → 2
     ·  nucleo/relacion.py:263:8:retorno                     retorno: return <algo> → return None
     ·  nucleo/relacion.py:81:18:constante                   constante: True → False
     ·  nucleo/relacion.py:267:7:booleano                    booleano: and ↔ or
     ·  nucleo/relacion.py:267:7:comparador                  comparador: Eq → NotEq
     ·  nucleo/relacion.py:267:27:constante                  constante: 1 → 2
     ·  nucleo/relacion.py:267:56:constante                  constante: 0 → 1
     ·  nucleo/relacion.py:268:8:retorno                     retorno: return <algo> → return None
     ·  nucleo/relacion.py:268:33:constante                  constante: 0 → 1
     ·  nucleo/relacion.py:269:4:retorno                     retorno: return <algo> → return None
     ·  nucleo/relacion.py:274:7:negacion                    negacion: se borra el `not`
     ·  nucleo/relacion.py:275:8:retorno                     retorno: return <algo> → return None
     ·  nucleo/relacion.py:276:7:booleano                    booleano: and ↔ or
     ·  nucleo/relacion.py:276:28:negacion                   negacion: se borra el `not`
     ·  nucleo/relacion.py:284:11:comparador                 comparador: NotIn → In
     ·  nucleo/relacion.py:293:11:negacion                   negacion: se borra el `not`
     ·  nucleo/relacion.py:296:4:retorno                     retorno: return <algo> → return None
     ·  nucleo/relacion.py:300:4:retorno                     retorno: return <algo> → return None
     ·  nucleo/relacion.py:313:7:comparador                  comparador: In → NotIn
     ·  nucleo/relacion.py:315:12:retorno                    retorno: return <algo> → return None
     ·  nucleo/relacion.py:323:4:retorno                     retorno: return <algo> → return None
     ·  nucleo/relacion.py:331:11:comparador                 comparador: In → NotIn
     ·  nucleo/relacion.py:336:4:retorno                     retorno: return <algo> → return None
     ·  nucleo/relacion.py:343:11:negacion                   negacion: se borra el `not`
     ·  nucleo/relacion.py:343:16:booleano                   booleano: and ↔ or
     ·  nucleo/relacion.py:347:11:negacion                   negacion: se borra el `not`
     ·  nucleo/relacion.py:347:19:booleano                   booleano: and ↔ or
     ·  nucleo/relacion.py:348:23:comparador                 comparador: Eq → NotEq
     ·  nucleo/relacion.py:351:15:negacion                   negacion: se borra el `not`
     ·  nucleo/relacion.py:351:20:booleano                   booleano: and ↔ or
     ·  nucleo/relacion.py:355:15:comparador                 comparador: NotIn → In
     ·  nucleo/relacion.py:359:15:comparador                 comparador: In → NotIn
     ·  nucleo/relacion.py:363:4:retorno                     retorno: return <algo> → return None
     ·  nucleo/relacion.py:368:55:comparador                 comparador: Is → IsNot
     ·  nucleo/relacion.py:368:49:constante                  constante: 1 → 2
     ·  nucleo/relacion.py:372:19:booleano                   booleano: and ↔ or
     ·  nucleo/relacion.py:372:38:negacion                   negacion: se borra el `not`
     ·  nucleo/relacion.py:375:11:comparador                 comparador: NotIn → In
     ·  nucleo/relacion.py:386:4:retorno                     retorno: return <algo> → return None
     ·  nucleo/relacion.py:393:11:negacion                   negacion: se borra el `not`
     ·  nucleo/relacion.py:425:20:comparador                 comparador: Is → IsNot
     ·  nucleo/relacion.py:427:11:booleano                   booleano: and ↔ or
     ·  nucleo/relacion.py:427:11:negacion                   negacion: se borra el `not`
     ·  nucleo/relacion.py:427:42:negacion                   negacion: se borra el `not`
     ·  nucleo/relacion.py:427:64:comparador                 comparador: NotIn → In
     ·  nucleo/relacion.py:429:4:retorno                     retorno: return <algo> → return None
     ·  nucleo/relacion.py:440:4:retorno                     retorno: return <algo> → return None

mutantes: 149 · murieron 149 · sobrevivieron 0 · timeout 0 · errores de arnés 0 · equivalentes declarados: 0
  ✓ proceso.codigo_con_mutante_que_lo_mata       valor 0 (<= 0)
  ✓ proceso.ronda_mutacion_concluyente           valor 0 (<= 0)
  ✗ proceso.test_con_mutante_que_lo_mata         valor 0 (<= 0)
  ✓ proceso.arnes_con_bytecode_frio              valor 0 (<= 0)

Todos los mutantes murieron: los tests fijan el código del núcleo.
