objetivos: tools/aceptacion.py

     ·  tools/aceptacion.py:25:40:constante                  constante: 1 → 2
     ·  tools/aceptacion.py:26:16:constante                  constante: 0 → 1
     ·  tools/aceptacion.py:62:4:retorno                     retorno: return <algo> → return None
     ·  tools/aceptacion.py:62:55:booleano                   booleano: and ↔ or
     ·  tools/aceptacion.py:76:4:retorno                     retorno: return <algo> → return None
     ·  tools/aceptacion.py:86:17:booleano                   booleano: and ↔ or
     ·  tools/aceptacion.py:87:11:comparador                 comparador: In → NotIn
     ·  tools/aceptacion.py:99:4:retorno                     retorno: return <algo> → return None
     ·  tools/aceptacion.py:106:8:retorno                    retorno: return <algo> → return None
     ·  tools/aceptacion.py:106:15:constante                 constante: 1 → 2
     ·  tools/aceptacion.py:110:12:constante                 constante: 0 → 1
     ·  tools/aceptacion.py:111:13:constante                 constante: 0 → 1
     ·  tools/aceptacion.py:117:7:negacion                   negacion: se borra el `not`
     ·  tools/aceptacion.py:119:8:retorno                    retorno: return <algo> → return None
     ·  tools/aceptacion.py:119:15:constante                 constante: 1 → 2
     ·  tools/aceptacion.py:123:11:negacion                  negacion: se borra el `not`
     ·  tools/aceptacion.py:125:15:comparador                comparador: Eq → NotEq
     ·  tools/aceptacion.py:126:80:constante                 constante: 70 → 71
     ·  tools/aceptacion.py:127:17:comparador                comparador: In → NotIn
     ·  tools/aceptacion.py:130:11:comparador                comparador: NotIn → In
     ·  tools/aceptacion.py:134:22:comparador                comparador: Eq → NotEq
     ·  tools/aceptacion.py:141:31:constante                 constante: 0 → 1
     ·  tools/aceptacion.py:142:15:comparador                comparador: NotEq → Eq
     ·  tools/aceptacion.py:154:26:constante                 constante: 1 → 2
     ·  tools/aceptacion.py:157:25:constante                 constante: 1 → 2
     ·  tools/aceptacion.py:230:11:comparador                comparador: In → NotIn
     ·  tools/aceptacion.py:235:11:booleano                  booleano: and ↔ or
     ·  tools/aceptacion.py:235:11:comparador                comparador: In → NotIn
     ·  tools/aceptacion.py:235:33:negacion                  negacion: se borra el `not`
     ·  tools/aceptacion.py:259:22:comparador                comparador: In → NotIn
     ·  tools/aceptacion.py:263:66:comparador                comparador: Eq → NotEq
     ·  tools/aceptacion.py:264:58:comparador                comparador: GtE → Gt
     ·  tools/aceptacion.py:264:75:constante                 constante: 0 → 1
     ·  tools/aceptacion.py:266:35:booleano                  booleano: and ↔ or
     ·  tools/aceptacion.py:273:15:negacion                  negacion: se borra el `not`
     ·  tools/aceptacion.py:295:66:comparador                comparador: In → NotIn
     ·  tools/aceptacion.py:297:11:booleano                  booleano: and ↔ or
     ·  tools/aceptacion.py:300:12:retorno                   retorno: return <algo> → return None
     ·  tools/aceptacion.py:300:19:constante                 constante: 1 → 2
     ·  tools/aceptacion.py:302:45:constante                 constante: False → True
     ·  tools/aceptacion.py:302:59:constante                 constante: 2 → 3
     ·  tools/aceptacion.py:302:72:constante                 constante: True → False
     ·  tools/aceptacion.py:308:8:retorno                    retorno: return <algo> → return None
     ·  tools/aceptacion.py:308:15:constante                 constante: 0 → 1
     ·  tools/aceptacion.py:314:8:retorno                    retorno: return <algo> → return None
     ·  tools/aceptacion.py:314:15:constante                 constante: 1 → 2
     ·  tools/aceptacion.py:317:4:retorno                    retorno: return <algo> → return None
     ·  tools/aceptacion.py:317:11:constante                 constante: 0 → 1
     ·  tools/aceptacion.py:321:32:comparador                comparador: Is → IsNot
     ·  tools/aceptacion.py:321:25:constante                 constante: 1 → 2
     ·  tools/aceptacion.py:322:7:booleano                   booleano: and ↔ or
     ·  tools/aceptacion.py:322:7:comparador                 comparador: In → NotIn
     ·  tools/aceptacion.py:322:23:comparador                comparador: In → NotIn
     ·  tools/aceptacion.py:324:8:retorno                    retorno: return <algo> → return None
     ·  tools/aceptacion.py:324:15:constante                 constante: 0 → 1
     ·  tools/aceptacion.py:331:7:comparador                 comparador: In → NotIn
     ·  tools/aceptacion.py:333:11:comparador                comparador: GtE → Gt
     ·  tools/aceptacion.py:333:15:constante                 constante: 1 → 2
     ·  tools/aceptacion.py:335:12:retorno                   retorno: return <algo> → return None
     ·  tools/aceptacion.py:335:19:constante                 constante: 1 → 2
     ·  tools/aceptacion.py:336:26:constante                 constante: 1 → 2
     ·  tools/aceptacion.py:337:23:constante                 constante: 2 → 3
     ·  tools/aceptacion.py:339:7:comparador                 comparador: In → NotIn
     ·  tools/aceptacion.py:341:11:comparador                comparador: GtE → Gt
     ·  tools/aceptacion.py:341:15:constante                 constante: 1 → 2
     ·  tools/aceptacion.py:343:12:retorno                   retorno: return <algo> → return None
     ·  tools/aceptacion.py:343:19:constante                 constante: 1 → 2
     ·  tools/aceptacion.py:344:41:constante                 constante: 1 → 2
     ·  tools/aceptacion.py:345:23:constante                 constante: 2 → 3
     ·  tools/aceptacion.py:346:11:negacion                  negacion: se borra el `not`
     ·  tools/aceptacion.py:348:12:retorno                   retorno: return <algo> → return None
     ·  tools/aceptacion.py:348:19:constante                 constante: 1 → 2
     ·  tools/aceptacion.py:350:7:comparador                 comparador: Is → IsNot
     ·  tools/aceptacion.py:351:8:retorno                    retorno: return <algo> → return None
     ·  tools/aceptacion.py:351:15:constante                 constante: 1 → 2
     ·  tools/aceptacion.py:354:12:retorno                   retorno: return <algo> → return None
     ·  tools/aceptacion.py:357:8:retorno                    retorno: return <algo> → return None
     ·  tools/aceptacion.py:357:15:constante                 constante: 1 → 2

mutantes: 78 · murieron 78 · sobrevivieron 0 · timeout 0 · errores de arnés 0 · equivalentes declarados: 0
  ✓ proceso.codigo_con_mutante_que_lo_mata       valor 0 (<= 0)
  ✓ proceso.ronda_mutacion_concluyente           valor 0 (<= 0)
  ✗ proceso.test_con_mutante_que_lo_mata         valor 0 (<= 0)
  ✓ proceso.arnes_con_bytecode_frio              valor 0 (<= 0)

Todos los mutantes murieron: los tests fijan el código del núcleo.
