objetivos: tools/tareas_git.py

     ·  tools/tareas_git.py:17:18:negacion                   negacion: se borra el `not`
     ·  tools/tareas_git.py:20:8:retorno                     retorno: return <algo> → return None
     ·  tools/tareas_git.py:23:40:constante                  constante: True → False
     ·  tools/tareas_git.py:23:54:constante                  constante: 30 → 31
     ·  tools/tareas_git.py:36:4:retorno                     retorno: return <algo> → return None
     ·  tools/tareas_git.py:40:4:retorno                     retorno: return <algo> → return None
     ·  tools/tareas_git.py:54:15:comparador                 comparador: In → NotIn
     ·  tools/tareas_git.py:60:15:booleano                   booleano: and ↔ or
     ·  tools/tareas_git.py:67:4:retorno                     retorno: return <algo> → return None
     ·  tools/tareas_git.py:85:11:comparador                 comparador: In → NotIn
     ·  tools/tareas_git.py:92:11:comparador                 comparador: In → NotIn
     ·  tools/tareas_git.py:93:12:retorno                    retorno: return <algo> → return None
     ·  tools/tareas_git.py:101:4:retorno                    retorno: return <algo> → return None
     ·  tools/tareas_git.py:111:4:retorno                    retorno: return <algo> → return None
     ·  tools/tareas_git.py:111:11:booleano                  booleano: and ↔ or
     ·  tools/tareas_git.py:111:11:comparador                comparador: Eq → NotEq
     ·  tools/tareas_git.py:111:35:constante                 constante: 0 → 1
     ·  tools/tareas_git.py:111:41:comparador                comparador: Eq → NotEq
     ·  tools/tareas_git.py:117:7:booleano                   booleano: and ↔ or
     ·  tools/tareas_git.py:117:31:negacion                  negacion: se borra el `not`
     ·  tools/tareas_git.py:122:11:comparador                comparador: In → NotIn
     ·  tools/tareas_git.py:123:12:retorno                   retorno: return <algo> → return None
     ·  tools/tareas_git.py:134:20:comparador                comparador: Eq → NotEq
     ·  tools/tareas_git.py:141:15:negacion                  negacion: se borra el `not`
     ·  tools/tareas_git.py:144:15:comparador                comparador: NotIn → In
     ·  tools/tareas_git.py:146:8:retorno                    retorno: return <algo> → return None
     ·  tools/tareas_git.py:154:7:comparador                 comparador: NotIn → In
     ·  tools/tareas_git.py:154:41:constante                 constante: 0 → 1
     ·  tools/tareas_git.py:154:44:constante                 constante: 1 → 2
     ·  tools/tareas_git.py:156:60:negacion                  negacion: se borra el `not`
     ·  tools/tareas_git.py:164:11:negacion                  negacion: se borra el `not`
     ·  tools/tareas_git.py:166:38:constante                 constante: 3 → 4
     ·  tools/tareas_git.py:169:62:constante                 constante: 2 → 3
     ·  tools/tareas_git.py:174:41:comparador                comparador: NotEq → Eq
     ·  tools/tareas_git.py:175:19:booleano                  booleano: and ↔ or
     ·  tools/tareas_git.py:175:19:comparador                comparador: In → NotIn
     ·  tools/tareas_git.py:175:41:comparador                comparador: NotIn → In
     ·  tools/tareas_git.py:178:13:booleano                  booleano: and ↔ or
     ·  tools/tareas_git.py:178:13:comparador                comparador: NotIn → In
     ·  tools/tareas_git.py:178:36:comparador                comparador: NotIn → In
     ·  tools/tareas_git.py:180:13:comparador                comparador: NotEq → Eq
     ·  tools/tareas_git.py:184:70:comparador                comparador: In → NotIn
     ·  tools/tareas_git.py:185:36:comparador                comparador: In → NotIn
     ·  tools/tareas_git.py:185:67:comparador                comparador: In → NotIn
     ·  tools/tareas_git.py:186:60:constante                 constante: 0 → 1
     ·  tools/tareas_git.py:186:78:constante                 constante: 1 → 2
     ·  tools/tareas_git.py:188:4:retorno                    retorno: return <algo> → return None
     ·  tools/tareas_git.py:204:8:retorno                    retorno: return <algo> → return None
     ·  tools/tareas_git.py:204:15:constante                 constante: 1 → 2
     ·  tools/tareas_git.py:207:9:comparador                 comparador: Is → IsNot
     ·  tools/tareas_git.py:212:62:booleano                  booleano: and ↔ or
     ·  tools/tareas_git.py:219:4:retorno                    retorno: return <algo> → return None
     ·  tools/tareas_git.py:219:11:constante                 constante: 0 → 1

mutantes: 53 · murieron 53 · sobrevivieron 0 · timeout 0 · errores de arnés 0 · equivalentes declarados: 0
  ✓ proceso.codigo_con_mutante_que_lo_mata       valor 0 (<= 0)
  ✓ proceso.ronda_mutacion_concluyente           valor 0 (<= 0)
  ✗ proceso.test_con_mutante_que_lo_mata         valor 0 (<= 0)
  ✓ proceso.arnes_con_bytecode_frio              valor 0 (<= 0)

Todos los mutantes murieron: los tests fijan el código del núcleo.
